
*** Running vivado
    with args -log top_uart.vds -m64 -product Vivado -mode batch -messageDb vivado.pb -notrace -source top_uart.tcl


****** Vivado v2025.1 (64-bit)
  **** SW Build 6140274 on Wed May 21 22:58:25 MDT 2025
  **** IP Build 6138677 on Thu May 22 03:10:11 MDT 2025
  **** SharedData Build 6139179 on Tue May 20 17:58:58 MDT 2025
  **** Start of session at: Sun May 10 23:37:34 2026
    ** Copyright 1986-2022 Xilinx, Inc. All Rights Reserved.
    ** Copyright 2022-2025 Advanced Micro Devices, Inc. All Rights Reserved.

source top_uart.tcl -notrace
Command: read_checkpoint -auto_incremental -incremental /home/szymon/Desktop/magister/base_RTL/project_1.srcs/utils_1/imports/synth_1/oscillator.dcp
INFO: [Vivado 12-5825] Read reference checkpoint from /home/szymon/Desktop/magister/base_RTL/project_1.srcs/utils_1/imports/synth_1/oscillator.dcp for incremental synthesis
INFO: [Vivado 12-7989] Please ensure there are no constraint changes
Command: synth_design -top top_uart -part xc7z007sclg400-1
Starting synth_design
Attempting to get a license for feature 'Synthesis' and/or device 'xc7z007s'
INFO: [Common 17-349] Got license for feature 'Synthesis' and/or device 'xc7z007s'
INFO: [Device 21-403] Loading part xc7z007sclg400-1
INFO: [Designutils 20-5440] No compile time benefit to using incremental synthesis; A full resynthesis will be run
INFO: [Designutils 20-4379] Flow is switching to default flow due to incremental criteria not met. If you would like to alter this behaviour and have the flow terminate instead, please set the following parameter config_implementation {autoIncr.Synth.RejectBehavior Terminate}
INFO: [Synth 8-7079] Multithreading enabled for synth_design using a maximum of 7 processes.
INFO: [Synth 8-7078] Launching helper process for spawning children vivado processes
INFO: [Synth 8-7075] Helper process launched with PID 49907
---------------------------------------------------------------------------------
Starting RTL Elaboration : Time (s): cpu = 00:00:04 ; elapsed = 00:00:04 . Memory (MB): peak = 2124.672 ; gain = 439.797 ; free physical = 5284 ; free virtual = 7556
---------------------------------------------------------------------------------
INFO: [Synth 8-638] synthesizing module 'top_uart' [/home/szymon/Desktop/magister/base_RTL/project_1.srcs/sources_1/new/top_uart.vhd:12]
INFO: [Synth 8-638] synthesizing module 'neoTRNG' [/home/szymon/Desktop/magister/base_RTL/project_1.srcs/sources_1/imports/rtl/neoTRNG.vhd:23]
	Parameter NUM_CELLS bound to: 3 - type: integer 
	Parameter NUM_INV_START bound to: 5 - type: integer 
	Parameter NUM_RAW_BITS bound to: 64 - type: integer 
	Parameter SIM_MODE bound to: 0 - type: bool 
	Parameter ENABLE_VON_NEUMANN bound to: 0 - type: bool 
	Parameter ENABLE_CRC bound to: 0 - type: bool 
	Parameter NUM_INV bound to: 5 - type: integer 
	Parameter SIM_MODE bound to: 0 - type: bool 
INFO: [Synth 8-3491] module 'neoTRNG_cell' declared at '/home/szymon/Desktop/magister/base_RTL/project_1.srcs/sources_1/imports/rtl/neoTRNG.vhd:199' bound to instance 'neoTRNG_cell_inst' of component 'neoTRNG_cell' [/home/szymon/Desktop/magister/base_RTL/project_1.srcs/sources_1/imports/rtl/neoTRNG.vhd:92]
INFO: [Synth 8-638] synthesizing module 'neoTRNG_cell' [/home/szymon/Desktop/magister/base_RTL/project_1.srcs/sources_1/imports/rtl/neoTRNG.vhd:213]
	Parameter NUM_INV bound to: 5 - type: integer 
	Parameter SIM_MODE bound to: 0 - type: bool 
INFO: [Synth 8-256] done synthesizing module 'neoTRNG_cell' (0#1) [/home/szymon/Desktop/magister/base_RTL/project_1.srcs/sources_1/imports/rtl/neoTRNG.vhd:213]
	Parameter NUM_INV bound to: 7 - type: integer 
	Parameter SIM_MODE bound to: 0 - type: bool 
INFO: [Synth 8-3491] module 'neoTRNG_cell' declared at '/home/szymon/Desktop/magister/base_RTL/project_1.srcs/sources_1/imports/rtl/neoTRNG.vhd:199' bound to instance 'neoTRNG_cell_inst' of component 'neoTRNG_cell' [/home/szymon/Desktop/magister/base_RTL/project_1.srcs/sources_1/imports/rtl/neoTRNG.vhd:92]
INFO: [Synth 8-638] synthesizing module 'neoTRNG_cell__parameterized1' [/home/szymon/Desktop/magister/base_RTL/project_1.srcs/sources_1/imports/rtl/neoTRNG.vhd:213]
	Parameter NUM_INV bound to: 7 - type: integer 
	Parameter SIM_MODE bound to: 0 - type: bool 
INFO: [Synth 8-256] done synthesizing module 'neoTRNG_cell__parameterized1' (0#1) [/home/szymon/Desktop/magister/base_RTL/project_1.srcs/sources_1/imports/rtl/neoTRNG.vhd:213]
	Parameter NUM_INV bound to: 9 - type: integer 
	Parameter SIM_MODE bound to: 0 - type: bool 
INFO: [Synth 8-3491] module 'neoTRNG_cell' declared at '/home/szymon/Desktop/magister/base_RTL/project_1.srcs/sources_1/imports/rtl/neoTRNG.vhd:199' bound to instance 'neoTRNG_cell_inst' of component 'neoTRNG_cell' [/home/szymon/Desktop/magister/base_RTL/project_1.srcs/sources_1/imports/rtl/neoTRNG.vhd:92]
INFO: [Synth 8-638] synthesizing module 'neoTRNG_cell__parameterized3' [/home/szymon/Desktop/magister/base_RTL/project_1.srcs/sources_1/imports/rtl/neoTRNG.vhd:213]
	Parameter NUM_INV bound to: 9 - type: integer 
	Parameter SIM_MODE bound to: 0 - type: bool 
INFO: [Synth 8-256] done synthesizing module 'neoTRNG_cell__parameterized3' (0#1) [/home/szymon/Desktop/magister/base_RTL/project_1.srcs/sources_1/imports/rtl/neoTRNG.vhd:213]
INFO: [Synth 8-256] done synthesizing module 'neoTRNG' (0#1) [/home/szymon/Desktop/magister/base_RTL/project_1.srcs/sources_1/imports/rtl/neoTRNG.vhd:23]
INFO: [Synth 8-256] done synthesizing module 'top_uart' (0#1) [/home/szymon/Desktop/magister/base_RTL/project_1.srcs/sources_1/new/top_uart.vhd:12]
WARNING: [Synth 8-6014] Unused sequential element debias_state_reg was removed.  [/home/szymon/Desktop/magister/base_RTL/project_1.srcs/sources_1/imports/rtl/neoTRNG.vhd:124]
WARNING: [Synth 8-6014] Unused sequential element sample_cnt_reg was removed.  [/home/szymon/Desktop/magister/base_RTL/project_1.srcs/sources_1/imports/rtl/neoTRNG.vhd:155]
---------------------------------------------------------------------------------
Finished RTL Elaboration : Time (s): cpu = 00:00:05 ; elapsed = 00:00:05 . Memory (MB): peak = 2199.641 ; gain = 514.766 ; free physical = 5195 ; free virtual = 7471
---------------------------------------------------------------------------------
---------------------------------------------------------------------------------
Start Handling Custom Attributes
---------------------------------------------------------------------------------
---------------------------------------------------------------------------------
Finished Handling Custom Attributes : Time (s): cpu = 00:00:05 ; elapsed = 00:00:05 . Memory (MB): peak = 2217.453 ; gain = 532.578 ; free physical = 5192 ; free virtual = 7467
---------------------------------------------------------------------------------
---------------------------------------------------------------------------------
Finished RTL Optimization Phase 1 : Time (s): cpu = 00:00:05 ; elapsed = 00:00:05 . Memory (MB): peak = 2217.453 ; gain = 532.578 ; free physical = 5192 ; free virtual = 7467
---------------------------------------------------------------------------------
Netlist sorting complete. Time (s): cpu = 00:00:00 ; elapsed = 00:00:00 . Memory (MB): peak = 2223.391 ; gain = 0.000 ; free physical = 5184 ; free virtual = 7460
INFO: [Project 1-570] Preparing netlist for logic optimization

Processing XDC Constraints
Initializing timing engine
Parsing XDC File [/home/szymon/Desktop/magister/base_RTL/project_1.srcs/constrs_1/new/physical.xdc]
Finished Parsing XDC File [/home/szymon/Desktop/magister/base_RTL/project_1.srcs/constrs_1/new/physical.xdc]
INFO: [Project 1-236] Implementation specific constraints were found while reading constraint file [/home/szymon/Desktop/magister/base_RTL/project_1.srcs/constrs_1/new/physical.xdc]. These constraints will be ignored for synthesis but will be used in implementation. Impacted constraints are listed in the file [.Xil/top_uart_propImpl.xdc].
Resolution: To avoid this warning, move constraints listed in [.Xil/top_uart_propImpl.xdc] to another XDC file and exclude this new file from synthesis with the used_in_synthesis property (File Properties dialog in GUI) and re-run elaboration/synthesis.
Parsing XDC File [/home/szymon/Desktop/magister/base_RTL/project_1.srcs/constrs_1/new/pblocks.xdc]
Finished Parsing XDC File [/home/szymon/Desktop/magister/base_RTL/project_1.srcs/constrs_1/new/pblocks.xdc]
INFO: [Project 1-236] Implementation specific constraints were found while reading constraint file [/home/szymon/Desktop/magister/base_RTL/project_1.srcs/constrs_1/new/pblocks.xdc]. These constraints will be ignored for synthesis but will be used in implementation. Impacted constraints are listed in the file [.Xil/top_uart_propImpl.xdc].
Resolution: To avoid this warning, move constraints listed in [.Xil/top_uart_propImpl.xdc] to another XDC file and exclude this new file from synthesis with the used_in_synthesis property (File Properties dialog in GUI) and re-run elaboration/synthesis.
Completed Processing XDC Constraints

Netlist sorting complete. Time (s): cpu = 00:00:00 ; elapsed = 00:00:00 . Memory (MB): peak = 2342.191 ; gain = 0.000 ; free physical = 5195 ; free virtual = 7471
INFO: [Project 1-111] Unisim Transformation Summary:
No Unisim elements were transformed.

Constraint Validation Runtime : Time (s): cpu = 00:00:00 ; elapsed = 00:00:00 . Memory (MB): peak = 2342.227 ; gain = 0.000 ; free physical = 5195 ; free virtual = 7471
INFO: [Designutils 20-5440] No compile time benefit to using incremental synthesis; A full resynthesis will be run
INFO: [Designutils 20-4379] Flow is switching to default flow due to incremental criteria not met. If you would like to alter this behaviour and have the flow terminate instead, please set the following parameter config_implementation {autoIncr.Synth.RejectBehavior Terminate}
---------------------------------------------------------------------------------
Finished Constraint Validation : Time (s): cpu = 00:00:11 ; elapsed = 00:00:11 . Memory (MB): peak = 2342.227 ; gain = 657.352 ; free physical = 5220 ; free virtual = 7502
---------------------------------------------------------------------------------
---------------------------------------------------------------------------------
Start Loading Part and Timing Information
---------------------------------------------------------------------------------
Loading part: xc7z007sclg400-1
---------------------------------------------------------------------------------
Finished Loading Part and Timing Information : Time (s): cpu = 00:00:11 ; elapsed = 00:00:11 . Memory (MB): peak = 2350.195 ; gain = 665.320 ; free physical = 5222 ; free virtual = 7503
---------------------------------------------------------------------------------
---------------------------------------------------------------------------------
Start Applying 'set_property' XDC Constraints
---------------------------------------------------------------------------------
---------------------------------------------------------------------------------
Finished applying 'set_property' XDC Constraints : Time (s): cpu = 00:00:11 ; elapsed = 00:00:11 . Memory (MB): peak = 2350.195 ; gain = 665.320 ; free physical = 5223 ; free virtual = 7503
---------------------------------------------------------------------------------
---------------------------------------------------------------------------------
Finished RTL Optimization Phase 2 : Time (s): cpu = 00:00:11 ; elapsed = 00:00:12 . Memory (MB): peak = 2350.195 ; gain = 665.320 ; free physical = 5220 ; free virtual = 7501
---------------------------------------------------------------------------------
---------------------------------------------------------------------------------
Start RTL Component Statistics 
---------------------------------------------------------------------------------
Detailed RTL Component Info : 
+---Adders : 
	   2 Input    8 Bit       Adders := 1     
	   2 Input    5 Bit       Adders := 1     
	   2 Input    4 Bit       Adders := 1     
+---XORs : 
	   3 Input      1 Bit         XORs := 1     
+---Registers : 
	                9 Bit    Registers := 1     
	                8 Bit    Registers := 3     
	                7 Bit    Registers := 1     
	                5 Bit    Registers := 1     
	                4 Bit    Registers := 1     
	                2 Bit    Registers := 3     
	                1 Bit    Registers := 3     
+---Muxes : 
	   2 Input    1 Bit        Muxes := 23    
	   4 Input    1 Bit        Muxes := 1     
---------------------------------------------------------------------------------
Finished RTL Component Statistics 
---------------------------------------------------------------------------------
---------------------------------------------------------------------------------
Start Part Resource Summary
---------------------------------------------------------------------------------
Part Resources:
DSPs: 66 (col length:40)
BRAMs: 100 (col length: RAMB18 40 RAMB36 20)
---------------------------------------------------------------------------------
Finished Part Resource Summary
---------------------------------------------------------------------------------
---------------------------------------------------------------------------------
Start Cross Boundary and Area Optimization
---------------------------------------------------------------------------------
WARNING: [Synth 8-7080] Parallel synthesis criteria is not met
---------------------------------------------------------------------------------
Finished Cross Boundary and Area Optimization : Time (s): cpu = 00:00:13 ; elapsed = 00:00:13 . Memory (MB): peak = 2350.195 ; gain = 665.320 ; free physical = 5230 ; free virtual = 7520
---------------------------------------------------------------------------------
---------------------------------------------------------------------------------
Start Applying XDC Timing Constraints
---------------------------------------------------------------------------------
---------------------------------------------------------------------------------
Finished Applying XDC Timing Constraints : Time (s): cpu = 00:00:18 ; elapsed = 00:00:18 . Memory (MB): peak = 2387.195 ; gain = 702.320 ; free physical = 5122 ; free virtual = 7428
---------------------------------------------------------------------------------
---------------------------------------------------------------------------------
Start Timing Optimization
---------------------------------------------------------------------------------
---------------------------------------------------------------------------------
Finished Timing Optimization : Time (s): cpu = 00:00:18 ; elapsed = 00:00:18 . Memory (MB): peak = 2387.195 ; gain = 702.320 ; free physical = 5122 ; free virtual = 7428
---------------------------------------------------------------------------------
---------------------------------------------------------------------------------
Start Technology Mapping
---------------------------------------------------------------------------------
---------------------------------------------------------------------------------
Finished Technology Mapping : Time (s): cpu = 00:00:18 ; elapsed = 00:00:18 . Memory (MB): peak = 2397.211 ; gain = 712.336 ; free physical = 5114 ; free virtual = 7421
---------------------------------------------------------------------------------
---------------------------------------------------------------------------------
Start IO Insertion
---------------------------------------------------------------------------------
---------------------------------------------------------------------------------
Start Flattening Before IO Insertion
---------------------------------------------------------------------------------
---------------------------------------------------------------------------------
Finished Flattening Before IO Insertion
---------------------------------------------------------------------------------
---------------------------------------------------------------------------------
Start Final Netlist Cleanup
---------------------------------------------------------------------------------
---------------------------------------------------------------------------------
Finished Final Netlist Cleanup
---------------------------------------------------------------------------------
---------------------------------------------------------------------------------
Finished IO Insertion : Time (s): cpu = 00:00:21 ; elapsed = 00:00:22 . Memory (MB): peak = 2572.023 ; gain = 887.148 ; free physical = 4936 ; free virtual = 7250
---------------------------------------------------------------------------------
---------------------------------------------------------------------------------
Start Renaming Generated Instances
---------------------------------------------------------------------------------
---------------------------------------------------------------------------------
Finished Renaming Generated Instances : Time (s): cpu = 00:00:21 ; elapsed = 00:00:22 . Memory (MB): peak = 2572.023 ; gain = 887.148 ; free physical = 4936 ; free virtual = 7250
---------------------------------------------------------------------------------
---------------------------------------------------------------------------------
Start Rebuilding User Hierarchy
---------------------------------------------------------------------------------
---------------------------------------------------------------------------------
Finished Rebuilding User Hierarchy : Time (s): cpu = 00:00:21 ; elapsed = 00:00:22 . Memory (MB): peak = 2572.023 ; gain = 887.148 ; free physical = 4936 ; free virtual = 7250
---------------------------------------------------------------------------------
---------------------------------------------------------------------------------
Start Renaming Generated Ports
---------------------------------------------------------------------------------
---------------------------------------------------------------------------------
Finished Renaming Generated Ports : Time (s): cpu = 00:00:21 ; elapsed = 00:00:22 . Memory (MB): peak = 2572.023 ; gain = 887.148 ; free physical = 4936 ; free virtual = 7250
---------------------------------------------------------------------------------
---------------------------------------------------------------------------------
Start Handling Custom Attributes
---------------------------------------------------------------------------------
---------------------------------------------------------------------------------
Finished Handling Custom Attributes : Time (s): cpu = 00:00:21 ; elapsed = 00:00:22 . Memory (MB): peak = 2572.023 ; gain = 887.148 ; free physical = 4936 ; free virtual = 7250
---------------------------------------------------------------------------------
---------------------------------------------------------------------------------
Start Renaming Generated Nets
---------------------------------------------------------------------------------
---------------------------------------------------------------------------------
Finished Renaming Generated Nets : Time (s): cpu = 00:00:21 ; elapsed = 00:00:22 . Memory (MB): peak = 2572.023 ; gain = 887.148 ; free physical = 4936 ; free virtual = 7250
---------------------------------------------------------------------------------
---------------------------------------------------------------------------------
Start Writing Synthesis Report
---------------------------------------------------------------------------------

Report BlackBoxes: 
+-+--------------+----------+
| |BlackBox name |Instances |
+-+--------------+----------+
+-+--------------+----------+

Report Cell Usage: 
+------+-----+------+
|      |Cell |Count |
+------+-----+------+
|1     |BUFG |     1|
|2     |LUT1 |    66|
|3     |LUT2 |     4|
|4     |LUT3 |     6|
|5     |LUT4 |     4|
|6     |LUT5 |     1|
|7     |LUT6 |     6|
|8     |FDRE |    35|
|9     |FDSE |     1|
|10    |IBUF |     1|
|11    |OBUF |     1|
+------+-----+------+
---------------------------------------------------------------------------------
Finished Writing Synthesis Report : Time (s): cpu = 00:00:21 ; elapsed = 00:00:22 . Memory (MB): peak = 2572.023 ; gain = 887.148 ; free physical = 4936 ; free virtual = 7250
---------------------------------------------------------------------------------
Synthesis finished with 0 errors, 0 critical warnings and 1 warnings.
Synthesis Optimization Runtime : Time (s): cpu = 00:00:20 ; elapsed = 00:00:20 . Memory (MB): peak = 2572.023 ; gain = 762.375 ; free physical = 4936 ; free virtual = 7250
Synthesis Optimization Complete : Time (s): cpu = 00:00:21 ; elapsed = 00:00:22 . Memory (MB): peak = 2572.031 ; gain = 887.148 ; free physical = 4936 ; free virtual = 7250
INFO: [Project 1-571] Translating synthesized netlist
Netlist sorting complete. Time (s): cpu = 00:00:00 ; elapsed = 00:00:00 . Memory (MB): peak = 2572.031 ; gain = 0.000 ; free physical = 4936 ; free virtual = 7250
INFO: [Project 1-570] Preparing netlist for logic optimization
INFO: [Opt 31-138] Pushed 0 inverter(s) to 0 load pin(s).
Netlist sorting complete. Time (s): cpu = 00:00:00 ; elapsed = 00:00:00 . Memory (MB): peak = 2628.051 ; gain = 0.000 ; free physical = 5099 ; free virtual = 7413
INFO: [Project 1-111] Unisim Transformation Summary:
No Unisim elements were transformed.

Synth Design complete | Checksum: e5dbf78a
INFO: [Common 17-83] Releasing license: Synthesis
33 Infos, 3 Warnings, 0 Critical Warnings and 0 Errors encountered.
synth_design completed successfully
synth_design: Time (s): cpu = 00:00:29 ; elapsed = 00:00:27 . Memory (MB): peak = 2628.086 ; gain = 1093.594 ; free physical = 5099 ; free virtual = 7413
INFO: [Common 17-2834] synth_design peak Physical Memory [PSS] (MB): overall = 2028.473; main = 1913.805; forked = 315.992
INFO: [Common 17-2834] synth_design peak Virtual Memory [VSS] (MB): overall = 3445.098; main = 2628.055; forked = 963.883
Write ShapeDB Complete: Time (s): cpu = 00:00:00 ; elapsed = 00:00:00 . Memory (MB): peak = 2652.062 ; gain = 0.000 ; free physical = 5099 ; free virtual = 7413
INFO: [Common 17-1381] The checkpoint '/home/szymon/Desktop/magister/base_RTL/project_1.runs/synth_1/top_uart.dcp' has been generated.
INFO: [Vivado 12-24828] Executing command : report_utilization -file top_uart_utilization_synth.rpt -pb top_uart_utilization_synth.pb
INFO: [Common 17-206] Exiting Vivado at Sun May 10 23:38:05 2026...
