Copyright 1986-2022 Xilinx, Inc. All Rights Reserved. Copyright 2022-2025 Advanced Micro Devices, Inc. All Rights Reserved.
------------------------------------------------------------------------------------------------------------------------------------------------------------------------------------------------------------------------------------
| Tool Version : Vivado v.2025.1 (lin64) Build 6140274 Wed May 21 22:58:25 MDT 2025
| Date         : Sat May  2 22:31:04 2026
| Host         : szymon running 64-bit Ubuntu 24.04.4 LTS
| Command      : report_timing_summary -max_paths 10 -routable_nets -report_unconstrained -file top_uart_timing_summary_routed.rpt -pb top_uart_timing_summary_routed.pb -rpx top_uart_timing_summary_routed.rpx -warn_on_violation
| Design       : top_uart
| Device       : 7z007s-clg400
| Speed File   : -1  PRODUCTION 1.12 2019-11-22
| Design State : Routed
------------------------------------------------------------------------------------------------------------------------------------------------------------------------------------------------------------------------------------

Timing Summary Report

------------------------------------------------------------------------------------------------
| Timer Settings
| --------------
------------------------------------------------------------------------------------------------

  Enable Multi Corner Analysis               :  Yes
  Enable Pessimism Removal                   :  Yes
  Pessimism Removal Resolution               :  Nearest Common Node
  Enable Input Delay Default Clock           :  No
  Enable Preset / Clear Arcs                 :  No
  Disable Flight Delays                      :  No
  Ignore I/O Paths                           :  No
  Timing Early Launch at Borrowing Latches   :  No
  Borrow Time for Max Delay Exceptions       :  Yes
  Merge Timing Exceptions                    :  Yes
  Inter-SLR Compensation                     :  Conservative

  Corner  Analyze    Analyze    
  Name    Max Paths  Min Paths  
  ------  ---------  ---------  
  Slow    Yes        Yes        
  Fast    Yes        Yes        


------------------------------------------------------------------------------------------------
| Report Methodology
| ------------------
------------------------------------------------------------------------------------------------

Rule       Severity          Description                  Violations  
---------  ----------------  ---------------------------  ----------  
TIMING-17  Critical Warning  Non-clocked sequential cell  36          
TIMING-23  Warning           Combinational loop found     3           

Note: This report is based on the most recent report_methodology run and may not be up-to-date. Run report_methodology on the current design for the latest report.



check_timing report

Table of Contents
-----------------
1. checking no_clock (36)
2. checking constant_clock (0)
3. checking pulse_width_clock (0)
4. checking unconstrained_internal_endpoints (69)
5. checking no_input_delay (0)
6. checking no_output_delay (1)
7. checking multiple_clock (0)
8. checking generated_clocks (0)
9. checking loops (3)
10. checking partial_input_delay (0)
11. checking partial_output_delay (0)
12. checking latch_loops (0)

1. checking no_clock (36)
-------------------------
 There are 36 register/latch pins with no clock driven by root clock pin: clk (HIGH)


2. checking constant_clock (0)
------------------------------
 There are 0 register/latch pins with constant_clock.


3. checking pulse_width_clock (0)
---------------------------------
 There are 0 register/latch pins which need pulse_width check


4. checking unconstrained_internal_endpoints (69)
-------------------------------------------------
 There are 69 pins that are not constrained for maximum delay. (HIGH)

 There are 0 pins that are not constrained for maximum delay due to constant clock.


5. checking no_input_delay (0)
------------------------------
 There are 0 input ports with no input delay specified.

 There are 0 input ports with no input delay but user has a false path constraint.


6. checking no_output_delay (1)
-------------------------------
 There is 1 port with no output delay specified. (HIGH)

 There are 0 ports with no output delay but user has a false path constraint

 There are 0 ports with no output delay but with a timing clock defined on it or propagating through it


7. checking multiple_clock (0)
------------------------------
 There are 0 register/latch pins with multiple clocks.


8. checking generated_clocks (0)
--------------------------------
 There are 0 generated clocks that are not connected to a clock source.


9. checking loops (3)
---------------------
 There are 3 combinational loops in the design. (HIGH)


10. checking partial_input_delay (0)
------------------------------------
 There are 0 input ports with partial input delay specified.


11. checking partial_output_delay (0)
-------------------------------------
 There are 0 ports with partial output delay specified.


12. checking latch_loops (0)
----------------------------
 There are 0 combinational latch loops in the design through latch input



------------------------------------------------------------------------------------------------
| Design Timing Summary
| ---------------------
------------------------------------------------------------------------------------------------

    WNS(ns)      TNS(ns)  TNS Failing Endpoints  TNS Total Endpoints      WHS(ns)      THS(ns)  THS Failing Endpoints  THS Total Endpoints     WPWS(ns)     TPWS(ns)  TPWS Failing Endpoints  TPWS Total Endpoints  
    -------      -------  ---------------------  -------------------      -------      -------  ---------------------  -------------------     --------     --------  ----------------------  --------------------  
        inf        0.000                      0                   70          inf        0.000                      0                   70           NA           NA                      NA                    NA  


There are no user specified timing constraints.


------------------------------------------------------------------------------------------------
| Clock Summary
| -------------
------------------------------------------------------------------------------------------------


------------------------------------------------------------------------------------------------
| Intra Clock Table
| -----------------
------------------------------------------------------------------------------------------------

Clock             WNS(ns)      TNS(ns)  TNS Failing Endpoints  TNS Total Endpoints      WHS(ns)      THS(ns)  THS Failing Endpoints  THS Total Endpoints     WPWS(ns)     TPWS(ns)  TPWS Failing Endpoints  TPWS Total Endpoints  
-----             -------      -------  ---------------------  -------------------      -------      -------  ---------------------  -------------------     --------     --------  ----------------------  --------------------  


------------------------------------------------------------------------------------------------
| Inter Clock Table
| -----------------
------------------------------------------------------------------------------------------------

From Clock    To Clock          WNS(ns)      TNS(ns)  TNS Failing Endpoints  TNS Total Endpoints      WHS(ns)      THS(ns)  THS Failing Endpoints  THS Total Endpoints  
----------    --------          -------      -------  ---------------------  -------------------      -------      -------  ---------------------  -------------------  


------------------------------------------------------------------------------------------------
| Other Path Groups Table
| -----------------------
------------------------------------------------------------------------------------------------

Path Group    From Clock    To Clock          WNS(ns)      TNS(ns)  TNS Failing Endpoints  TNS Total Endpoints      WHS(ns)      THS(ns)  THS Failing Endpoints  THS Total Endpoints  
----------    ----------    --------          -------      -------  ---------------------  -------------------      -------      -------  ---------------------  -------------------  


------------------------------------------------------------------------------------------------
| User Ignored Path Table
| -----------------------
------------------------------------------------------------------------------------------------

Path Group    From Clock    To Clock    
----------    ----------    --------    


------------------------------------------------------------------------------------------------
| Unconstrained Path Table
| ------------------------
------------------------------------------------------------------------------------------------

Path Group    From Clock    To Clock    
----------    ----------    --------    
(none)                                    


------------------------------------------------------------------------------------------------
| Timing Details
| --------------
------------------------------------------------------------------------------------------------


--------------------------------------------------------------------------------------
Path Group:  (none)
From Clock:  
  To Clock:  

Max Delay            70 Endpoints
Min Delay            70 Endpoints
--------------------------------------------------------------------------------------


Max Delay Paths
--------------------------------------------------------------------------------------
Slack:                    inf
  Source:                 tx_reg_reg/C
                            (rising edge-triggered cell FDRE)
  Destination:            tx
                            (output port)
  Path Group:             (none)
  Path Type:              Max at Slow Process Corner
  Data Path Delay:        5.835ns  (logic 4.025ns (68.988%)  route 1.809ns (31.012%))
  Logic Levels:           2  (FDRE=1 OBUF=1)

    Location             Delay type                Incr(ns)  Path(ns)    Netlist Resource(s)
  -------------------------------------------------------------------    -------------------
    SLICE_X42Y63         FDRE                         0.000     0.000 r  tx_reg_reg/C
    SLICE_X42Y63         FDRE (Prop_fdre_C_Q)         0.518     0.518 r  tx_reg_reg/Q
                         net (fo=1, routed)           1.809     2.327    tx_OBUF
    G15                  OBUF (Prop_obuf_I_O)         3.507     5.835 r  tx_OBUF_inst/O
                         net (fo=0)                   0.000     5.835    tx
    G15                                                               r  tx (OUT)
  -------------------------------------------------------------------    -------------------

Slack:                    inf
  Source:                 uart_cnt_reg[6]/C
                            (rising edge-triggered cell FDRE)
  Destination:            bit_idx_reg[0]/CE
  Path Group:             (none)
  Path Type:              Max at Slow Process Corner
  Data Path Delay:        2.923ns  (logic 0.766ns (26.208%)  route 2.157ns (73.792%))
  Logic Levels:           3  (FDRE=1 LUT3=1 LUT6=1)

    Location             Delay type                Incr(ns)  Path(ns)    Netlist Resource(s)
  -------------------------------------------------------------------    -------------------
    SLICE_X42Y62         FDRE                         0.000     0.000 r  uart_cnt_reg[6]/C
    SLICE_X42Y62         FDRE (Prop_fdre_C_Q)         0.518     0.518 r  uart_cnt_reg[6]/Q
                         net (fo=3, routed)           0.832     1.350    uart_cnt_reg[6]
    SLICE_X42Y62         LUT6 (Prop_lut6_I1_O)        0.124     1.474 f  bit_idx[3]_i_5/O
                         net (fo=8, routed)           0.840     2.314    bit_idx[3]_i_5_n_0
    SLICE_X42Y63         LUT3 (Prop_lut3_I2_O)        0.124     2.438 r  bit_idx[3]_i_2/O
                         net (fo=4, routed)           0.485     2.923    bit_idx[3]_i_2_n_0
    SLICE_X42Y61         FDRE                                         r  bit_idx_reg[0]/CE
  -------------------------------------------------------------------    -------------------

Slack:                    inf
  Source:                 uart_cnt_reg[6]/C
                            (rising edge-triggered cell FDRE)
  Destination:            bit_idx_reg[1]/CE
  Path Group:             (none)
  Path Type:              Max at Slow Process Corner
  Data Path Delay:        2.923ns  (logic 0.766ns (26.208%)  route 2.157ns (73.792%))
  Logic Levels:           3  (FDRE=1 LUT3=1 LUT6=1)

    Location             Delay type                Incr(ns)  Path(ns)    Netlist Resource(s)
  -------------------------------------------------------------------    -------------------
    SLICE_X42Y62         FDRE                         0.000     0.000 r  uart_cnt_reg[6]/C
    SLICE_X42Y62         FDRE (Prop_fdre_C_Q)         0.518     0.518 r  uart_cnt_reg[6]/Q
                         net (fo=3, routed)           0.832     1.350    uart_cnt_reg[6]
    SLICE_X42Y62         LUT6 (Prop_lut6_I1_O)        0.124     1.474 f  bit_idx[3]_i_5/O
                         net (fo=8, routed)           0.840     2.314    bit_idx[3]_i_5_n_0
    SLICE_X42Y63         LUT3 (Prop_lut3_I2_O)        0.124     2.438 r  bit_idx[3]_i_2/O
                         net (fo=4, routed)           0.485     2.923    bit_idx[3]_i_2_n_0
    SLICE_X42Y61         FDRE                                         r  bit_idx_reg[1]/CE
  -------------------------------------------------------------------    -------------------

Slack:                    inf
  Source:                 uart_cnt_reg[6]/C
                            (rising edge-triggered cell FDRE)
  Destination:            bit_idx_reg[2]/CE
  Path Group:             (none)
  Path Type:              Max at Slow Process Corner
  Data Path Delay:        2.923ns  (logic 0.766ns (26.208%)  route 2.157ns (73.792%))
  Logic Levels:           3  (FDRE=1 LUT3=1 LUT6=1)

    Location             Delay type                Incr(ns)  Path(ns)    Netlist Resource(s)
  -------------------------------------------------------------------    -------------------
    SLICE_X42Y62         FDRE                         0.000     0.000 r  uart_cnt_reg[6]/C
    SLICE_X42Y62         FDRE (Prop_fdre_C_Q)         0.518     0.518 r  uart_cnt_reg[6]/Q
                         net (fo=3, routed)           0.832     1.350    uart_cnt_reg[6]
    SLICE_X42Y62         LUT6 (Prop_lut6_I1_O)        0.124     1.474 f  bit_idx[3]_i_5/O
                         net (fo=8, routed)           0.840     2.314    bit_idx[3]_i_5_n_0
    SLICE_X42Y63         LUT3 (Prop_lut3_I2_O)        0.124     2.438 r  bit_idx[3]_i_2/O
                         net (fo=4, routed)           0.485     2.923    bit_idx[3]_i_2_n_0
    SLICE_X42Y61         FDRE                                         r  bit_idx_reg[2]/CE
  -------------------------------------------------------------------    -------------------

Slack:                    inf
  Source:                 uart_cnt_reg[6]/C
                            (rising edge-triggered cell FDRE)
  Destination:            bit_idx_reg[3]/CE
  Path Group:             (none)
  Path Type:              Max at Slow Process Corner
  Data Path Delay:        2.923ns  (logic 0.766ns (26.208%)  route 2.157ns (73.792%))
  Logic Levels:           3  (FDRE=1 LUT3=1 LUT6=1)

    Location             Delay type                Incr(ns)  Path(ns)    Netlist Resource(s)
  -------------------------------------------------------------------    -------------------
    SLICE_X42Y62         FDRE                         0.000     0.000 r  uart_cnt_reg[6]/C
    SLICE_X42Y62         FDRE (Prop_fdre_C_Q)         0.518     0.518 r  uart_cnt_reg[6]/Q
                         net (fo=3, routed)           0.832     1.350    uart_cnt_reg[6]
    SLICE_X42Y62         LUT6 (Prop_lut6_I1_O)        0.124     1.474 f  bit_idx[3]_i_5/O
                         net (fo=8, routed)           0.840     2.314    bit_idx[3]_i_5_n_0
    SLICE_X42Y63         LUT3 (Prop_lut3_I2_O)        0.124     2.438 r  bit_idx[3]_i_2/O
                         net (fo=4, routed)           0.485     2.923    bit_idx[3]_i_2_n_0
    SLICE_X42Y61         FDRE                                         r  bit_idx_reg[3]/CE
  -------------------------------------------------------------------    -------------------

Slack:                    inf
  Source:                 uart_cnt_reg[6]/C
                            (rising edge-triggered cell FDRE)
  Destination:            uart_cnt_reg[0]/R
  Path Group:             (none)
  Path Type:              Max at Slow Process Corner
  Data Path Delay:        2.902ns  (logic 0.766ns (26.393%)  route 2.136ns (73.607%))
  Logic Levels:           3  (FDRE=1 LUT3=1 LUT6=1)

    Location             Delay type                Incr(ns)  Path(ns)    Netlist Resource(s)
  -------------------------------------------------------------------    -------------------
    SLICE_X42Y62         FDRE                         0.000     0.000 r  uart_cnt_reg[6]/C
    SLICE_X42Y62         FDRE (Prop_fdre_C_Q)         0.518     0.518 r  uart_cnt_reg[6]/Q
                         net (fo=3, routed)           0.832     1.350    uart_cnt_reg[6]
    SLICE_X42Y62         LUT6 (Prop_lut6_I1_O)        0.124     1.474 f  bit_idx[3]_i_5/O
                         net (fo=8, routed)           0.694     2.168    bit_idx[3]_i_5_n_0
    SLICE_X43Y62         LUT3 (Prop_lut3_I0_O)        0.124     2.292 r  uart_cnt[7]_i_1/O
                         net (fo=8, routed)           0.611     2.902    uart_cnt[7]_i_1_n_0
    SLICE_X43Y62         FDRE                                         r  uart_cnt_reg[0]/R
  -------------------------------------------------------------------    -------------------

Slack:                    inf
  Source:                 uart_cnt_reg[6]/C
                            (rising edge-triggered cell FDRE)
  Destination:            uart_cnt_reg[1]/R
  Path Group:             (none)
  Path Type:              Max at Slow Process Corner
  Data Path Delay:        2.902ns  (logic 0.766ns (26.393%)  route 2.136ns (73.607%))
  Logic Levels:           3  (FDRE=1 LUT3=1 LUT6=1)

    Location             Delay type                Incr(ns)  Path(ns)    Netlist Resource(s)
  -------------------------------------------------------------------    -------------------
    SLICE_X42Y62         FDRE                         0.000     0.000 r  uart_cnt_reg[6]/C
    SLICE_X42Y62         FDRE (Prop_fdre_C_Q)         0.518     0.518 r  uart_cnt_reg[6]/Q
                         net (fo=3, routed)           0.832     1.350    uart_cnt_reg[6]
    SLICE_X42Y62         LUT6 (Prop_lut6_I1_O)        0.124     1.474 f  bit_idx[3]_i_5/O
                         net (fo=8, routed)           0.694     2.168    bit_idx[3]_i_5_n_0
    SLICE_X43Y62         LUT3 (Prop_lut3_I0_O)        0.124     2.292 r  uart_cnt[7]_i_1/O
                         net (fo=8, routed)           0.611     2.902    uart_cnt[7]_i_1_n_0
    SLICE_X43Y62         FDRE                                         r  uart_cnt_reg[1]/R
  -------------------------------------------------------------------    -------------------

Slack:                    inf
  Source:                 uart_cnt_reg[6]/C
                            (rising edge-triggered cell FDRE)
  Destination:            uart_cnt_reg[2]/R
  Path Group:             (none)
  Path Type:              Max at Slow Process Corner
  Data Path Delay:        2.902ns  (logic 0.766ns (26.393%)  route 2.136ns (73.607%))
  Logic Levels:           3  (FDRE=1 LUT3=1 LUT6=1)

    Location             Delay type                Incr(ns)  Path(ns)    Netlist Resource(s)
  -------------------------------------------------------------------    -------------------
    SLICE_X42Y62         FDRE                         0.000     0.000 r  uart_cnt_reg[6]/C
    SLICE_X42Y62         FDRE (Prop_fdre_C_Q)         0.518     0.518 r  uart_cnt_reg[6]/Q
                         net (fo=3, routed)           0.832     1.350    uart_cnt_reg[6]
    SLICE_X42Y62         LUT6 (Prop_lut6_I1_O)        0.124     1.474 f  bit_idx[3]_i_5/O
                         net (fo=8, routed)           0.694     2.168    bit_idx[3]_i_5_n_0
    SLICE_X43Y62         LUT3 (Prop_lut3_I0_O)        0.124     2.292 r  uart_cnt[7]_i_1/O
                         net (fo=8, routed)           0.611     2.902    uart_cnt[7]_i_1_n_0
    SLICE_X43Y62         FDRE                                         r  uart_cnt_reg[2]/R
  -------------------------------------------------------------------    -------------------

Slack:                    inf
  Source:                 uart_cnt_reg[6]/C
                            (rising edge-triggered cell FDRE)
  Destination:            uart_cnt_reg[3]/R
  Path Group:             (none)
  Path Type:              Max at Slow Process Corner
  Data Path Delay:        2.902ns  (logic 0.766ns (26.393%)  route 2.136ns (73.607%))
  Logic Levels:           3  (FDRE=1 LUT3=1 LUT6=1)

    Location             Delay type                Incr(ns)  Path(ns)    Netlist Resource(s)
  -------------------------------------------------------------------    -------------------
    SLICE_X42Y62         FDRE                         0.000     0.000 r  uart_cnt_reg[6]/C
    SLICE_X42Y62         FDRE (Prop_fdre_C_Q)         0.518     0.518 r  uart_cnt_reg[6]/Q
                         net (fo=3, routed)           0.832     1.350    uart_cnt_reg[6]
    SLICE_X42Y62         LUT6 (Prop_lut6_I1_O)        0.124     1.474 f  bit_idx[3]_i_5/O
                         net (fo=8, routed)           0.694     2.168    bit_idx[3]_i_5_n_0
    SLICE_X43Y62         LUT3 (Prop_lut3_I0_O)        0.124     2.292 r  uart_cnt[7]_i_1/O
                         net (fo=8, routed)           0.611     2.902    uart_cnt[7]_i_1_n_0
    SLICE_X43Y62         FDRE                                         r  uart_cnt_reg[3]/R
  -------------------------------------------------------------------    -------------------

Slack:                    inf
  Source:                 uart_cnt_reg[6]/C
                            (rising edge-triggered cell FDRE)
  Destination:            uart_cnt_reg[4]/R
  Path Group:             (none)
  Path Type:              Max at Slow Process Corner
  Data Path Delay:        2.902ns  (logic 0.766ns (26.393%)  route 2.136ns (73.607%))
  Logic Levels:           3  (FDRE=1 LUT3=1 LUT6=1)

    Location             Delay type                Incr(ns)  Path(ns)    Netlist Resource(s)
  -------------------------------------------------------------------    -------------------
    SLICE_X42Y62         FDRE                         0.000     0.000 r  uart_cnt_reg[6]/C
    SLICE_X42Y62         FDRE (Prop_fdre_C_Q)         0.518     0.518 r  uart_cnt_reg[6]/Q
                         net (fo=3, routed)           0.832     1.350    uart_cnt_reg[6]
    SLICE_X42Y62         LUT6 (Prop_lut6_I1_O)        0.124     1.474 f  bit_idx[3]_i_5/O
                         net (fo=8, routed)           0.694     2.168    bit_idx[3]_i_5_n_0
    SLICE_X43Y62         LUT3 (Prop_lut3_I0_O)        0.124     2.292 r  uart_cnt[7]_i_1/O
                         net (fo=8, routed)           0.611     2.902    uart_cnt[7]_i_1_n_0
    SLICE_X43Y62         FDRE                                         r  uart_cnt_reg[4]/R
  -------------------------------------------------------------------    -------------------





Min Delay Paths
--------------------------------------------------------------------------------------
Slack:                    inf
  Source:                 trng_inst/sample_sreg_reg[1]/C
                            (rising edge-triggered cell FDRE)
  Destination:            tx_buffer_reg[1]/D
  Path Group:             (none)
  Path Type:              Min at Fast Process Corner
  Data Path Delay:        0.258ns  (logic 0.141ns (54.732%)  route 0.117ns (45.268%))
  Logic Levels:           1  (FDRE=1)

    Location             Delay type                Incr(ns)  Path(ns)    Netlist Resource(s)
  -------------------------------------------------------------------    -------------------
    SLICE_X40Y63         FDRE                         0.000     0.000 r  trng_inst/sample_sreg_reg[1]/C
    SLICE_X40Y63         FDRE (Prop_fdre_C_Q)         0.141     0.141 r  trng_inst/sample_sreg_reg[1]/Q
                         net (fo=2, routed)           0.117     0.258    trng_data[1]
    SLICE_X41Y63         FDRE                                         r  tx_buffer_reg[1]/D
  -------------------------------------------------------------------    -------------------

Slack:                    inf
  Source:                 trng_inst/sample_sreg_reg[4]/C
                            (rising edge-triggered cell FDRE)
  Destination:            trng_inst/sample_sreg_reg[5]/D
  Path Group:             (none)
  Path Type:              Min at Fast Process Corner
  Data Path Delay:        0.262ns  (logic 0.141ns (53.880%)  route 0.121ns (46.120%))
  Logic Levels:           1  (FDRE=1)

    Location             Delay type                Incr(ns)  Path(ns)    Netlist Resource(s)
  -------------------------------------------------------------------    -------------------
    SLICE_X40Y63         FDRE                         0.000     0.000 r  trng_inst/sample_sreg_reg[4]/C
    SLICE_X40Y63         FDRE (Prop_fdre_C_Q)         0.141     0.141 r  trng_inst/sample_sreg_reg[4]/Q
                         net (fo=2, routed)           0.121     0.262    trng_inst/D[4]
    SLICE_X40Y63         FDRE                                         r  trng_inst/sample_sreg_reg[5]/D
  -------------------------------------------------------------------    -------------------

Slack:                    inf
  Source:                 trng_inst/sample_sreg_reg[3]/C
                            (rising edge-triggered cell FDRE)
  Destination:            tx_buffer_reg[3]/D
  Path Group:             (none)
  Path Type:              Min at Fast Process Corner
  Data Path Delay:        0.263ns  (logic 0.141ns (53.668%)  route 0.122ns (46.332%))
  Logic Levels:           1  (FDRE=1)

    Location             Delay type                Incr(ns)  Path(ns)    Netlist Resource(s)
  -------------------------------------------------------------------    -------------------
    SLICE_X40Y63         FDRE                         0.000     0.000 r  trng_inst/sample_sreg_reg[3]/C
    SLICE_X40Y63         FDRE (Prop_fdre_C_Q)         0.141     0.141 r  trng_inst/sample_sreg_reg[3]/Q
                         net (fo=2, routed)           0.122     0.263    trng_data[3]
    SLICE_X40Y64         FDRE                                         r  tx_buffer_reg[3]/D
  -------------------------------------------------------------------    -------------------

Slack:                    inf
  Source:                 trng_inst/sample_sreg_reg[5]/C
                            (rising edge-triggered cell FDRE)
  Destination:            trng_inst/sample_sreg_reg[6]/D
  Path Group:             (none)
  Path Type:              Min at Fast Process Corner
  Data Path Delay:        0.263ns  (logic 0.128ns (48.625%)  route 0.135ns (51.375%))
  Logic Levels:           1  (FDRE=1)

    Location             Delay type                Incr(ns)  Path(ns)    Netlist Resource(s)
  -------------------------------------------------------------------    -------------------
    SLICE_X40Y63         FDRE                         0.000     0.000 r  trng_inst/sample_sreg_reg[5]/C
    SLICE_X40Y63         FDRE (Prop_fdre_C_Q)         0.128     0.128 r  trng_inst/sample_sreg_reg[5]/Q
                         net (fo=2, routed)           0.135     0.263    trng_inst/D[5]
    SLICE_X40Y63         FDRE                                         r  trng_inst/sample_sreg_reg[6]/D
  -------------------------------------------------------------------    -------------------

Slack:                    inf
  Source:                 trng_inst/sample_sreg_reg[6]/C
                            (rising edge-triggered cell FDRE)
  Destination:            trng_inst/sample_sreg_reg[7]/D
  Path Group:             (none)
  Path Type:              Min at Fast Process Corner
  Data Path Delay:        0.268ns  (logic 0.128ns (47.751%)  route 0.140ns (52.249%))
  Logic Levels:           1  (FDRE=1)

    Location             Delay type                Incr(ns)  Path(ns)    Netlist Resource(s)
  -------------------------------------------------------------------    -------------------
    SLICE_X40Y63         FDRE                         0.000     0.000 r  trng_inst/sample_sreg_reg[6]/C
    SLICE_X40Y63         FDRE (Prop_fdre_C_Q)         0.128     0.128 r  trng_inst/sample_sreg_reg[6]/Q
                         net (fo=2, routed)           0.140     0.268    trng_inst/D[6]
    SLICE_X40Y63         FDRE                                         r  trng_inst/sample_sreg_reg[7]/D
  -------------------------------------------------------------------    -------------------

Slack:                    inf
  Source:                 uart_cnt_reg[0]/C
                            (rising edge-triggered cell FDRE)
  Destination:            uart_cnt_reg[5]/D
  Path Group:             (none)
  Path Type:              Min at Fast Process Corner
  Data Path Delay:        0.276ns  (logic 0.186ns (67.428%)  route 0.090ns (32.572%))
  Logic Levels:           2  (FDRE=1 LUT6=1)

    Location             Delay type                Incr(ns)  Path(ns)    Netlist Resource(s)
  -------------------------------------------------------------------    -------------------
    SLICE_X43Y62         FDRE                         0.000     0.000 r  uart_cnt_reg[0]/C
    SLICE_X43Y62         FDRE (Prop_fdre_C_Q)         0.141     0.141 r  uart_cnt_reg[0]/Q
                         net (fo=7, routed)           0.090     0.231    uart_cnt_reg_n_0_[0]
    SLICE_X42Y62         LUT6 (Prop_lut6_I2_O)        0.045     0.276 r  uart_cnt[5]_i_1/O
                         net (fo=1, routed)           0.000     0.276    p_0_in[5]
    SLICE_X42Y62         FDRE                                         r  uart_cnt_reg[5]/D
  -------------------------------------------------------------------    -------------------

Slack:                    inf
  Source:                 trng_inst/entropy_cell_gen[1].neoTRNG_cell_inst/sync_reg[1]/C
                            (rising edge-triggered cell FDRE)
  Destination:            trng_inst/sample_sreg_reg[0]/D
  Path Group:             (none)
  Path Type:              Min at Fast Process Corner
  Data Path Delay:        0.289ns  (logic 0.227ns (78.604%)  route 0.062ns (21.396%))
  Logic Levels:           2  (FDRE=1 LUT3=1)

    Location             Delay type                Incr(ns)  Path(ns)    Netlist Resource(s)
  -------------------------------------------------------------------    -------------------
    SLICE_X40Y62         FDRE                         0.000     0.000 r  trng_inst/entropy_cell_gen[1].neoTRNG_cell_inst/sync_reg[1]/C
    SLICE_X40Y62         FDRE (Prop_fdre_C_Q)         0.128     0.128 r  trng_inst/entropy_cell_gen[1].neoTRNG_cell_inst/sync_reg[1]/Q
                         net (fo=1, routed)           0.062     0.190    trng_inst/cell_rnd_1
    SLICE_X40Y62         LUT3 (Prop_lut3_I0_O)        0.099     0.289 r  trng_inst/p_2_out/O
                         net (fo=1, routed)           0.000     0.289    trng_inst/p_2_out__0[0]
    SLICE_X40Y62         FDRE                                         r  trng_inst/sample_sreg_reg[0]/D
  -------------------------------------------------------------------    -------------------

Slack:                    inf
  Source:                 busy_reg/C
                            (rising edge-triggered cell FDRE)
  Destination:            uart_cnt_reg[0]/CE
  Path Group:             (none)
  Path Type:              Min at Fast Process Corner
  Data Path Delay:        0.308ns  (logic 0.141ns (45.756%)  route 0.167ns (54.244%))
  Logic Levels:           1  (FDRE=1)

    Location             Delay type                Incr(ns)  Path(ns)    Netlist Resource(s)
  -------------------------------------------------------------------    -------------------
    SLICE_X43Y63         FDRE                         0.000     0.000 r  busy_reg/C
    SLICE_X43Y63         FDRE (Prop_fdre_C_Q)         0.141     0.141 r  busy_reg/Q
                         net (fo=13, routed)          0.167     0.308    busy
    SLICE_X43Y62         FDRE                                         r  uart_cnt_reg[0]/CE
  -------------------------------------------------------------------    -------------------

Slack:                    inf
  Source:                 busy_reg/C
                            (rising edge-triggered cell FDRE)
  Destination:            uart_cnt_reg[1]/CE
  Path Group:             (none)
  Path Type:              Min at Fast Process Corner
  Data Path Delay:        0.308ns  (logic 0.141ns (45.756%)  route 0.167ns (54.244%))
  Logic Levels:           1  (FDRE=1)

    Location             Delay type                Incr(ns)  Path(ns)    Netlist Resource(s)
  -------------------------------------------------------------------    -------------------
    SLICE_X43Y63         FDRE                         0.000     0.000 r  busy_reg/C
    SLICE_X43Y63         FDRE (Prop_fdre_C_Q)         0.141     0.141 r  busy_reg/Q
                         net (fo=13, routed)          0.167     0.308    busy
    SLICE_X43Y62         FDRE                                         r  uart_cnt_reg[1]/CE
  -------------------------------------------------------------------    -------------------

Slack:                    inf
  Source:                 busy_reg/C
                            (rising edge-triggered cell FDRE)
  Destination:            uart_cnt_reg[2]/CE
  Path Group:             (none)
  Path Type:              Min at Fast Process Corner
  Data Path Delay:        0.308ns  (logic 0.141ns (45.756%)  route 0.167ns (54.244%))
  Logic Levels:           1  (FDRE=1)

    Location             Delay type                Incr(ns)  Path(ns)    Netlist Resource(s)
  -------------------------------------------------------------------    -------------------
    SLICE_X43Y63         FDRE                         0.000     0.000 r  busy_reg/C
    SLICE_X43Y63         FDRE (Prop_fdre_C_Q)         0.141     0.141 r  busy_reg/Q
                         net (fo=13, routed)          0.167     0.308    busy
    SLICE_X43Y62         FDRE                                         r  uart_cnt_reg[2]/CE
  -------------------------------------------------------------------    -------------------





