Copyright 1986-2022 Xilinx, Inc. All Rights Reserved. Copyright 2022-2025 Advanced Micro Devices, Inc. All Rights Reserved.
---------------------------------------------------------------------------------------------------------------------------------------------
| Tool Version : Vivado v.2025.1 (lin64) Build 6140274 Wed May 21 22:58:25 MDT 2025
| Date         : Mon Apr 27 02:54:00 2026
| Host         : szymon running 64-bit Ubuntu 24.04.4 LTS
| Command      : report_drc -file top_uart_drc_opted.rpt -pb top_uart_drc_opted.pb -rpx top_uart_drc_opted.rpx
| Design       : top_uart
| Device       : xc7z007sclg400-1
| Speed File   : -1
| Design State : Synthesized
---------------------------------------------------------------------------------------------------------------------------------------------

Report DRC

Table of Contents
-----------------
1. REPORT SUMMARY
2. REPORT DETAILS

1. REPORT SUMMARY
-----------------
            Netlist: netlist
          Floorplan: design_1
      Design limits: <entire design considered>
           Ruledeck: default
             Max checks: <unlimited>
             Checks found: 4
+---------+----------+----------------------------+--------+
| Rule    | Severity | Description                | Checks |
+---------+----------+----------------------------+--------+
| LUTLP-2 | Warning  | Combinatorial Loop Allowed | 3      |
| ZPS7-1  | Warning  | PS7 block required         | 1      |
+---------+----------+----------------------------+--------+

2. REPORT DETAILS
-----------------
LUTLP-2#1 Warning
Combinatorial Loop Allowed  
1 LUT cells form a combinatorial loop. This can create a race condition. Timing analysis may not be accurate. The preferred resolution is to modify the design to remove combinatorial logic loops. This loop has been identified in the constraints as being known and understood by use of the ALLOW_COMBINATORIAL_LOOPS property on a net in the loop. The cells in the loop are: trng_inst/entropy_cell_gen[0].neoTRNG_cell_inst/sync[0]_i_1.
Related violations: <none>

LUTLP-2#2 Warning
Combinatorial Loop Allowed  
1 LUT cells form a combinatorial loop. This can create a race condition. Timing analysis may not be accurate. The preferred resolution is to modify the design to remove combinatorial logic loops. This loop has been identified in the constraints as being known and understood by use of the ALLOW_COMBINATORIAL_LOOPS property on a net in the loop. The cells in the loop are: trng_inst/entropy_cell_gen[1].neoTRNG_cell_inst/sync[0]_i_1__0.
Related violations: <none>

LUTLP-2#3 Warning
Combinatorial Loop Allowed  
1 LUT cells form a combinatorial loop. This can create a race condition. Timing analysis may not be accurate. The preferred resolution is to modify the design to remove combinatorial logic loops. This loop has been identified in the constraints as being known and understood by use of the ALLOW_COMBINATORIAL_LOOPS property on a net in the loop. The cells in the loop are: trng_inst/entropy_cell_gen[2].neoTRNG_cell_inst/sync[0]_i_1__1.
Related violations: <none>

ZPS7-1#1 Warning
PS7 block required  
The PS7 cell must be used in this Zynq design in order to enable correct default configuration.
Related violations: <none>


