Vivado Simulator v2025.1.0
Copyright 1986-2022 Xilinx, Inc. All Rights Reserved.
Copyright 2022-2025 Advanced Micro Devices, Inc. All Rights Reserved.
Running: /home/szymon/tools/Xilinx/2025.1/Vivado/bin/unwrapped/lnx64.o/xelab --incr --debug typical --relax --mt 8 -L xil_defaultlib -L secureip --snapshot neoTRNG_tb_behav xil_defaultlib.neoTRNG_tb -log elaborate.log 
Using 8 slave threads.
WARNING: [XSIM 43-3431] One or more environment variables have been detected which affect the operation of the C compiler. These are typically not set in standard installations and are not tested by AMD, however they may be appropriate for your system, so the flow will attempt to continue.  If errors occur, try running xelab with the "-mt off -v 1" switches to see more information from the C compiler. The following environment variables have been detected:
Starting static elaboration
Completed static elaboration
Starting simulation data flow analysis
Completed simulation data flow analysis
Time Resolution for simulation is 1ps
Compiling package std.standard
Compiling package std.textio
Compiling package ieee.std_logic_1164
Compiling package ieee.numeric_std
Compiling architecture neotrng_cell_rtl of entity xil_defaultlib.neoTRNG_cell [\neoTRNG_cell(num_inv=3,sim_mode...]
Compiling architecture neotrng_cell_rtl of entity xil_defaultlib.neoTRNG_cell [\neoTRNG_cell(num_inv=5,sim_mode...]
Compiling architecture neotrng_cell_rtl of entity xil_defaultlib.neoTRNG_cell [\neoTRNG_cell(num_inv=7,sim_mode...]
Compiling architecture neotrng_rtl of entity xil_defaultlib.neoTRNG [\neoTRNG(num_cells=3,num_inv_sta...]
Compiling architecture neotrng_rtl of entity xil_defaultlib.neoTRNG [\neoTRNG(num_cells=3,num_inv_sta...]
Compiling architecture neotrng_rtl of entity xil_defaultlib.neoTRNG [\neoTRNG(num_cells=3,num_inv_sta...]
Compiling architecture neotrng_rtl of entity xil_defaultlib.neoTRNG [\neoTRNG(num_cells=3,num_inv_sta...]
Compiling architecture bhv of entity xil_defaultlib.neotrng_tb
Built simulation snapshot neoTRNG_tb_behav
