
*** Running vivado
    with args -log top.vdi -applog -m64 -product Vivado -messageDb vivado.pb -mode batch -source top.tcl -notrace


****** Vivado v2025.1 (64-bit)
  **** SW Build 6140274 on Wed May 21 22:58:25 MDT 2025
  **** IP Build 6138677 on Thu May 22 03:10:11 MDT 2025
  **** SharedData Build 6139179 on Tue May 20 17:58:58 MDT 2025
  **** Start of session at: Tue Jun  9 11:45:59 2026
    ** Copyright 1986-2022 Xilinx, Inc. All Rights Reserved.
    ** Copyright 2022-2025 Advanced Micro Devices, Inc. All Rights Reserved.

source top.tcl -notrace
Command: link_design -top top -part xc7z007sclg400-1
Design is defaulting to srcset: sources_1
Design is defaulting to constrset: constrs_1
INFO: [Device 21-403] Loading part xc7z007sclg400-1
Netlist sorting complete. Time (s): cpu = 00:00:00 ; elapsed = 00:00:00 . Memory (MB): peak = 1697.027 ; gain = 0.000 ; free physical = 6608 ; free virtual = 14737
INFO: [Netlist 29-17] Analyzing 27 Unisim elements for replacement
INFO: [Netlist 29-28] Unisim Transformation completed in 0 CPU seconds
INFO: [Project 1-479] Netlist was created with Vivado 2025.1
INFO: [Project 1-570] Preparing netlist for logic optimization
Parsing XDC File [/home/szymon/Desktop/magister/toeplitz/toeplitz_timing/toeplitz_timing.srcs/constrs_1/new/physical.xdc]
WARNING: [Vivado 12-507] No nets matched 'trng_inst/entropy_cell_gen[0].neoTRNG_cell_inst/inv_out_2'. [/home/szymon/Desktop/magister/toeplitz/toeplitz_timing/toeplitz_timing.srcs/constrs_1/new/physical.xdc:5]
CRITICAL WARNING: [Common 17-55] 'set_property' expects at least one object. [/home/szymon/Desktop/magister/toeplitz/toeplitz_timing/toeplitz_timing.srcs/constrs_1/new/physical.xdc:5]
Resolution: If [get_<value>] was used to populate the object, check to make sure this command returns at least one valid object.
WARNING: [Vivado 12-507] No nets matched 'trng_inst/entropy_cell_gen[1].neoTRNG_cell_inst/inv_out_4'. [/home/szymon/Desktop/magister/toeplitz/toeplitz_timing/toeplitz_timing.srcs/constrs_1/new/physical.xdc:6]
CRITICAL WARNING: [Common 17-55] 'set_property' expects at least one object. [/home/szymon/Desktop/magister/toeplitz/toeplitz_timing/toeplitz_timing.srcs/constrs_1/new/physical.xdc:6]
Resolution: If [get_<value>] was used to populate the object, check to make sure this command returns at least one valid object.
WARNING: [Vivado 12-507] No nets matched 'trng_inst/entropy_cell_gen[2].neoTRNG_cell_inst/inv_out_6'. [/home/szymon/Desktop/magister/toeplitz/toeplitz_timing/toeplitz_timing.srcs/constrs_1/new/physical.xdc:7]
CRITICAL WARNING: [Common 17-55] 'set_property' expects at least one object. [/home/szymon/Desktop/magister/toeplitz/toeplitz_timing/toeplitz_timing.srcs/constrs_1/new/physical.xdc:7]
Resolution: If [get_<value>] was used to populate the object, check to make sure this command returns at least one valid object.
Finished Parsing XDC File [/home/szymon/Desktop/magister/toeplitz/toeplitz_timing/toeplitz_timing.srcs/constrs_1/new/physical.xdc]
INFO: [Opt 31-138] Pushed 0 inverter(s) to 0 load pin(s).
Netlist sorting complete. Time (s): cpu = 00:00:00 ; elapsed = 00:00:00 . Memory (MB): peak = 1869.727 ; gain = 0.000 ; free physical = 6486 ; free virtual = 14614
INFO: [Project 1-111] Unisim Transformation Summary:
No Unisim elements were transformed.

7 Infos, 3 Warnings, 3 Critical Warnings and 0 Errors encountered.
link_design completed successfully
Command: opt_design
Attempting to get a license for feature 'Implementation' and/or device 'xc7z007s'
INFO: [Common 17-349] Got license for feature 'Implementation' and/or device 'xc7z007s'
Running DRC as a precondition to command opt_design

Starting DRC Task
INFO: [DRC 23-27] Running DRC with 8 threads
INFO: [Project 1-461] DRC finished with 0 Errors
INFO: [Project 1-462] Please refer to the DRC report (report_drc) for more information.

Time (s): cpu = 00:00:01 ; elapsed = 00:00:00.46 . Memory (MB): peak = 1979.969 ; gain = 101.301 ; free physical = 6415 ; free virtual = 14544

Starting Cache Timing Information Task
INFO: [Timing 38-35] Done setting XDC timing constraints.
Ending Cache Timing Information Task | Checksum: 2d3c4c349

Time (s): cpu = 00:00:05 ; elapsed = 00:00:05 . Memory (MB): peak = 2402.922 ; gain = 422.953 ; free physical = 6020 ; free virtual = 14149

Starting Logic Optimization Task

Phase 1 Initialization

Phase 1.1 Core Generation And Design Setup
Phase 1.1 Core Generation And Design Setup | Checksum: 2d3c4c349

Time (s): cpu = 00:00:00 ; elapsed = 00:00:00 . Memory (MB): peak = 2762.758 ; gain = 0.000 ; free physical = 5668 ; free virtual = 13797

Phase 1.2 Setup Constraints And Sort Netlist
Phase 1.2 Setup Constraints And Sort Netlist | Checksum: 2d3c4c349

Time (s): cpu = 00:00:00 ; elapsed = 00:00:00 . Memory (MB): peak = 2762.758 ; gain = 0.000 ; free physical = 5668 ; free virtual = 13797
Phase 1 Initialization | Checksum: 2d3c4c349

Time (s): cpu = 00:00:00 ; elapsed = 00:00:00 . Memory (MB): peak = 2762.758 ; gain = 0.000 ; free physical = 5668 ; free virtual = 13797

Phase 2 Timer Update And Timing Data Collection

Phase 2.1 Timer Update
Phase 2.1 Timer Update | Checksum: 2d3c4c349

Time (s): cpu = 00:00:00.01 ; elapsed = 00:00:00.01 . Memory (MB): peak = 2762.758 ; gain = 0.000 ; free physical = 5668 ; free virtual = 13797

Phase 2.2 Timing Data Collection
Phase 2.2 Timing Data Collection | Checksum: 2d3c4c349

Time (s): cpu = 00:00:00.02 ; elapsed = 00:00:00.01 . Memory (MB): peak = 2762.758 ; gain = 0.000 ; free physical = 5668 ; free virtual = 13797
Phase 2 Timer Update And Timing Data Collection | Checksum: 2d3c4c349

Time (s): cpu = 00:00:00.02 ; elapsed = 00:00:00.01 . Memory (MB): peak = 2762.758 ; gain = 0.000 ; free physical = 5668 ; free virtual = 13797

Phase 3 Retarget
INFO: [Opt 31-1851] Number of loadless carry chains removed were: 0
INFO: [Opt 31-1834] Total Chains To Be Transformed Were: 0 AND Number of Transformed insts Created are: 0
INFO: [Opt 31-1566] Pulled 1 inverters resulting in an inversion of 3 pins
INFO: [Opt 31-138] Pushed 0 inverter(s) to 0 load pin(s).
INFO: [Opt 31-49] Retargeted 0 cell(s).
Phase 3 Retarget | Checksum: 1781cf46e

Time (s): cpu = 00:00:00.12 ; elapsed = 00:00:00.03 . Memory (MB): peak = 2762.758 ; gain = 0.000 ; free physical = 5668 ; free virtual = 13797
Retarget | Checksum: 1781cf46e
INFO: [Opt 31-389] Phase Retarget created 0 cells and removed 1 cells

Phase 4 Constant propagation
INFO: [Opt 31-138] Pushed 0 inverter(s) to 0 load pin(s).
Phase 4 Constant propagation | Checksum: 1781cf46e

Time (s): cpu = 00:00:00.13 ; elapsed = 00:00:00.03 . Memory (MB): peak = 2762.758 ; gain = 0.000 ; free physical = 5668 ; free virtual = 13797
Constant propagation | Checksum: 1781cf46e
INFO: [Opt 31-389] Phase Constant propagation created 0 cells and removed 0 cells

Phase 5 Sweep
INFO: [Constraints 18-11670] Building netlist checker database with flags, 0x8
Done building netlist checker database: Time (s): cpu = 00:00:00 ; elapsed = 00:00:00 . Memory (MB): peak = 2762.758 ; gain = 0.000 ; free physical = 5668 ; free virtual = 13797
Phase 5 Sweep | Checksum: 2272b39de

Time (s): cpu = 00:00:00.15 ; elapsed = 00:00:00.04 . Memory (MB): peak = 2762.758 ; gain = 0.000 ; free physical = 5669 ; free virtual = 13798
Sweep | Checksum: 2272b39de
INFO: [Opt 31-389] Phase Sweep created 0 cells and removed 0 cells

Phase 6 BUFG optimization
Phase 6 BUFG optimization | Checksum: 2272b39de

Time (s): cpu = 00:00:00.16 ; elapsed = 00:00:00.05 . Memory (MB): peak = 2794.773 ; gain = 32.016 ; free physical = 5669 ; free virtual = 13798
BUFG optimization | Checksum: 2272b39de
INFO: [Opt 31-662] Phase BUFG optimization created 0 cells of which 0 are BUFGs and removed 0 cells.

Phase 7 Shift Register Optimization
INFO: [Opt 31-1064] SRL Remap converted 0 SRLs to 0 registers and converted 0 registers of register chains to 0 SRLs
Phase 7 Shift Register Optimization | Checksum: 2272b39de

Time (s): cpu = 00:00:00.16 ; elapsed = 00:00:00.05 . Memory (MB): peak = 2794.773 ; gain = 32.016 ; free physical = 5669 ; free virtual = 13798
Shift Register Optimization | Checksum: 2272b39de
INFO: [Opt 31-389] Phase Shift Register Optimization created 0 cells and removed 0 cells

Phase 8 Post Processing Netlist
Phase 8 Post Processing Netlist | Checksum: 2272b39de

Time (s): cpu = 00:00:00.16 ; elapsed = 00:00:00.05 . Memory (MB): peak = 2794.773 ; gain = 32.016 ; free physical = 5669 ; free virtual = 13798
Post Processing Netlist | Checksum: 2272b39de
INFO: [Opt 31-389] Phase Post Processing Netlist created 0 cells and removed 0 cells

Phase 9 Finalization

Phase 9.1 Finalizing Design Cores and Updating Shapes
Phase 9.1 Finalizing Design Cores and Updating Shapes | Checksum: 1612603fc

Time (s): cpu = 00:00:00.17 ; elapsed = 00:00:00.06 . Memory (MB): peak = 2794.773 ; gain = 32.016 ; free physical = 5669 ; free virtual = 13798

Phase 9.2 Verifying Netlist Connectivity

Starting Connectivity Check Task

Time (s): cpu = 00:00:00 ; elapsed = 00:00:00 . Memory (MB): peak = 2794.773 ; gain = 0.000 ; free physical = 5669 ; free virtual = 13798
Phase 9.2 Verifying Netlist Connectivity | Checksum: 1612603fc

Time (s): cpu = 00:00:00.17 ; elapsed = 00:00:00.06 . Memory (MB): peak = 2794.773 ; gain = 32.016 ; free physical = 5669 ; free virtual = 13798
Phase 9 Finalization | Checksum: 1612603fc

Time (s): cpu = 00:00:00.17 ; elapsed = 00:00:00.06 . Memory (MB): peak = 2794.773 ; gain = 32.016 ; free physical = 5669 ; free virtual = 13798
Opt_design Change Summary
=========================


-------------------------------------------------------------------------------------------------------------------------
|  Phase                        |  #Cells created  |  #Cells Removed  |  #Constrained objects preventing optimizations  |
-------------------------------------------------------------------------------------------------------------------------
|  Retarget                     |               0  |               1  |                                              0  |
|  Constant propagation         |               0  |               0  |                                              0  |
|  Sweep                        |               0  |               0  |                                              0  |
|  BUFG optimization            |               0  |               0  |                                              0  |
|  Shift Register Optimization  |               0  |               0  |                                              0  |
|  Post Processing Netlist      |               0  |               0  |                                              0  |
-------------------------------------------------------------------------------------------------------------------------


Ending Logic Optimization Task | Checksum: 1612603fc

Time (s): cpu = 00:00:00.18 ; elapsed = 00:00:00.06 . Memory (MB): peak = 2794.773 ; gain = 32.016 ; free physical = 5669 ; free virtual = 13798

Starting Power Optimization Task
INFO: [Pwropt 34-132] Skipping clock gating for clocks with a period < 2.00 ns.
Ending Power Optimization Task | Checksum: 1612603fc

Time (s): cpu = 00:00:00 ; elapsed = 00:00:00.01 . Memory (MB): peak = 2794.773 ; gain = 0.000 ; free physical = 5669 ; free virtual = 13798

Starting Final Cleanup Task
Ending Final Cleanup Task | Checksum: 1612603fc

Time (s): cpu = 00:00:00 ; elapsed = 00:00:00 . Memory (MB): peak = 2794.773 ; gain = 0.000 ; free physical = 5669 ; free virtual = 13798

Starting Netlist Obfuscation Task
Netlist sorting complete. Time (s): cpu = 00:00:00 ; elapsed = 00:00:00 . Memory (MB): peak = 2794.773 ; gain = 0.000 ; free physical = 5669 ; free virtual = 13798
Ending Netlist Obfuscation Task | Checksum: 1612603fc

Time (s): cpu = 00:00:00 ; elapsed = 00:00:00 . Memory (MB): peak = 2794.773 ; gain = 0.000 ; free physical = 5669 ; free virtual = 13798
INFO: [Common 17-83] Releasing license: Implementation
28 Infos, 3 Warnings, 3 Critical Warnings and 0 Errors encountered.
opt_design completed successfully
opt_design: Time (s): cpu = 00:00:09 ; elapsed = 00:00:08 . Memory (MB): peak = 2794.773 ; gain = 916.105 ; free physical = 5669 ; free virtual = 13798
INFO: [Vivado 12-24828] Executing command : report_drc -file top_drc_opted.rpt -pb top_drc_opted.pb -rpx top_drc_opted.rpx
Command: report_drc -file top_drc_opted.rpt -pb top_drc_opted.pb -rpx top_drc_opted.rpx
INFO: [IP_Flow 19-234] Refreshing IP repositories
INFO: [IP_Flow 19-1704] No user IP repositories specified
INFO: [IP_Flow 19-2313] Loaded Vivado IP repository '/home/szymon/tools/Xilinx/2025.1/Vivado/data/ip'.
INFO: [DRC 23-27] Running DRC with 8 threads
INFO: [Vivado_Tcl 2-168] The results of DRC are in file /home/szymon/Desktop/magister/toeplitz/toeplitz_timing/toeplitz_timing.runs/impl_1/top_drc_opted.rpt.
report_drc completed successfully
INFO: [Timing 38-480] Writing timing data to binary archive.
Write ShapeDB Complete: Time (s): cpu = 00:00:00 ; elapsed = 00:00:00 . Memory (MB): peak = 2794.773 ; gain = 0.000 ; free physical = 5624 ; free virtual = 13753
Wrote PlaceDB: Time (s): cpu = 00:00:00 ; elapsed = 00:00:00 . Memory (MB): peak = 2794.773 ; gain = 0.000 ; free physical = 5624 ; free virtual = 13753
Wrote PulsedLatchDB: Time (s): cpu = 00:00:00 ; elapsed = 00:00:00 . Memory (MB): peak = 2794.773 ; gain = 0.000 ; free physical = 5624 ; free virtual = 13753
Writing XDEF routing.
Writing XDEF routing logical nets.
Writing XDEF routing special nets.
Wrote RouteStorage: Time (s): cpu = 00:00:00.07 ; elapsed = 00:00:00.02 . Memory (MB): peak = 2794.773 ; gain = 0.000 ; free physical = 5621 ; free virtual = 13750
Wrote Netlist Cache: Time (s): cpu = 00:00:00 ; elapsed = 00:00:00 . Memory (MB): peak = 2794.773 ; gain = 0.000 ; free physical = 5621 ; free virtual = 13750
Wrote Device Cache: Time (s): cpu = 00:00:00.01 ; elapsed = 00:00:00.01 . Memory (MB): peak = 2794.773 ; gain = 0.000 ; free physical = 5620 ; free virtual = 13750
Write Physdb Complete: Time (s): cpu = 00:00:00.09 ; elapsed = 00:00:00.03 . Memory (MB): peak = 2794.773 ; gain = 0.000 ; free physical = 5620 ; free virtual = 13750
INFO: [Common 17-1381] The checkpoint '/home/szymon/Desktop/magister/toeplitz/toeplitz_timing/toeplitz_timing.runs/impl_1/top_opt.dcp' has been generated.
Command: place_design
Attempting to get a license for feature 'Implementation' and/or device 'xc7z007s'
INFO: [Common 17-349] Got license for feature 'Implementation' and/or device 'xc7z007s'
INFO: [Common 17-83] Releasing license: Implementation
INFO: [DRC 23-27] Running DRC with 8 threads
INFO: [Vivado_Tcl 4-198] DRC finished with 0 Errors
INFO: [Vivado_Tcl 4-199] Please refer to the DRC report (report_drc) for more information.
Running DRC as a precondition to command place_design
INFO: [DRC 23-27] Running DRC with 8 threads
INFO: [Vivado_Tcl 4-198] DRC finished with 0 Errors
INFO: [Vivado_Tcl 4-199] Please refer to the DRC report (report_drc) for more information.
INFO: [Place 30-611] Multithreading enabled for place_design using a maximum of 8 CPUs

Starting Placer Task

Phase 1 Placer Initialization

Phase 1.1 Placer Initialization Netlist Sorting
Netlist sorting complete. Time (s): cpu = 00:00:00 ; elapsed = 00:00:00 . Memory (MB): peak = 2834.641 ; gain = 0.000 ; free physical = 5572 ; free virtual = 13702
Phase 1.1 Placer Initialization Netlist Sorting | Checksum: 14bfc1a5f

Time (s): cpu = 00:00:00 ; elapsed = 00:00:00.01 . Memory (MB): peak = 2834.641 ; gain = 0.000 ; free physical = 5572 ; free virtual = 13702
Netlist sorting complete. Time (s): cpu = 00:00:00 ; elapsed = 00:00:00 . Memory (MB): peak = 2834.641 ; gain = 0.000 ; free physical = 5572 ; free virtual = 13702

Phase 1.2 IO Placement/ Clock Placement/ Build Placer Device
INFO: [Timing 38-35] Done setting XDC timing constraints.
Phase 1.2 IO Placement/ Clock Placement/ Build Placer Device | Checksum: 1d605fcc9

Time (s): cpu = 00:00:00.27 ; elapsed = 00:00:00.1 . Memory (MB): peak = 2834.641 ; gain = 0.000 ; free physical = 5565 ; free virtual = 13694

Phase 1.3 Build Placer Netlist Model
Phase 1.3 Build Placer Netlist Model | Checksum: 25d96afac

Time (s): cpu = 00:00:00.38 ; elapsed = 00:00:00.12 . Memory (MB): peak = 2834.641 ; gain = 0.000 ; free physical = 5565 ; free virtual = 13694

Phase 1.4 Constrain Clocks/Macros
Phase 1.4 Constrain Clocks/Macros | Checksum: 25d96afac

Time (s): cpu = 00:00:00.38 ; elapsed = 00:00:00.12 . Memory (MB): peak = 2834.641 ; gain = 0.000 ; free physical = 5565 ; free virtual = 13694
Phase 1 Placer Initialization | Checksum: 25d96afac

Time (s): cpu = 00:00:00.38 ; elapsed = 00:00:00.13 . Memory (MB): peak = 2834.641 ; gain = 0.000 ; free physical = 5565 ; free virtual = 13694

Phase 2 Global Placement

Phase 2.1 Floorplanning
Phase 2.1 Floorplanning | Checksum: 25d96afac

Time (s): cpu = 00:00:00.39 ; elapsed = 00:00:00.13 . Memory (MB): peak = 2834.641 ; gain = 0.000 ; free physical = 5565 ; free virtual = 13694

Phase 2.2 Update Timing before SLR Path Opt
Phase 2.2 Update Timing before SLR Path Opt | Checksum: 25d96afac

Time (s): cpu = 00:00:00.39 ; elapsed = 00:00:00.13 . Memory (MB): peak = 2834.641 ; gain = 0.000 ; free physical = 5565 ; free virtual = 13694

Phase 2.3 Post-Processing in Floorplanning
Phase 2.3 Post-Processing in Floorplanning | Checksum: 25d96afac

Time (s): cpu = 00:00:00.39 ; elapsed = 00:00:00.13 . Memory (MB): peak = 2834.641 ; gain = 0.000 ; free physical = 5565 ; free virtual = 13694

Phase 2.4 Global Place Phase1
Phase 2.4 Global Place Phase1 | Checksum: 254ba7add

Time (s): cpu = 00:00:02 ; elapsed = 00:00:00.42 . Memory (MB): peak = 2858.652 ; gain = 24.012 ; free physical = 5535 ; free virtual = 13664

Phase 2.5 Global Place Phase2
WARNING: [Place 46-29] Timing had been disabled during Placer and, therefore, physical synthesis in Placer will be skipped.
Phase 2.5 Global Place Phase2 | Checksum: 24fd2e89e

Time (s): cpu = 00:00:02 ; elapsed = 00:00:00.46 . Memory (MB): peak = 2858.652 ; gain = 24.012 ; free physical = 5535 ; free virtual = 13664
Phase 2 Global Placement | Checksum: 24fd2e89e

Time (s): cpu = 00:00:02 ; elapsed = 00:00:00.47 . Memory (MB): peak = 2858.652 ; gain = 24.012 ; free physical = 5535 ; free virtual = 13664

Phase 3 Detail Placement

Phase 3.1 Commit Multi Column Macros
Phase 3.1 Commit Multi Column Macros | Checksum: 24fd2e89e

Time (s): cpu = 00:00:02 ; elapsed = 00:00:00.47 . Memory (MB): peak = 2858.652 ; gain = 24.012 ; free physical = 5535 ; free virtual = 13664

Phase 3.2 Commit Most Macros & LUTRAMs
Phase 3.2 Commit Most Macros & LUTRAMs | Checksum: 290f19147

Time (s): cpu = 00:00:02 ; elapsed = 00:00:00.48 . Memory (MB): peak = 2858.652 ; gain = 24.012 ; free physical = 5535 ; free virtual = 13664

Phase 3.3 Area Swap Optimization
Phase 3.3 Area Swap Optimization | Checksum: 1ef1ae73e

Time (s): cpu = 00:00:02 ; elapsed = 00:00:00.49 . Memory (MB): peak = 2858.652 ; gain = 24.012 ; free physical = 5535 ; free virtual = 13664

Phase 3.4 Pipeline Register Optimization
Phase 3.4 Pipeline Register Optimization | Checksum: 1ef1ae73e

Time (s): cpu = 00:00:02 ; elapsed = 00:00:00.49 . Memory (MB): peak = 2858.652 ; gain = 24.012 ; free physical = 5535 ; free virtual = 13664

Phase 3.5 Small Shape Detail Placement
Phase 3.5 Small Shape Detail Placement | Checksum: 23871a9c8

Time (s): cpu = 00:00:02 ; elapsed = 00:00:00.56 . Memory (MB): peak = 2865.680 ; gain = 31.039 ; free physical = 5537 ; free virtual = 13666

Phase 3.6 Re-assign LUT pins
Phase 3.6 Re-assign LUT pins | Checksum: 23871a9c8

Time (s): cpu = 00:00:02 ; elapsed = 00:00:00.56 . Memory (MB): peak = 2865.680 ; gain = 31.039 ; free physical = 5537 ; free virtual = 13666

Phase 3.7 Pipeline Register Optimization
Phase 3.7 Pipeline Register Optimization | Checksum: 23871a9c8

Time (s): cpu = 00:00:02 ; elapsed = 00:00:00.57 . Memory (MB): peak = 2865.680 ; gain = 31.039 ; free physical = 5537 ; free virtual = 13666
Phase 3 Detail Placement | Checksum: 23871a9c8

Time (s): cpu = 00:00:02 ; elapsed = 00:00:00.57 . Memory (MB): peak = 2865.680 ; gain = 31.039 ; free physical = 5537 ; free virtual = 13666

Phase 4 Post Placement Optimization and Clean-Up

Phase 4.1 Post Commit Optimization
Phase 4.1 Post Commit Optimization | Checksum: 23871a9c8

Time (s): cpu = 00:00:03 ; elapsed = 00:00:00.58 . Memory (MB): peak = 2865.680 ; gain = 31.039 ; free physical = 5537 ; free virtual = 13666

Phase 4.2 Post Placement Cleanup
Phase 4.2 Post Placement Cleanup | Checksum: 23871a9c8

Time (s): cpu = 00:00:03 ; elapsed = 00:00:00.59 . Memory (MB): peak = 2865.680 ; gain = 31.039 ; free physical = 5537 ; free virtual = 13666

Phase 4.3 Placer Reporting

Phase 4.3.1 Print Estimated Congestion
INFO: [Place 30-612] Post-Placement Estimated Congestion 
 ____________________________________________________
|           | Global Congestion | Short Congestion  |
| Direction | Region Size       | Region Size       |
|___________|___________________|___________________|
|      North|                1x1|                1x1|
|___________|___________________|___________________|
|      South|                1x1|                1x1|
|___________|___________________|___________________|
|       East|                1x1|                1x1|
|___________|___________________|___________________|
|       West|                1x1|                1x1|
|___________|___________________|___________________|

Phase 4.3.1 Print Estimated Congestion | Checksum: 23871a9c8

Time (s): cpu = 00:00:03 ; elapsed = 00:00:00.59 . Memory (MB): peak = 2865.680 ; gain = 31.039 ; free physical = 5537 ; free virtual = 13666
Phase 4.3 Placer Reporting | Checksum: 23871a9c8

Time (s): cpu = 00:00:03 ; elapsed = 00:00:00.59 . Memory (MB): peak = 2865.680 ; gain = 31.039 ; free physical = 5537 ; free virtual = 13666

Phase 4.4 Final Placement Cleanup
Netlist sorting complete. Time (s): cpu = 00:00:00 ; elapsed = 00:00:00 . Memory (MB): peak = 2865.680 ; gain = 0.000 ; free physical = 5537 ; free virtual = 13666

Time (s): cpu = 00:00:03 ; elapsed = 00:00:00.59 . Memory (MB): peak = 2865.680 ; gain = 31.039 ; free physical = 5537 ; free virtual = 13666
Phase 4 Post Placement Optimization and Clean-Up | Checksum: 210d265f5

Time (s): cpu = 00:00:03 ; elapsed = 00:00:00.59 . Memory (MB): peak = 2865.680 ; gain = 31.039 ; free physical = 5537 ; free virtual = 13666
Ending Placer Task | Checksum: 1dc68162b

Time (s): cpu = 00:00:03 ; elapsed = 00:00:00.59 . Memory (MB): peak = 2865.680 ; gain = 31.039 ; free physical = 5537 ; free virtual = 13666
47 Infos, 4 Warnings, 3 Critical Warnings and 0 Errors encountered.
place_design completed successfully
INFO: [Vivado 12-24838] Running report commands "report_control_sets, report_io, report_utilization" in parallel.
Running report generation with 3 threads.
INFO: [Vivado 12-24828] Executing command : report_control_sets -verbose -file top_control_sets_placed.rpt
report_control_sets: Time (s): cpu = 00:00:00.06 ; elapsed = 00:00:00.07 . Memory (MB): peak = 2865.680 ; gain = 0.000 ; free physical = 5542 ; free virtual = 13671
INFO: [Vivado 12-24828] Executing command : report_utilization -file top_utilization_placed.rpt -pb top_utilization_placed.pb
INFO: [Vivado 12-24828] Executing command : report_io -file top_io_placed.rpt
report_io: Time (s): cpu = 00:00:00.15 ; elapsed = 00:00:00.16 . Memory (MB): peak = 2865.680 ; gain = 0.000 ; free physical = 5536 ; free virtual = 13665
INFO: [Timing 38-480] Writing timing data to binary archive.
Write ShapeDB Complete: Time (s): cpu = 00:00:00.01 ; elapsed = 00:00:00 . Memory (MB): peak = 2865.680 ; gain = 0.000 ; free physical = 5536 ; free virtual = 13665
Wrote PlaceDB: Time (s): cpu = 00:00:00.06 ; elapsed = 00:00:00.02 . Memory (MB): peak = 2865.680 ; gain = 0.000 ; free physical = 5536 ; free virtual = 13665
Wrote PulsedLatchDB: Time (s): cpu = 00:00:00 ; elapsed = 00:00:00 . Memory (MB): peak = 2865.680 ; gain = 0.000 ; free physical = 5536 ; free virtual = 13665
Writing XDEF routing.
Writing XDEF routing logical nets.
Writing XDEF routing special nets.
Wrote RouteStorage: Time (s): cpu = 00:00:00.03 ; elapsed = 00:00:00.02 . Memory (MB): peak = 2865.680 ; gain = 0.000 ; free physical = 5536 ; free virtual = 13665
Wrote Netlist Cache: Time (s): cpu = 00:00:00 ; elapsed = 00:00:00 . Memory (MB): peak = 2865.680 ; gain = 0.000 ; free physical = 5536 ; free virtual = 13665
Wrote Device Cache: Time (s): cpu = 00:00:00.02 ; elapsed = 00:00:00 . Memory (MB): peak = 2865.680 ; gain = 0.000 ; free physical = 5536 ; free virtual = 13666
Write Physdb Complete: Time (s): cpu = 00:00:00.11 ; elapsed = 00:00:00.05 . Memory (MB): peak = 2865.680 ; gain = 0.000 ; free physical = 5536 ; free virtual = 13666
INFO: [Common 17-1381] The checkpoint '/home/szymon/Desktop/magister/toeplitz/toeplitz_timing/toeplitz_timing.runs/impl_1/top_placed.dcp' has been generated.
Command: phys_opt_design
Attempting to get a license for feature 'Implementation' and/or device 'xc7z007s'
INFO: [Common 17-349] Got license for feature 'Implementation' and/or device 'xc7z007s'

Starting Initial Update Timing Task

Time (s): cpu = 00:00:00.01 ; elapsed = 00:00:00.02 . Memory (MB): peak = 2865.680 ; gain = 0.000 ; free physical = 5527 ; free virtual = 13657
INFO: [Vivado_Tcl 4-235] No timing constraint found. The netlist was not modified.
INFO: [Common 17-83] Releasing license: Implementation
56 Infos, 4 Warnings, 3 Critical Warnings and 0 Errors encountered.
phys_opt_design completed successfully
INFO: [Timing 38-480] Writing timing data to binary archive.
Write ShapeDB Complete: Time (s): cpu = 00:00:00.01 ; elapsed = 00:00:00 . Memory (MB): peak = 2865.680 ; gain = 0.000 ; free physical = 5527 ; free virtual = 13657
Wrote PlaceDB: Time (s): cpu = 00:00:00.06 ; elapsed = 00:00:00.02 . Memory (MB): peak = 2865.680 ; gain = 0.000 ; free physical = 5525 ; free virtual = 13655
Wrote PulsedLatchDB: Time (s): cpu = 00:00:00 ; elapsed = 00:00:00 . Memory (MB): peak = 2865.680 ; gain = 0.000 ; free physical = 5525 ; free virtual = 13655
Writing XDEF routing.
Writing XDEF routing logical nets.
Writing XDEF routing special nets.
Wrote RouteStorage: Time (s): cpu = 00:00:00.03 ; elapsed = 00:00:00.01 . Memory (MB): peak = 2865.680 ; gain = 0.000 ; free physical = 5525 ; free virtual = 13655
Wrote Netlist Cache: Time (s): cpu = 00:00:00 ; elapsed = 00:00:00 . Memory (MB): peak = 2865.680 ; gain = 0.000 ; free physical = 5525 ; free virtual = 13655
Wrote Device Cache: Time (s): cpu = 00:00:00.02 ; elapsed = 00:00:00.01 . Memory (MB): peak = 2865.680 ; gain = 0.000 ; free physical = 5523 ; free virtual = 13654
Write Physdb Complete: Time (s): cpu = 00:00:00.11 ; elapsed = 00:00:00.05 . Memory (MB): peak = 2865.680 ; gain = 0.000 ; free physical = 5523 ; free virtual = 13654
INFO: [Common 17-1381] The checkpoint '/home/szymon/Desktop/magister/toeplitz/toeplitz_timing/toeplitz_timing.runs/impl_1/top_physopt.dcp' has been generated.
Command: route_design
Attempting to get a license for feature 'Implementation' and/or device 'xc7z007s'
INFO: [Common 17-349] Got license for feature 'Implementation' and/or device 'xc7z007s'


Starting Routing Task
INFO: [Route 35-254] Multithreading enabled for route_design using a maximum of 8 CPUs

Phase 1 Build RT Design
Checksum: PlaceDB: 85818c0d ConstDB: 0 ShapeSum: b1069a26 RouteDB: a5dfeff8
Post Restoration Checksum: NetGraph: 493141fb | NumContArr: 2b781595 | Constraints: c2a8fa9d | Timing: c2a8fa9d
Phase 1 Build RT Design | Checksum: 1f9fb4cca

Time (s): cpu = 00:00:09 ; elapsed = 00:00:08 . Memory (MB): peak = 2882.668 ; gain = 16.988 ; free physical = 5479 ; free virtual = 13609

Phase 2 Router Initialization
INFO: [Route 35-64] No timing constraints were detected. The router will operate in resource-optimization mode.

Phase 2.1 Fix Topology Constraints
Phase 2.1 Fix Topology Constraints | Checksum: 1f9fb4cca

Time (s): cpu = 00:00:09 ; elapsed = 00:00:08 . Memory (MB): peak = 2911.668 ; gain = 45.988 ; free physical = 5456 ; free virtual = 13586

Phase 2.2 Pre Route Cleanup
Phase 2.2 Pre Route Cleanup | Checksum: 1f9fb4cca

Time (s): cpu = 00:00:09 ; elapsed = 00:00:08 . Memory (MB): peak = 2911.668 ; gain = 45.988 ; free physical = 5456 ; free virtual = 13586
 Number of Nodes with overlaps = 0

Router Utilization Summary
  Global Vertical Routing Utilization    = 0 %
  Global Horizontal Routing Utilization  = 0 %
  Routable Net Status*
  *Does not include unroutable nets such as driverless and loadless.
  Run report_route_status for detailed report.
  Number of Failed Nets               = 230
    (Failed Nets is the sum of unrouted and partially routed nets)
  Number of Unrouted Nets             = 230
  Number of Partially Routed Nets     = 0
  Number of Node Overlaps             = 0

Phase 2 Router Initialization | Checksum: 2e7eb5fee

Time (s): cpu = 00:00:09 ; elapsed = 00:00:08 . Memory (MB): peak = 2927.668 ; gain = 61.988 ; free physical = 5440 ; free virtual = 13570

Phase 3 Global Routing
Phase 3 Global Routing | Checksum: 2e7eb5fee

Time (s): cpu = 00:00:09 ; elapsed = 00:00:08 . Memory (MB): peak = 2927.668 ; gain = 61.988 ; free physical = 5440 ; free virtual = 13570

Phase 4 Initial Routing

Phase 4.1 Initial Net Routing Pass
Phase 4.1 Initial Net Routing Pass | Checksum: 309fb7f0b

Time (s): cpu = 00:00:10 ; elapsed = 00:00:08 . Memory (MB): peak = 2927.668 ; gain = 61.988 ; free physical = 5440 ; free virtual = 13570
Phase 4 Initial Routing | Checksum: 309fb7f0b

Time (s): cpu = 00:00:10 ; elapsed = 00:00:08 . Memory (MB): peak = 2927.668 ; gain = 61.988 ; free physical = 5440 ; free virtual = 13570

Phase 5 Rip-up And Reroute

Phase 5.1 Global Iteration 0
 Number of Nodes with overlaps = 3
 Number of Nodes with overlaps = 0
Phase 5.1 Global Iteration 0 | Checksum: 2480f0a18

Time (s): cpu = 00:00:10 ; elapsed = 00:00:08 . Memory (MB): peak = 2927.668 ; gain = 61.988 ; free physical = 5440 ; free virtual = 13570
Phase 5 Rip-up And Reroute | Checksum: 2480f0a18

Time (s): cpu = 00:00:10 ; elapsed = 00:00:08 . Memory (MB): peak = 2927.668 ; gain = 61.988 ; free physical = 5440 ; free virtual = 13570

Phase 6 Delay and Skew Optimization
Phase 6 Delay and Skew Optimization | Checksum: 2480f0a18

Time (s): cpu = 00:00:10 ; elapsed = 00:00:08 . Memory (MB): peak = 2927.668 ; gain = 61.988 ; free physical = 5440 ; free virtual = 13570

Phase 7 Post Hold Fix

Phase 7.1 Hold Fix Iter
Phase 7.1 Hold Fix Iter | Checksum: 2480f0a18

Time (s): cpu = 00:00:10 ; elapsed = 00:00:08 . Memory (MB): peak = 2927.668 ; gain = 61.988 ; free physical = 5440 ; free virtual = 13570
Phase 7 Post Hold Fix | Checksum: 2480f0a18

Time (s): cpu = 00:00:10 ; elapsed = 00:00:08 . Memory (MB): peak = 2927.668 ; gain = 61.988 ; free physical = 5440 ; free virtual = 13570

Phase 8 Route finalize

Router Utilization Summary
  Global Vertical Routing Utilization    = 0.0406813 %
  Global Horizontal Routing Utilization  = 0.0542279 %
  Routable Net Status*
  *Does not include unroutable nets such as driverless and loadless.
  Run report_route_status for detailed report.
  Number of Failed Nets               = 0
    (Failed Nets is the sum of unrouted and partially routed nets)
  Number of Unrouted Nets             = 0
  Number of Partially Routed Nets     = 0
  Number of Node Overlaps             = 0


--GLOBAL Congestion:
Utilization threshold used for congestion level computation: 0.85
Congestion Report
North Dir 1x1 Area, Max Cong = 15.3153%, No Congested Regions.
South Dir 1x1 Area, Max Cong = 9.90991%, No Congested Regions.
East Dir 1x1 Area, Max Cong = 25%, No Congested Regions.
West Dir 1x1 Area, Max Cong = 19.1176%, No Congested Regions.

------------------------------
Reporting congestion hotspots
------------------------------
Direction: North
----------------
Congested clusters found at Level 0
Effective congestion level: 0 Aspect Ratio: 1 Sparse Ratio: 0
Direction: South
----------------
Congested clusters found at Level 0
Effective congestion level: 0 Aspect Ratio: 1 Sparse Ratio: 0
Direction: East
----------------
Congested clusters found at Level 0
Effective congestion level: 0 Aspect Ratio: 1 Sparse Ratio: 0
Direction: West
----------------
Congested clusters found at Level 0
Effective congestion level: 0 Aspect Ratio: 1 Sparse Ratio: 0

Phase 8 Route finalize | Checksum: 2480f0a18

Time (s): cpu = 00:00:10 ; elapsed = 00:00:08 . Memory (MB): peak = 2927.668 ; gain = 61.988 ; free physical = 5440 ; free virtual = 13570

Phase 9 Verifying routed nets

 Verification completed successfully
Phase 9 Verifying routed nets | Checksum: 2480f0a18

Time (s): cpu = 00:00:10 ; elapsed = 00:00:08 . Memory (MB): peak = 2927.668 ; gain = 61.988 ; free physical = 5440 ; free virtual = 13570

Phase 10 Depositing Routes
Phase 10 Depositing Routes | Checksum: 20e825194

Time (s): cpu = 00:00:10 ; elapsed = 00:00:08 . Memory (MB): peak = 2927.668 ; gain = 61.988 ; free physical = 5440 ; free virtual = 13570

Phase 11 Post Process Routing
Phase 11 Post Process Routing | Checksum: 20e825194

Time (s): cpu = 00:00:10 ; elapsed = 00:00:08 . Memory (MB): peak = 2927.668 ; gain = 61.988 ; free physical = 5440 ; free virtual = 13570
Total Elapsed time in route_design: 8.19 secs

Phase 12 Post-Route Event Processing
Phase 12 Post-Route Event Processing | Checksum: 205473a1d

Time (s): cpu = 00:00:10 ; elapsed = 00:00:08 . Memory (MB): peak = 2927.668 ; gain = 61.988 ; free physical = 5440 ; free virtual = 13570
INFO: [Route 35-16] Router Completed Successfully
Ending Routing Task | Checksum: 205473a1d

Time (s): cpu = 00:00:10 ; elapsed = 00:00:08 . Memory (MB): peak = 2927.668 ; gain = 61.988 ; free physical = 5440 ; free virtual = 13570

Routing Is Done.
INFO: [Common 17-83] Releasing license: Implementation
63 Infos, 4 Warnings, 3 Critical Warnings and 0 Errors encountered.
route_design completed successfully
route_design: Time (s): cpu = 00:00:10 ; elapsed = 00:00:08 . Memory (MB): peak = 2927.668 ; gain = 61.988 ; free physical = 5440 ; free virtual = 13570
INFO: [Vivado 12-24828] Executing command : report_drc -file top_drc_routed.rpt -pb top_drc_routed.pb -rpx top_drc_routed.rpx
Command: report_drc -file top_drc_routed.rpt -pb top_drc_routed.pb -rpx top_drc_routed.rpx
INFO: [IP_Flow 19-1839] IP Catalog is up to date.
INFO: [DRC 23-27] Running DRC with 8 threads
INFO: [Vivado_Tcl 2-168] The results of DRC are in file /home/szymon/Desktop/magister/toeplitz/toeplitz_timing/toeplitz_timing.runs/impl_1/top_drc_routed.rpt.
report_drc completed successfully
INFO: [Vivado 12-24828] Executing command : report_methodology -file top_methodology_drc_routed.rpt -pb top_methodology_drc_routed.pb -rpx top_methodology_drc_routed.rpx
Command: report_methodology -file top_methodology_drc_routed.rpt -pb top_methodology_drc_routed.pb -rpx top_methodology_drc_routed.rpx
INFO: [Timing 38-35] Done setting XDC timing constraints.
INFO: [DRC 23-133] Running Methodology with 8 threads
INFO: [Vivado_Tcl 2-1520] The results of Report Methodology are in file /home/szymon/Desktop/magister/toeplitz/toeplitz_timing/toeplitz_timing.runs/impl_1/top_methodology_drc_routed.rpt.
report_methodology completed successfully
INFO: [Vivado 12-24828] Executing command : report_timing_summary -max_paths 10 -routable_nets -report_unconstrained -file top_timing_summary_routed.rpt -pb top_timing_summary_routed.pb -rpx top_timing_summary_routed.rpx -warn_on_violation 
INFO: [Timing 38-35] Done setting XDC timing constraints.
INFO: [Timing 38-91] UpdateTimingParams: Speed grade: -1, Delay Type: min_max.
INFO: [Timing 38-191] Multithreading enabled for timing update using a maximum of 8 CPUs
WARNING: [Timing 38-313] There are no user specified timing constraints. Timing constraints are needed for proper timing analysis.
INFO: [Vivado 12-24838] Running report commands "report_bus_skew, report_incremental_reuse, report_route_status" in parallel.
Running report generation with 3 threads.
INFO: [Vivado 12-24828] Executing command : report_incremental_reuse -file top_incremental_reuse_routed.rpt
INFO: [Vivado_Tcl 4-1062] Incremental flow is disabled. No incremental reuse Info to report.
INFO: [Vivado 12-24828] Executing command : report_route_status -file top_route_status.rpt -pb top_route_status.pb
INFO: [Vivado 12-24828] Executing command : report_bus_skew -warn_on_violation -file top_bus_skew_routed.rpt -pb top_bus_skew_routed.pb -rpx top_bus_skew_routed.rpx
INFO: [Timing 38-91] UpdateTimingParams: Speed grade: -1, Delay Type: min_max.
INFO: [Timing 38-191] Multithreading enabled for timing update using a maximum of 8 CPUs
INFO: [Vivado 12-24828] Executing command : report_power -file top_power_routed.rpt -pb top_power_summary_routed.pb -rpx top_power_routed.rpx
Command: report_power -file top_power_routed.rpt -pb top_power_summary_routed.pb -rpx top_power_routed.rpx
WARNING: [Power 33-232] No user defined clocks were found in the design! Power estimation will be inaccurate until this is corrected.
Resolution: Please specify clocks using create_clock/create_generated_clock for sequential elements. For pure combinatorial circuits, please specify a virtual clock, otherwise the vectorless estimation might be inaccurate
Running Vector-less Activity Propagation...

Finished Running Vector-less Activity Propagation
83 Infos, 6 Warnings, 3 Critical Warnings and 0 Errors encountered.
report_power completed successfully
INFO: [Vivado 12-24828] Executing command : report_clock_utilization -file top_clock_utilization_routed.rpt
INFO: [Timing 38-480] Writing timing data to binary archive.
Write ShapeDB Complete: Time (s): cpu = 00:00:00 ; elapsed = 00:00:00 . Memory (MB): peak = 3130.145 ; gain = 0.000 ; free physical = 5318 ; free virtual = 13449
Wrote PlaceDB: Time (s): cpu = 00:00:00.04 ; elapsed = 00:00:00.01 . Memory (MB): peak = 3130.145 ; gain = 0.000 ; free physical = 5318 ; free virtual = 13449
Wrote PulsedLatchDB: Time (s): cpu = 00:00:00 ; elapsed = 00:00:00 . Memory (MB): peak = 3130.145 ; gain = 0.000 ; free physical = 5318 ; free virtual = 13449
Writing XDEF routing.
Writing XDEF routing logical nets.
Writing XDEF routing special nets.
Wrote RouteStorage: Time (s): cpu = 00:00:00.05 ; elapsed = 00:00:00.02 . Memory (MB): peak = 3130.145 ; gain = 0.000 ; free physical = 5317 ; free virtual = 13448
Wrote Netlist Cache: Time (s): cpu = 00:00:00 ; elapsed = 00:00:00 . Memory (MB): peak = 3130.145 ; gain = 0.000 ; free physical = 5317 ; free virtual = 13448
Wrote Device Cache: Time (s): cpu = 00:00:00.01 ; elapsed = 00:00:00 . Memory (MB): peak = 3130.145 ; gain = 0.000 ; free physical = 5317 ; free virtual = 13448
Write Physdb Complete: Time (s): cpu = 00:00:00.1 ; elapsed = 00:00:00.05 . Memory (MB): peak = 3130.145 ; gain = 0.000 ; free physical = 5317 ; free virtual = 13448
INFO: [Common 17-1381] The checkpoint '/home/szymon/Desktop/magister/toeplitz/toeplitz_timing/toeplitz_timing.runs/impl_1/top_routed.dcp' has been generated.
Command: write_bitstream -force top.bit
Attempting to get a license for feature 'Implementation' and/or device 'xc7z007s'
INFO: [Common 17-349] Got license for feature 'Implementation' and/or device 'xc7z007s'
Running DRC as a precondition to command write_bitstream
INFO: [IP_Flow 19-1839] IP Catalog is up to date.
INFO: [DRC 23-27] Running DRC with 8 threads
INFO: [Vivado 12-3199] DRC finished with 0 Errors
INFO: [Vivado 12-3200] Please refer to the DRC report (report_drc) for more information.
INFO: [Designutils 20-2272] Running write_bitstream with 8 threads.
Loading data files...
Loading site data...
Loading route data...
Processing options...
Creating bitmap...
Creating bitstream...
Writing bitstream ./top.bit...
INFO: [Vivado 12-1842] Bitgen Completed Successfully.
INFO: [Project 1-1876] WebTalk data collection is mandatory when using a ULT device. To see the specific WebTalk data collected for your design, open the usage_statistics_webtalk.html or usage_statistics_webtalk.xml file in the implementation directory.
INFO: [Common 17-83] Releasing license: Implementation
95 Infos, 6 Warnings, 3 Critical Warnings and 0 Errors encountered.
write_bitstream completed successfully
write_bitstream: Time (s): cpu = 00:00:11 ; elapsed = 00:00:26 . Memory (MB): peak = 3356.574 ; gain = 226.430 ; free physical = 5062 ; free virtual = 13197
INFO: [Common 17-206] Exiting Vivado at Tue Jun  9 11:46:55 2026...
