Copyright 1986-2022 Xilinx, Inc. All Rights Reserved. Copyright 2022-2025 Advanced Micro Devices, Inc. All Rights Reserved.
---------------------------------------------------------------------------------------------------------------------------------------------
| Tool Version : Vivado v.2025.1 (lin64) Build 6140274 Wed May 21 22:58:25 MDT 2025
| Date         : Tue Jun  9 11:46:16 2026
| Host         : szymon running 64-bit Ubuntu 24.04.4 LTS
| Command      : report_control_sets -verbose -file top_control_sets_placed.rpt
| Design       : top
| Device       : xc7z007s
---------------------------------------------------------------------------------------------------------------------------------------------

Control Set Information

Table of Contents
-----------------
1. Summary
2. Histogram
3. Flip-Flop Distribution
4. Detailed Control Set Information

1. Summary
----------

+----------------------------------------------------------+-------+
|                          Status                          | Count |
+----------------------------------------------------------+-------+
| Total control sets                                       |    10 |
|    Minimum number of control sets                        |    10 |
|    Addition due to synthesis replication                 |     0 |
|    Addition due to physical synthesis replication        |     0 |
| Unused register locations in slices containing registers |    18 |
+----------------------------------------------------------+-------+
* Control sets can be merged at opt_design using control_set_merge or merge_equivalent_drivers
** Run report_qor_suggestions for automated merging and remapping suggestions


2. Histogram
------------

+--------------------+-------+
|       Fanout       | Count |
+--------------------+-------+
| Total control sets |    10 |
| >= 0 to < 4        |     1 |
| >= 4 to < 6        |     1 |
| >= 6 to < 8        |     1 |
| >= 8 to < 10       |     2 |
| >= 10 to < 12      |     0 |
| >= 12 to < 14      |     0 |
| >= 14 to < 16      |     0 |
| >= 16              |     5 |
+--------------------+-------+
* Control sets can be remapped at either synth_design or opt_design


3. Flip-Flop Distribution
-------------------------

+--------------+-----------------------+------------------------+-----------------+--------------+
| Clock Enable | Synchronous Set/Reset | Asynchronous Set/Reset | Total Registers | Total Slices |
+--------------+-----------------------+------------------------+-----------------+--------------+
| No           | No                    | No                     |               6 |            3 |
| No           | No                    | Yes                    |               0 |            0 |
| No           | Yes                   | No                     |              59 |           15 |
| Yes          | No                    | No                     |              56 |           13 |
| Yes          | No                    | Yes                    |               0 |            0 |
| Yes          | Yes                   | No                     |              53 |           15 |
+--------------+-----------------------+------------------------+-----------------+--------------+


4. Detailed Control Set Information
-----------------------------------

+----------------+------------------------------+-----------------------------------------+------------------+----------------+--------------+
|  Clock Signal  |         Enable Signal        |             Set/Reset Signal            | Slice Load Count | Bel Load Count | Bels / Slice |
+----------------+------------------------------+-----------------------------------------+------------------+----------------+--------------+
|  clk_IBUF_BUFG | tx_reg                       | busy1_out                               |                1 |              1 |         1.00 |
|  clk_IBUF_BUFG | tx_reg                       | bit_idx[3]_i_1_n_0                      |                2 |              4 |         2.00 |
|  clk_IBUF_BUFG |                              |                                         |                3 |              6 |         2.00 |
|  clk_IBUF_BUFG | tx_buffer[23]_i_1_n_0        | tx_buffer[31]_i_1_n_0                   |                2 |              8 |         4.00 |
|  clk_IBUF_BUFG | busy                         | uart_cnt[7]_i_1_n_0                     |                2 |              8 |         4.00 |
|  clk_IBUF_BUFG | tx_buffer[23]_i_1_n_0        |                                         |                5 |             24 |         4.80 |
|  clk_IBUF_BUFG |                              | latch_tx_counter[31]_i_1_n_0            |                7 |             27 |         3.86 |
|  clk_IBUF_BUFG |                              | trng_inst/toeplitz_inst/q1_carry__2_n_4 |                8 |             32 |         4.00 |
|  clk_IBUF_BUFG | trng_inst/valid_o            | latch_tx_counter[31]_i_1_n_0            |                8 |             32 |         4.00 |
|  clk_IBUF_BUFG | latch_tx_counter[31]_i_1_n_0 |                                         |                8 |             32 |         4.00 |
+----------------+------------------------------+-----------------------------------------+------------------+----------------+--------------+


