
*** Running vivado
    with args -log top_uart.vdi -applog -m64 -product Vivado -messageDb vivado.pb -mode batch -source top_uart.tcl -notrace


****** Vivado v2025.1 (64-bit)
  **** SW Build 6140274 on Wed May 21 22:58:25 MDT 2025
  **** IP Build 6138677 on Thu May 22 03:10:11 MDT 2025
  **** SharedData Build 6139179 on Tue May 20 17:58:58 MDT 2025
  **** Start of session at: Sat May 16 20:06:41 2026
    ** Copyright 1986-2022 Xilinx, Inc. All Rights Reserved.
    ** Copyright 2022-2025 Advanced Micro Devices, Inc. All Rights Reserved.

source top_uart.tcl -notrace
Command: link_design -top top_uart -part xc7z007sclg400-1
Design is defaulting to srcset: sources_1
Design is defaulting to constrset: constrs_1
INFO: [Device 21-403] Loading part xc7z007sclg400-1
Netlist sorting complete. Time (s): cpu = 00:00:00 ; elapsed = 00:00:00.01 . Memory (MB): peak = 1694.055 ; gain = 0.000 ; free physical = 2346 ; free virtual = 9931
INFO: [Project 1-479] Netlist was created with Vivado 2025.1
INFO: [Project 1-570] Preparing netlist for logic optimization
Parsing XDC File [/home/szymon/Desktop/magister/base_RTL/project_1.srcs/constrs_1/new/physical.xdc]
Finished Parsing XDC File [/home/szymon/Desktop/magister/base_RTL/project_1.srcs/constrs_1/new/physical.xdc]
Parsing XDC File [/home/szymon/Desktop/magister/base_RTL/project_1.srcs/constrs_1/new/pblocks.xdc]
Finished Parsing XDC File [/home/szymon/Desktop/magister/base_RTL/project_1.srcs/constrs_1/new/pblocks.xdc]
INFO: [Opt 31-138] Pushed 0 inverter(s) to 0 load pin(s).
Netlist sorting complete. Time (s): cpu = 00:00:00 ; elapsed = 00:00:00 . Memory (MB): peak = 1869.754 ; gain = 0.000 ; free physical = 2234 ; free virtual = 9819
INFO: [Project 1-111] Unisim Transformation Summary:
No Unisim elements were transformed.

5 Infos, 0 Warnings, 0 Critical Warnings and 0 Errors encountered.
link_design completed successfully
Command: opt_design
Attempting to get a license for feature 'Implementation' and/or device 'xc7z007s'
INFO: [Common 17-349] Got license for feature 'Implementation' and/or device 'xc7z007s'
Running DRC as a precondition to command opt_design

Starting DRC Task
INFO: [DRC 23-27] Running DRC with 8 threads
INFO: [Project 1-461] DRC finished with 0 Errors
INFO: [Project 1-462] Please refer to the DRC report (report_drc) for more information.

Time (s): cpu = 00:00:01 ; elapsed = 00:00:00.47 . Memory (MB): peak = 1992.902 ; gain = 113.207 ; free physical = 2184 ; free virtual = 9769

Starting Cache Timing Information Task
INFO: [Timing 38-35] Done setting XDC timing constraints.
Ending Cache Timing Information Task | Checksum: 11944b845

Time (s): cpu = 00:00:05 ; elapsed = 00:00:05 . Memory (MB): peak = 2410.855 ; gain = 417.953 ; free physical = 1794 ; free virtual = 9380

Starting Logic Optimization Task

Phase 1 Initialization

Phase 1.1 Core Generation And Design Setup
Phase 1.1 Core Generation And Design Setup | Checksum: 11944b845

Time (s): cpu = 00:00:00 ; elapsed = 00:00:00 . Memory (MB): peak = 2766.605 ; gain = 0.000 ; free physical = 1434 ; free virtual = 9020

Phase 1.2 Setup Constraints And Sort Netlist
Phase 1.2 Setup Constraints And Sort Netlist | Checksum: 11944b845

Time (s): cpu = 00:00:00 ; elapsed = 00:00:00 . Memory (MB): peak = 2766.605 ; gain = 0.000 ; free physical = 1434 ; free virtual = 9020
Phase 1 Initialization | Checksum: 11944b845

Time (s): cpu = 00:00:00 ; elapsed = 00:00:00 . Memory (MB): peak = 2766.605 ; gain = 0.000 ; free physical = 1434 ; free virtual = 9020

Phase 2 Timer Update And Timing Data Collection

Phase 2.1 Timer Update
Phase 2.1 Timer Update | Checksum: 11944b845

Time (s): cpu = 00:00:00.01 ; elapsed = 00:00:00.01 . Memory (MB): peak = 2766.605 ; gain = 0.000 ; free physical = 1434 ; free virtual = 9020

Phase 2.2 Timing Data Collection
Phase 2.2 Timing Data Collection | Checksum: 11944b845

Time (s): cpu = 00:00:00.01 ; elapsed = 00:00:00.01 . Memory (MB): peak = 2766.605 ; gain = 0.000 ; free physical = 1434 ; free virtual = 9020
Phase 2 Timer Update And Timing Data Collection | Checksum: 11944b845

Time (s): cpu = 00:00:00.01 ; elapsed = 00:00:00.01 . Memory (MB): peak = 2766.605 ; gain = 0.000 ; free physical = 1434 ; free virtual = 9020

Phase 3 Retarget
INFO: [Opt 31-1851] Number of loadless carry chains removed were: 0
INFO: [Opt 31-1834] Total Chains To Be Transformed Were: 0 AND Number of Transformed insts Created are: 0
INFO: [Opt 31-138] Pushed 0 inverter(s) to 0 load pin(s).
INFO: [Opt 31-49] Retargeted 0 cell(s).
Phase 3 Retarget | Checksum: 11944b845

Time (s): cpu = 00:00:00.02 ; elapsed = 00:00:00.02 . Memory (MB): peak = 2766.605 ; gain = 0.000 ; free physical = 1434 ; free virtual = 9020
Retarget | Checksum: 11944b845
INFO: [Opt 31-389] Phase Retarget created 0 cells and removed 0 cells
INFO: [Opt 31-1021] In phase Retarget, 120 netlist objects are constrained preventing optimization. Please run opt_design with -debug_log to get more detail. 

Phase 4 Constant propagation
INFO: [Opt 31-138] Pushed 0 inverter(s) to 0 load pin(s).
Phase 4 Constant propagation | Checksum: 11944b845

Time (s): cpu = 00:00:00.02 ; elapsed = 00:00:00.03 . Memory (MB): peak = 2766.605 ; gain = 0.000 ; free physical = 1434 ; free virtual = 9020
Constant propagation | Checksum: 11944b845
INFO: [Opt 31-389] Phase Constant propagation created 0 cells and removed 0 cells
INFO: [Opt 31-1021] In phase Constant propagation, 180 netlist objects are constrained preventing optimization. Please run opt_design with -debug_log to get more detail. 

Phase 5 Sweep
INFO: [Constraints 18-11670] Building netlist checker database with flags, 0x8
Done building netlist checker database: Time (s): cpu = 00:00:00 ; elapsed = 00:00:00 . Memory (MB): peak = 2766.605 ; gain = 0.000 ; free physical = 1434 ; free virtual = 9020
Phase 5 Sweep | Checksum: 11944b845

Time (s): cpu = 00:00:00.03 ; elapsed = 00:00:00.03 . Memory (MB): peak = 2766.605 ; gain = 0.000 ; free physical = 1434 ; free virtual = 9020
Sweep | Checksum: 11944b845
INFO: [Opt 31-389] Phase Sweep created 0 cells and removed 0 cells
INFO: [Opt 31-1021] In phase Sweep, 180 netlist objects are constrained preventing optimization. Please run opt_design with -debug_log to get more detail. 

Phase 6 BUFG optimization
Phase 6 BUFG optimization | Checksum: 11944b845

Time (s): cpu = 00:00:00.03 ; elapsed = 00:00:00.03 . Memory (MB): peak = 2798.621 ; gain = 32.016 ; free physical = 1434 ; free virtual = 9020
BUFG optimization | Checksum: 11944b845
INFO: [Opt 31-662] Phase BUFG optimization created 0 cells of which 0 are BUFGs and removed 0 cells.

Phase 7 Shift Register Optimization
INFO: [Opt 31-1064] SRL Remap converted 0 SRLs to 0 registers and converted 0 registers of register chains to 0 SRLs
Phase 7 Shift Register Optimization | Checksum: 11944b845

Time (s): cpu = 00:00:00.03 ; elapsed = 00:00:00.04 . Memory (MB): peak = 2798.621 ; gain = 32.016 ; free physical = 1434 ; free virtual = 9020
Shift Register Optimization | Checksum: 11944b845
INFO: [Opt 31-389] Phase Shift Register Optimization created 0 cells and removed 0 cells

Phase 8 Post Processing Netlist
Phase 8 Post Processing Netlist | Checksum: 11944b845

Time (s): cpu = 00:00:00.04 ; elapsed = 00:00:00.04 . Memory (MB): peak = 2798.621 ; gain = 32.016 ; free physical = 1434 ; free virtual = 9020
Post Processing Netlist | Checksum: 11944b845
INFO: [Opt 31-389] Phase Post Processing Netlist created 0 cells and removed 0 cells
INFO: [Opt 31-1021] In phase Post Processing Netlist, 120 netlist objects are constrained preventing optimization. Please run opt_design with -debug_log to get more detail. 

Phase 9 Finalization

Phase 9.1 Finalizing Design Cores and Updating Shapes
Phase 9.1 Finalizing Design Cores and Updating Shapes | Checksum: 11944b845

Time (s): cpu = 00:00:00.04 ; elapsed = 00:00:00.04 . Memory (MB): peak = 2798.621 ; gain = 32.016 ; free physical = 1434 ; free virtual = 9020

Phase 9.2 Verifying Netlist Connectivity

Starting Connectivity Check Task

Time (s): cpu = 00:00:00 ; elapsed = 00:00:00 . Memory (MB): peak = 2798.621 ; gain = 0.000 ; free physical = 1434 ; free virtual = 9020
Phase 9.2 Verifying Netlist Connectivity | Checksum: 11944b845

Time (s): cpu = 00:00:00.04 ; elapsed = 00:00:00.04 . Memory (MB): peak = 2798.621 ; gain = 32.016 ; free physical = 1434 ; free virtual = 9020
Phase 9 Finalization | Checksum: 11944b845

Time (s): cpu = 00:00:00.04 ; elapsed = 00:00:00.04 . Memory (MB): peak = 2798.621 ; gain = 32.016 ; free physical = 1434 ; free virtual = 9020
Opt_design Change Summary
=========================


-------------------------------------------------------------------------------------------------------------------------
|  Phase                        |  #Cells created  |  #Cells Removed  |  #Constrained objects preventing optimizations  |
-------------------------------------------------------------------------------------------------------------------------
|  Retarget                     |               0  |               0  |                                            120  |
|  Constant propagation         |               0  |               0  |                                            180  |
|  Sweep                        |               0  |               0  |                                            180  |
|  BUFG optimization            |               0  |               0  |                                              0  |
|  Shift Register Optimization  |               0  |               0  |                                              0  |
|  Post Processing Netlist      |               0  |               0  |                                            120  |
-------------------------------------------------------------------------------------------------------------------------


Ending Logic Optimization Task | Checksum: 11944b845

Time (s): cpu = 00:00:00.04 ; elapsed = 00:00:00.04 . Memory (MB): peak = 2798.621 ; gain = 32.016 ; free physical = 1434 ; free virtual = 9020

Starting Power Optimization Task
INFO: [Pwropt 34-132] Skipping clock gating for clocks with a period < 2.00 ns.
Ending Power Optimization Task | Checksum: 11944b845

Time (s): cpu = 00:00:00.01 ; elapsed = 00:00:00.01 . Memory (MB): peak = 2798.621 ; gain = 0.000 ; free physical = 1434 ; free virtual = 9020

Starting Final Cleanup Task
Ending Final Cleanup Task | Checksum: 11944b845

Time (s): cpu = 00:00:00 ; elapsed = 00:00:00 . Memory (MB): peak = 2798.621 ; gain = 0.000 ; free physical = 1434 ; free virtual = 9020

Starting Netlist Obfuscation Task
Netlist sorting complete. Time (s): cpu = 00:00:00 ; elapsed = 00:00:00 . Memory (MB): peak = 2798.621 ; gain = 0.000 ; free physical = 1434 ; free virtual = 9020
Ending Netlist Obfuscation Task | Checksum: 11944b845

Time (s): cpu = 00:00:00 ; elapsed = 00:00:00 . Memory (MB): peak = 2798.621 ; gain = 0.000 ; free physical = 1434 ; free virtual = 9020
INFO: [Common 17-83] Releasing license: Implementation
29 Infos, 0 Warnings, 0 Critical Warnings and 0 Errors encountered.
opt_design completed successfully
opt_design: Time (s): cpu = 00:00:08 ; elapsed = 00:00:08 . Memory (MB): peak = 2798.621 ; gain = 918.926 ; free physical = 1434 ; free virtual = 9020
INFO: [Vivado 12-24828] Executing command : report_drc -file top_uart_drc_opted.rpt -pb top_uart_drc_opted.pb -rpx top_uart_drc_opted.rpx
Command: report_drc -file top_uart_drc_opted.rpt -pb top_uart_drc_opted.pb -rpx top_uart_drc_opted.rpx
INFO: [IP_Flow 19-234] Refreshing IP repositories
INFO: [IP_Flow 19-1704] No user IP repositories specified
INFO: [IP_Flow 19-2313] Loaded Vivado IP repository '/home/szymon/tools/Xilinx/2025.1/Vivado/data/ip'.
INFO: [DRC 23-27] Running DRC with 8 threads
INFO: [Vivado_Tcl 2-168] The results of DRC are in file /home/szymon/Desktop/magister/base_RTL/project_1.runs/impl_1/top_uart_drc_opted.rpt.
report_drc completed successfully
INFO: [Timing 38-480] Writing timing data to binary archive.
Write ShapeDB Complete: Time (s): cpu = 00:00:00 ; elapsed = 00:00:00 . Memory (MB): peak = 2798.621 ; gain = 0.000 ; free physical = 1390 ; free virtual = 8976
Wrote PlaceDB: Time (s): cpu = 00:00:00 ; elapsed = 00:00:00 . Memory (MB): peak = 2798.621 ; gain = 0.000 ; free physical = 1390 ; free virtual = 8976
Wrote PulsedLatchDB: Time (s): cpu = 00:00:00 ; elapsed = 00:00:00 . Memory (MB): peak = 2798.621 ; gain = 0.000 ; free physical = 1390 ; free virtual = 8976
Writing XDEF routing.
Writing XDEF routing logical nets.
Writing XDEF routing special nets.
Wrote RouteStorage: Time (s): cpu = 00:00:00.04 ; elapsed = 00:00:00.02 . Memory (MB): peak = 2798.621 ; gain = 0.000 ; free physical = 1390 ; free virtual = 8976
Wrote Netlist Cache: Time (s): cpu = 00:00:00 ; elapsed = 00:00:00 . Memory (MB): peak = 2798.621 ; gain = 0.000 ; free physical = 1390 ; free virtual = 8976
Wrote Device Cache: Time (s): cpu = 00:00:00.01 ; elapsed = 00:00:00 . Memory (MB): peak = 2798.621 ; gain = 0.000 ; free physical = 1390 ; free virtual = 8976
Write Physdb Complete: Time (s): cpu = 00:00:00.06 ; elapsed = 00:00:00.03 . Memory (MB): peak = 2798.621 ; gain = 0.000 ; free physical = 1390 ; free virtual = 8976
INFO: [Common 17-1381] The checkpoint '/home/szymon/Desktop/magister/base_RTL/project_1.runs/impl_1/top_uart_opt.dcp' has been generated.
Command: place_design
Attempting to get a license for feature 'Implementation' and/or device 'xc7z007s'
INFO: [Common 17-349] Got license for feature 'Implementation' and/or device 'xc7z007s'
INFO: [Common 17-83] Releasing license: Implementation
INFO: [DRC 23-27] Running DRC with 8 threads
INFO: [Vivado_Tcl 4-198] DRC finished with 0 Errors
INFO: [Vivado_Tcl 4-199] Please refer to the DRC report (report_drc) for more information.
Running DRC as a precondition to command place_design
INFO: [DRC 23-27] Running DRC with 8 threads
INFO: [Vivado_Tcl 4-198] DRC finished with 0 Errors, 6 Warnings
INFO: [Vivado_Tcl 4-199] Please refer to the DRC report (report_drc) for more information.
INFO: [Place 30-611] Multithreading enabled for place_design using a maximum of 8 CPUs

Starting Placer Task

Phase 1 Placer Initialization

Phase 1.1 Placer Initialization Netlist Sorting
Netlist sorting complete. Time (s): cpu = 00:00:00 ; elapsed = 00:00:00 . Memory (MB): peak = 2832.168 ; gain = 0.000 ; free physical = 1347 ; free virtual = 8934
Phase 1.1 Placer Initialization Netlist Sorting | Checksum: 101c1020a

Time (s): cpu = 00:00:00 ; elapsed = 00:00:00 . Memory (MB): peak = 2832.168 ; gain = 0.000 ; free physical = 1347 ; free virtual = 8934
Netlist sorting complete. Time (s): cpu = 00:00:00 ; elapsed = 00:00:00 . Memory (MB): peak = 2832.168 ; gain = 0.000 ; free physical = 1347 ; free virtual = 8934

Phase 1.2 IO Placement/ Clock Placement/ Build Placer Device
INFO: [Timing 38-35] Done setting XDC timing constraints.
Phase 1.2 IO Placement/ Clock Placement/ Build Placer Device | Checksum: 13228b3f2

Time (s): cpu = 00:00:00.26 ; elapsed = 00:00:00.09 . Memory (MB): peak = 2832.168 ; gain = 0.000 ; free physical = 1339 ; free virtual = 8926

Phase 1.3 Build Placer Netlist Model
Phase 1.3 Build Placer Netlist Model | Checksum: 1e9aa7397

Time (s): cpu = 00:00:00.35 ; elapsed = 00:00:00.11 . Memory (MB): peak = 2832.168 ; gain = 0.000 ; free physical = 1339 ; free virtual = 8926

Phase 1.4 Constrain Clocks/Macros
Phase 1.4 Constrain Clocks/Macros | Checksum: 1e9aa7397

Time (s): cpu = 00:00:00.35 ; elapsed = 00:00:00.12 . Memory (MB): peak = 2832.168 ; gain = 0.000 ; free physical = 1339 ; free virtual = 8926
Phase 1 Placer Initialization | Checksum: 1e9aa7397

Time (s): cpu = 00:00:00.36 ; elapsed = 00:00:00.12 . Memory (MB): peak = 2832.168 ; gain = 0.000 ; free physical = 1339 ; free virtual = 8926

Phase 2 Global Placement

Phase 2.1 Floorplanning
Phase 2.1 Floorplanning | Checksum: 1a1036323

Time (s): cpu = 00:00:00.36 ; elapsed = 00:00:00.12 . Memory (MB): peak = 2832.168 ; gain = 0.000 ; free physical = 1339 ; free virtual = 8926

Phase 2.2 Update Timing before SLR Path Opt
Phase 2.2 Update Timing before SLR Path Opt | Checksum: 1a1036323

Time (s): cpu = 00:00:00.36 ; elapsed = 00:00:00.12 . Memory (MB): peak = 2832.168 ; gain = 0.000 ; free physical = 1339 ; free virtual = 8926

Phase 2.3 Post-Processing in Floorplanning
Phase 2.3 Post-Processing in Floorplanning | Checksum: 1a1036323

Time (s): cpu = 00:00:00.36 ; elapsed = 00:00:00.12 . Memory (MB): peak = 2832.168 ; gain = 0.000 ; free physical = 1339 ; free virtual = 8926

Phase 2.4 Global Place Phase1
Phase 2.4 Global Place Phase1 | Checksum: 1420b85e1

Time (s): cpu = 00:00:01 ; elapsed = 00:00:00.31 . Memory (MB): peak = 2856.180 ; gain = 24.012 ; free physical = 1291 ; free virtual = 8878

Phase 2.5 Global Place Phase2
WARNING: [Place 46-29] Timing had been disabled during Placer and, therefore, physical synthesis in Placer will be skipped.
Phase 2.5 Global Place Phase2 | Checksum: 1a7ea2f1d

Time (s): cpu = 00:00:01 ; elapsed = 00:00:00.34 . Memory (MB): peak = 2856.180 ; gain = 24.012 ; free physical = 1291 ; free virtual = 8878
Phase 2 Global Placement | Checksum: 1a7ea2f1d

Time (s): cpu = 00:00:01 ; elapsed = 00:00:00.34 . Memory (MB): peak = 2856.180 ; gain = 24.012 ; free physical = 1291 ; free virtual = 8878

Phase 3 Detail Placement

Phase 3.1 Commit Multi Column Macros
Phase 3.1 Commit Multi Column Macros | Checksum: 1a7ea2f1d

Time (s): cpu = 00:00:01 ; elapsed = 00:00:00.35 . Memory (MB): peak = 2856.180 ; gain = 24.012 ; free physical = 1291 ; free virtual = 8878

Phase 3.2 Commit Most Macros & LUTRAMs
Phase 3.2 Commit Most Macros & LUTRAMs | Checksum: 1637f6743

Time (s): cpu = 00:00:01 ; elapsed = 00:00:00.35 . Memory (MB): peak = 2856.180 ; gain = 24.012 ; free physical = 1291 ; free virtual = 8878

Phase 3.3 Area Swap Optimization
Phase 3.3 Area Swap Optimization | Checksum: 176c4a091

Time (s): cpu = 00:00:01 ; elapsed = 00:00:00.35 . Memory (MB): peak = 2856.180 ; gain = 24.012 ; free physical = 1291 ; free virtual = 8878

Phase 3.4 Pipeline Register Optimization
Phase 3.4 Pipeline Register Optimization | Checksum: 176c4a091

Time (s): cpu = 00:00:01 ; elapsed = 00:00:00.35 . Memory (MB): peak = 2856.180 ; gain = 24.012 ; free physical = 1291 ; free virtual = 8878

Phase 3.5 Small Shape Detail Placement
Phase 3.5 Small Shape Detail Placement | Checksum: 1ffcd74d1

Time (s): cpu = 00:00:01 ; elapsed = 00:00:00.42 . Memory (MB): peak = 2856.180 ; gain = 24.012 ; free physical = 1283 ; free virtual = 8870

Phase 3.6 Re-assign LUT pins
Phase 3.6 Re-assign LUT pins | Checksum: 1ffcd74d1

Time (s): cpu = 00:00:02 ; elapsed = 00:00:00.43 . Memory (MB): peak = 2856.180 ; gain = 24.012 ; free physical = 1283 ; free virtual = 8870

Phase 3.7 Pipeline Register Optimization
Phase 3.7 Pipeline Register Optimization | Checksum: 1ffcd74d1

Time (s): cpu = 00:00:02 ; elapsed = 00:00:00.43 . Memory (MB): peak = 2856.180 ; gain = 24.012 ; free physical = 1283 ; free virtual = 8870
Phase 3 Detail Placement | Checksum: 1ffcd74d1

Time (s): cpu = 00:00:02 ; elapsed = 00:00:00.43 . Memory (MB): peak = 2856.180 ; gain = 24.012 ; free physical = 1283 ; free virtual = 8870

Phase 4 Post Placement Optimization and Clean-Up

Phase 4.1 Post Commit Optimization
Phase 4.1 Post Commit Optimization | Checksum: 1ffcd74d1

Time (s): cpu = 00:00:02 ; elapsed = 00:00:00.44 . Memory (MB): peak = 2856.180 ; gain = 24.012 ; free physical = 1283 ; free virtual = 8870

Phase 4.2 Post Placement Cleanup
Phase 4.2 Post Placement Cleanup | Checksum: 1ffcd74d1

Time (s): cpu = 00:00:02 ; elapsed = 00:00:00.45 . Memory (MB): peak = 2856.180 ; gain = 24.012 ; free physical = 1283 ; free virtual = 8870

Phase 4.3 Placer Reporting

Phase 4.3.1 Print Estimated Congestion
INFO: [Place 30-612] Post-Placement Estimated Congestion 
 ____________________________________________________
|           | Global Congestion | Short Congestion  |
| Direction | Region Size       | Region Size       |
|___________|___________________|___________________|
|      North|                1x1|                1x1|
|___________|___________________|___________________|
|      South|                1x1|                1x1|
|___________|___________________|___________________|
|       East|                1x1|                1x1|
|___________|___________________|___________________|
|       West|                1x1|                1x1|
|___________|___________________|___________________|

Phase 4.3.1 Print Estimated Congestion | Checksum: 1ffcd74d1

Time (s): cpu = 00:00:02 ; elapsed = 00:00:00.45 . Memory (MB): peak = 2856.180 ; gain = 24.012 ; free physical = 1283 ; free virtual = 8870
Phase 4.3 Placer Reporting | Checksum: 1ffcd74d1

Time (s): cpu = 00:00:02 ; elapsed = 00:00:00.45 . Memory (MB): peak = 2856.180 ; gain = 24.012 ; free physical = 1283 ; free virtual = 8870

Phase 4.4 Final Placement Cleanup
Netlist sorting complete. Time (s): cpu = 00:00:00 ; elapsed = 00:00:00 . Memory (MB): peak = 2856.180 ; gain = 0.000 ; free physical = 1283 ; free virtual = 8870

Time (s): cpu = 00:00:02 ; elapsed = 00:00:00.45 . Memory (MB): peak = 2856.180 ; gain = 24.012 ; free physical = 1283 ; free virtual = 8870
Phase 4 Post Placement Optimization and Clean-Up | Checksum: 1d5a8d2c4

Time (s): cpu = 00:00:02 ; elapsed = 00:00:00.45 . Memory (MB): peak = 2856.180 ; gain = 24.012 ; free physical = 1283 ; free virtual = 8870
Ending Placer Task | Checksum: 153f389bb

Time (s): cpu = 00:00:02 ; elapsed = 00:00:00.46 . Memory (MB): peak = 2856.180 ; gain = 24.012 ; free physical = 1283 ; free virtual = 8870
48 Infos, 1 Warnings, 0 Critical Warnings and 0 Errors encountered.
place_design completed successfully
INFO: [Vivado 12-24838] Running report commands "report_control_sets, report_io, report_utilization" in parallel.
Running report generation with 3 threads.
INFO: [Vivado 12-24828] Executing command : report_control_sets -verbose -file top_uart_control_sets_placed.rpt
report_control_sets: Time (s): cpu = 00:00:00.03 ; elapsed = 00:00:00.05 . Memory (MB): peak = 2856.180 ; gain = 0.000 ; free physical = 1259 ; free virtual = 8846
INFO: [Vivado 12-24828] Executing command : report_utilization -file top_uart_utilization_placed.rpt -pb top_uart_utilization_placed.pb
INFO: [Vivado 12-24828] Executing command : report_io -file top_uart_io_placed.rpt
report_io: Time (s): cpu = 00:00:00.12 ; elapsed = 00:00:00.17 . Memory (MB): peak = 2856.180 ; gain = 0.000 ; free physical = 1259 ; free virtual = 8846
INFO: [Timing 38-480] Writing timing data to binary archive.
Write ShapeDB Complete: Time (s): cpu = 00:00:00.01 ; elapsed = 00:00:00 . Memory (MB): peak = 2856.180 ; gain = 0.000 ; free physical = 1259 ; free virtual = 8846
Wrote PlaceDB: Time (s): cpu = 00:00:00.03 ; elapsed = 00:00:00.01 . Memory (MB): peak = 2856.180 ; gain = 0.000 ; free physical = 1259 ; free virtual = 8846
Wrote PulsedLatchDB: Time (s): cpu = 00:00:00 ; elapsed = 00:00:00 . Memory (MB): peak = 2856.180 ; gain = 0.000 ; free physical = 1259 ; free virtual = 8846
Writing XDEF routing.
Writing XDEF routing logical nets.
Writing XDEF routing special nets.
Wrote RouteStorage: Time (s): cpu = 00:00:00.03 ; elapsed = 00:00:00.02 . Memory (MB): peak = 2856.180 ; gain = 0.000 ; free physical = 1259 ; free virtual = 8846
Wrote Netlist Cache: Time (s): cpu = 00:00:00 ; elapsed = 00:00:00 . Memory (MB): peak = 2856.180 ; gain = 0.000 ; free physical = 1259 ; free virtual = 8846
Wrote Device Cache: Time (s): cpu = 00:00:00.01 ; elapsed = 00:00:00.01 . Memory (MB): peak = 2856.180 ; gain = 0.000 ; free physical = 1259 ; free virtual = 8847
Write Physdb Complete: Time (s): cpu = 00:00:00.09 ; elapsed = 00:00:00.04 . Memory (MB): peak = 2856.180 ; gain = 0.000 ; free physical = 1259 ; free virtual = 8847
INFO: [Common 17-1381] The checkpoint '/home/szymon/Desktop/magister/base_RTL/project_1.runs/impl_1/top_uart_placed.dcp' has been generated.
Command: phys_opt_design
Attempting to get a license for feature 'Implementation' and/or device 'xc7z007s'
INFO: [Common 17-349] Got license for feature 'Implementation' and/or device 'xc7z007s'

Starting Initial Update Timing Task

Time (s): cpu = 00:00:00 ; elapsed = 00:00:00.01 . Memory (MB): peak = 2856.180 ; gain = 0.000 ; free physical = 1243 ; free virtual = 8830
INFO: [Vivado_Tcl 4-235] No timing constraint found. The netlist was not modified.
INFO: [Common 17-83] Releasing license: Implementation
57 Infos, 1 Warnings, 0 Critical Warnings and 0 Errors encountered.
phys_opt_design completed successfully
INFO: [Timing 38-480] Writing timing data to binary archive.
Write ShapeDB Complete: Time (s): cpu = 00:00:00 ; elapsed = 00:00:00 . Memory (MB): peak = 2856.180 ; gain = 0.000 ; free physical = 1243 ; free virtual = 8830
Wrote PlaceDB: Time (s): cpu = 00:00:00.04 ; elapsed = 00:00:00.02 . Memory (MB): peak = 2856.180 ; gain = 0.000 ; free physical = 1243 ; free virtual = 8830
Wrote PulsedLatchDB: Time (s): cpu = 00:00:00 ; elapsed = 00:00:00 . Memory (MB): peak = 2856.180 ; gain = 0.000 ; free physical = 1243 ; free virtual = 8830
Writing XDEF routing.
Writing XDEF routing logical nets.
Writing XDEF routing special nets.
Wrote RouteStorage: Time (s): cpu = 00:00:00.03 ; elapsed = 00:00:00.01 . Memory (MB): peak = 2856.180 ; gain = 0.000 ; free physical = 1243 ; free virtual = 8830
Wrote Netlist Cache: Time (s): cpu = 00:00:00 ; elapsed = 00:00:00 . Memory (MB): peak = 2856.180 ; gain = 0.000 ; free physical = 1243 ; free virtual = 8830
Wrote Device Cache: Time (s): cpu = 00:00:00.01 ; elapsed = 00:00:00.01 . Memory (MB): peak = 2856.180 ; gain = 0.000 ; free physical = 1235 ; free virtual = 8823
Write Physdb Complete: Time (s): cpu = 00:00:00.09 ; elapsed = 00:00:00.04 . Memory (MB): peak = 2856.180 ; gain = 0.000 ; free physical = 1235 ; free virtual = 8823
INFO: [Common 17-1381] The checkpoint '/home/szymon/Desktop/magister/base_RTL/project_1.runs/impl_1/top_uart_physopt.dcp' has been generated.
Command: route_design
Attempting to get a license for feature 'Implementation' and/or device 'xc7z007s'
INFO: [Common 17-349] Got license for feature 'Implementation' and/or device 'xc7z007s'


Starting Routing Task
INFO: [Route 35-254] Multithreading enabled for route_design using a maximum of 8 CPUs

Phase 1 Build RT Design
Checksum: PlaceDB: a36fa6ae ConstDB: 0 ShapeSum: aa3f315 RouteDB: a5dfeff8
Post Restoration Checksum: NetGraph: 96598068 | NumContArr: 7c69a903 | Constraints: c2a8fa9d | Timing: c2a8fa9d
Phase 1 Build RT Design | Checksum: 298151ea5

Time (s): cpu = 00:00:09 ; elapsed = 00:00:08 . Memory (MB): peak = 2887.047 ; gain = 30.867 ; free physical = 1161 ; free virtual = 8747

Phase 2 Router Initialization
INFO: [Route 35-64] No timing constraints were detected. The router will operate in resource-optimization mode.

Phase 2.1 Fix Topology Constraints
Phase 2.1 Fix Topology Constraints | Checksum: 298151ea5

Time (s): cpu = 00:00:09 ; elapsed = 00:00:08 . Memory (MB): peak = 2917.047 ; gain = 60.867 ; free physical = 1138 ; free virtual = 8723

Phase 2.2 Pre Route Cleanup
Phase 2.2 Pre Route Cleanup | Checksum: 298151ea5

Time (s): cpu = 00:00:09 ; elapsed = 00:00:08 . Memory (MB): peak = 2917.047 ; gain = 60.867 ; free physical = 1138 ; free virtual = 8723
 Number of Nodes with overlaps = 0

Router Utilization Summary
  Global Vertical Routing Utilization    = 0 %
  Global Horizontal Routing Utilization  = 0 %
  Routable Net Status*
  *Does not include unroutable nets such as driverless and loadless.
  Run report_route_status for detailed report.
  Number of Failed Nets               = 231
    (Failed Nets is the sum of unrouted and partially routed nets)
  Number of Unrouted Nets             = 231
  Number of Partially Routed Nets     = 0
  Number of Node Overlaps             = 0

Phase 2 Router Initialization | Checksum: 379f0f7a3

Time (s): cpu = 00:00:09 ; elapsed = 00:00:08 . Memory (MB): peak = 2935.047 ; gain = 78.867 ; free physical = 1114 ; free virtual = 8699

Phase 3 Global Routing
Phase 3 Global Routing | Checksum: 379f0f7a3

Time (s): cpu = 00:00:09 ; elapsed = 00:00:08 . Memory (MB): peak = 2935.047 ; gain = 78.867 ; free physical = 1114 ; free virtual = 8699

Phase 4 Initial Routing

Phase 4.1 Initial Net Routing Pass
Phase 4.1 Initial Net Routing Pass | Checksum: 29df8a259

Time (s): cpu = 00:00:10 ; elapsed = 00:00:08 . Memory (MB): peak = 2935.047 ; gain = 78.867 ; free physical = 1114 ; free virtual = 8699
Phase 4 Initial Routing | Checksum: 29df8a259

Time (s): cpu = 00:00:10 ; elapsed = 00:00:08 . Memory (MB): peak = 2935.047 ; gain = 78.867 ; free physical = 1114 ; free virtual = 8699

Phase 5 Rip-up And Reroute

Phase 5.1 Global Iteration 0
 Number of Nodes with overlaps = 0
Phase 5.1 Global Iteration 0 | Checksum: 270fc9559

Time (s): cpu = 00:00:10 ; elapsed = 00:00:08 . Memory (MB): peak = 2935.047 ; gain = 78.867 ; free physical = 1114 ; free virtual = 8699
Phase 5 Rip-up And Reroute | Checksum: 270fc9559

Time (s): cpu = 00:00:10 ; elapsed = 00:00:08 . Memory (MB): peak = 2935.047 ; gain = 78.867 ; free physical = 1114 ; free virtual = 8699

Phase 6 Delay and Skew Optimization
Phase 6 Delay and Skew Optimization | Checksum: 270fc9559

Time (s): cpu = 00:00:10 ; elapsed = 00:00:08 . Memory (MB): peak = 2935.047 ; gain = 78.867 ; free physical = 1114 ; free virtual = 8699

Phase 7 Post Hold Fix

Phase 7.1 Hold Fix Iter
Phase 7.1 Hold Fix Iter | Checksum: 270fc9559

Time (s): cpu = 00:00:10 ; elapsed = 00:00:08 . Memory (MB): peak = 2935.047 ; gain = 78.867 ; free physical = 1114 ; free virtual = 8699
Phase 7 Post Hold Fix | Checksum: 270fc9559

Time (s): cpu = 00:00:10 ; elapsed = 00:00:08 . Memory (MB): peak = 2935.047 ; gain = 78.867 ; free physical = 1114 ; free virtual = 8699

Phase 8 Route finalize

Router Utilization Summary
  Global Vertical Routing Utilization    = 0.0152027 %
  Global Horizontal Routing Utilization  = 0.0128676 %
  Routable Net Status*
  *Does not include unroutable nets such as driverless and loadless.
  Run report_route_status for detailed report.
  Number of Failed Nets               = 0
    (Failed Nets is the sum of unrouted and partially routed nets)
  Number of Unrouted Nets             = 0
  Number of Partially Routed Nets     = 0
  Number of Node Overlaps             = 0


--GLOBAL Congestion:
Utilization threshold used for congestion level computation: 0.85
Congestion Report
North Dir 1x1 Area, Max Cong = 4.5045%, No Congested Regions.
South Dir 1x1 Area, Max Cong = 6.30631%, No Congested Regions.
East Dir 1x1 Area, Max Cong = 5.88235%, No Congested Regions.
West Dir 1x1 Area, Max Cong = 5.88235%, No Congested Regions.

------------------------------
Reporting congestion hotspots
------------------------------
Direction: North
----------------
Congested clusters found at Level 0
Effective congestion level: 0 Aspect Ratio: 1 Sparse Ratio: 0
Direction: South
----------------
Congested clusters found at Level 0
Effective congestion level: 0 Aspect Ratio: 1 Sparse Ratio: 0
Direction: East
----------------
Congested clusters found at Level 0
Effective congestion level: 0 Aspect Ratio: 1 Sparse Ratio: 0
Direction: West
----------------
Congested clusters found at Level 0
Effective congestion level: 0 Aspect Ratio: 1 Sparse Ratio: 0

Phase 8 Route finalize | Checksum: 270fc9559

Time (s): cpu = 00:00:10 ; elapsed = 00:00:08 . Memory (MB): peak = 2935.047 ; gain = 78.867 ; free physical = 1114 ; free virtual = 8699

Phase 9 Verifying routed nets

 Verification completed successfully
Phase 9 Verifying routed nets | Checksum: 270fc9559

Time (s): cpu = 00:00:10 ; elapsed = 00:00:08 . Memory (MB): peak = 2935.047 ; gain = 78.867 ; free physical = 1114 ; free virtual = 8699

Phase 10 Depositing Routes
Phase 10 Depositing Routes | Checksum: 2e02d1dd7

Time (s): cpu = 00:00:10 ; elapsed = 00:00:08 . Memory (MB): peak = 2935.047 ; gain = 78.867 ; free physical = 1114 ; free virtual = 8699

Phase 11 Post Process Routing
Phase 11 Post Process Routing | Checksum: 2e02d1dd7

Time (s): cpu = 00:00:10 ; elapsed = 00:00:08 . Memory (MB): peak = 2935.047 ; gain = 78.867 ; free physical = 1114 ; free virtual = 8699
Total Elapsed time in route_design: 8.16 secs

Phase 12 Post-Route Event Processing
Phase 12 Post-Route Event Processing | Checksum: 137fe27d6

Time (s): cpu = 00:00:10 ; elapsed = 00:00:08 . Memory (MB): peak = 2935.047 ; gain = 78.867 ; free physical = 1114 ; free virtual = 8699
INFO: [Route 35-16] Router Completed Successfully
Ending Routing Task | Checksum: 137fe27d6

Time (s): cpu = 00:00:10 ; elapsed = 00:00:08 . Memory (MB): peak = 2935.047 ; gain = 78.867 ; free physical = 1114 ; free virtual = 8699

Routing Is Done.
INFO: [Common 17-83] Releasing license: Implementation
64 Infos, 1 Warnings, 0 Critical Warnings and 0 Errors encountered.
route_design completed successfully
route_design: Time (s): cpu = 00:00:10 ; elapsed = 00:00:08 . Memory (MB): peak = 2935.047 ; gain = 78.867 ; free physical = 1114 ; free virtual = 8699
INFO: [Vivado 12-24828] Executing command : report_drc -file top_uart_drc_routed.rpt -pb top_uart_drc_routed.pb -rpx top_uart_drc_routed.rpx
Command: report_drc -file top_uart_drc_routed.rpt -pb top_uart_drc_routed.pb -rpx top_uart_drc_routed.rpx
INFO: [IP_Flow 19-1839] IP Catalog is up to date.
INFO: [DRC 23-27] Running DRC with 8 threads
INFO: [Vivado_Tcl 2-168] The results of DRC are in file /home/szymon/Desktop/magister/base_RTL/project_1.runs/impl_1/top_uart_drc_routed.rpt.
report_drc completed successfully
INFO: [Vivado 12-24828] Executing command : report_methodology -file top_uart_methodology_drc_routed.rpt -pb top_uart_methodology_drc_routed.pb -rpx top_uart_methodology_drc_routed.rpx
Command: report_methodology -file top_uart_methodology_drc_routed.rpt -pb top_uart_methodology_drc_routed.pb -rpx top_uart_methodology_drc_routed.rpx
INFO: [Timing 38-35] Done setting XDC timing constraints.
INFO: [DRC 23-133] Running Methodology with 8 threads
INFO: [Vivado_Tcl 2-1520] The results of Report Methodology are in file /home/szymon/Desktop/magister/base_RTL/project_1.runs/impl_1/top_uart_methodology_drc_routed.rpt.
report_methodology completed successfully
INFO: [Vivado 12-24828] Executing command : report_timing_summary -max_paths 10 -routable_nets -report_unconstrained -file top_uart_timing_summary_routed.rpt -pb top_uart_timing_summary_routed.pb -rpx top_uart_timing_summary_routed.rpx -warn_on_violation 
INFO: [Timing 38-35] Done setting XDC timing constraints.
INFO: [Timing 38-91] UpdateTimingParams: Speed grade: -1, Delay Type: min_max.
INFO: [Timing 38-191] Multithreading enabled for timing update using a maximum of 8 CPUs
WARNING: [Timing 38-313] There are no user specified timing constraints. Timing constraints are needed for proper timing analysis.
INFO: [Vivado 12-24838] Running report commands "report_bus_skew, report_incremental_reuse, report_route_status" in parallel.
Running report generation with 3 threads.
INFO: [Vivado 12-24828] Executing command : report_route_status -file top_uart_route_status.rpt -pb top_uart_route_status.pb
INFO: [Vivado 12-24828] Executing command : report_incremental_reuse -file top_uart_incremental_reuse_routed.rpt
INFO: [Vivado_Tcl 4-1062] Incremental flow is disabled. No incremental reuse Info to report.
INFO: [Vivado 12-24828] Executing command : report_bus_skew -warn_on_violation -file top_uart_bus_skew_routed.rpt -pb top_uart_bus_skew_routed.pb -rpx top_uart_bus_skew_routed.rpx
INFO: [Timing 38-91] UpdateTimingParams: Speed grade: -1, Delay Type: min_max.
INFO: [Timing 38-191] Multithreading enabled for timing update using a maximum of 8 CPUs
INFO: [Vivado 12-24828] Executing command : report_power -file top_uart_power_routed.rpt -pb top_uart_power_summary_routed.pb -rpx top_uart_power_routed.rpx
Command: report_power -file top_uart_power_routed.rpt -pb top_uart_power_summary_routed.pb -rpx top_uart_power_routed.rpx
WARNING: [Power 33-232] No user defined clocks were found in the design! Power estimation will be inaccurate until this is corrected.
Resolution: Please specify clocks using create_clock/create_generated_clock for sequential elements. For pure combinatorial circuits, please specify a virtual clock, otherwise the vectorless estimation might be inaccurate
Running Vector-less Activity Propagation...

Finished Running Vector-less Activity Propagation
84 Infos, 3 Warnings, 0 Critical Warnings and 0 Errors encountered.
report_power completed successfully
INFO: [Vivado 12-24828] Executing command : report_clock_utilization -file top_uart_clock_utilization_routed.rpt
INFO: [Timing 38-480] Writing timing data to binary archive.
Write ShapeDB Complete: Time (s): cpu = 00:00:00 ; elapsed = 00:00:00 . Memory (MB): peak = 3100.695 ; gain = 0.000 ; free physical = 1038 ; free virtual = 8623
Wrote PlaceDB: Time (s): cpu = 00:00:00.03 ; elapsed = 00:00:00.01 . Memory (MB): peak = 3100.695 ; gain = 0.000 ; free physical = 1038 ; free virtual = 8623
Wrote PulsedLatchDB: Time (s): cpu = 00:00:00 ; elapsed = 00:00:00 . Memory (MB): peak = 3100.695 ; gain = 0.000 ; free physical = 1038 ; free virtual = 8623
Writing XDEF routing.
Writing XDEF routing logical nets.
Writing XDEF routing special nets.
Wrote RouteStorage: Time (s): cpu = 00:00:00.05 ; elapsed = 00:00:00.02 . Memory (MB): peak = 3100.695 ; gain = 0.000 ; free physical = 1037 ; free virtual = 8624
Wrote Netlist Cache: Time (s): cpu = 00:00:00 ; elapsed = 00:00:00 . Memory (MB): peak = 3100.695 ; gain = 0.000 ; free physical = 1037 ; free virtual = 8624
Wrote Device Cache: Time (s): cpu = 00:00:00.01 ; elapsed = 00:00:00.01 . Memory (MB): peak = 3100.695 ; gain = 0.000 ; free physical = 1037 ; free virtual = 8624
Write Physdb Complete: Time (s): cpu = 00:00:00.1 ; elapsed = 00:00:00.04 . Memory (MB): peak = 3100.695 ; gain = 0.000 ; free physical = 1037 ; free virtual = 8624
INFO: [Common 17-1381] The checkpoint '/home/szymon/Desktop/magister/base_RTL/project_1.runs/impl_1/top_uart_routed.dcp' has been generated.
Command: write_bitstream -force top_uart.bit
Attempting to get a license for feature 'Implementation' and/or device 'xc7z007s'
INFO: [Common 17-349] Got license for feature 'Implementation' and/or device 'xc7z007s'
Running DRC as a precondition to command write_bitstream
INFO: [IP_Flow 19-1839] IP Catalog is up to date.
INFO: [DRC 23-27] Running DRC with 8 threads
INFO: [Vivado 12-3199] DRC finished with 0 Errors
INFO: [Vivado 12-3200] Please refer to the DRC report (report_drc) for more information.
INFO: [Designutils 20-2272] Running write_bitstream with 8 threads.
Loading data files...
Loading site data...
Loading route data...
Processing options...
Creating bitmap...
Creating bitstream...
Writing bitstream ./top_uart.bit...
INFO: [Vivado 12-1842] Bitgen Completed Successfully.
INFO: [Project 1-1876] WebTalk data collection is mandatory when using a ULT device. To see the specific WebTalk data collected for your design, open the usage_statistics_webtalk.html or usage_statistics_webtalk.xml file in the implementation directory.
INFO: [Common 17-83] Releasing license: Implementation
96 Infos, 3 Warnings, 0 Critical Warnings and 0 Errors encountered.
write_bitstream completed successfully
write_bitstream: Time (s): cpu = 00:00:11 ; elapsed = 00:00:18 . Memory (MB): peak = 3358.391 ; gain = 257.695 ; free physical = 745 ; free virtual = 8338
INFO: [Common 17-206] Exiting Vivado at Sat May 16 20:07:29 2026...
