Copyright 1986-2022 Xilinx, Inc. All Rights Reserved. Copyright 2022-2025 Advanced Micro Devices, Inc. All Rights Reserved.
---------------------------------------------------------------------------------------------------------------------------------------------
| Tool Version : Vivado v.2025.1 (lin64) Build 6140274 Wed May 21 22:58:25 MDT 2025
| Date         : Fri May 15 15:50:13 2026
| Host         : szymon running 64-bit Ubuntu 24.04.4 LTS
| Command      : report_control_sets -verbose -file top_uart_control_sets_placed.rpt
| Design       : top_uart
| Device       : xc7z007s
---------------------------------------------------------------------------------------------------------------------------------------------

Control Set Information

Table of Contents
-----------------
1. Summary
2. Histogram
3. Flip-Flop Distribution
4. Detailed Control Set Information

1. Summary
----------

+----------------------------------------------------------+-------+
|                          Status                          | Count |
+----------------------------------------------------------+-------+
| Total control sets                                       |     6 |
|    Minimum number of control sets                        |     6 |
|    Addition due to synthesis replication                 |     0 |
|    Addition due to physical synthesis replication        |     0 |
| Unused register locations in slices containing registers |    12 |
+----------------------------------------------------------+-------+
* Control sets can be merged at opt_design using control_set_merge or merge_equivalent_drivers
** Run report_qor_suggestions for automated merging and remapping suggestions


2. Histogram
------------

+--------------------+-------+
|       Fanout       | Count |
+--------------------+-------+
| Total control sets |     6 |
| >= 0 to < 4        |     1 |
| >= 4 to < 6        |     1 |
| >= 6 to < 8        |     0 |
| >= 8 to < 10       |     2 |
| >= 10 to < 12      |     0 |
| >= 12 to < 14      |     0 |
| >= 14 to < 16      |     1 |
| >= 16              |     1 |
+--------------------+-------+
* Control sets can be remapped at either synth_design or opt_design


3. Flip-Flop Distribution
-------------------------

+--------------+-----------------------+------------------------+-----------------+--------------+
| Clock Enable | Synchronous Set/Reset | Asynchronous Set/Reset | Total Registers | Total Slices |
+--------------+-----------------------+------------------------+-----------------+--------------+
| No           | No                    | No                     |              16 |            9 |
| No           | No                    | Yes                    |               0 |            0 |
| No           | Yes                   | No                     |               0 |            0 |
| Yes          | No                    | No                     |               8 |            1 |
| Yes          | No                    | Yes                    |               0 |            0 |
| Yes          | Yes                   | No                     |              28 |            8 |
+--------------+-----------------------+------------------------+-----------------+--------------+


4. Detailed Control Set Information
-----------------------------------

+----------------+-----------------------+----------------------+------------------+----------------+--------------+
|  Clock Signal  |     Enable Signal     |   Set/Reset Signal   | Slice Load Count | Bel Load Count | Bels / Slice |
+----------------+-----------------------+----------------------+------------------+----------------+--------------+
|  clk_IBUF_BUFG | tx_reg                | trng_inst/E[0]       |                1 |              1 |         1.00 |
|  clk_IBUF_BUFG | bit_idx               | trng_inst/E[0]       |                1 |              4 |         4.00 |
|  clk_IBUF_BUFG | busy                  | trng_inst/SR[0]      |                3 |              8 |         2.67 |
|  clk_IBUF_BUFG | trng_inst/E[0]        |                      |                1 |              8 |         8.00 |
|  clk_IBUF_BUFG | trng_inst/sample_sreg | trng_inst/trng_valid |                3 |             15 |         5.00 |
|  clk_IBUF_BUFG |                       |                      |                9 |             16 |         1.78 |
+----------------+-----------------------+----------------------+------------------+----------------+--------------+


