Copyright 1986-2022 Xilinx, Inc. All Rights Reserved. Copyright 2022-2025 Advanced Micro Devices, Inc. All Rights Reserved.
------------------------------------------------------------------------------------------------------------------------------------------------------------------------------------------------------------------------------------
| Tool Version : Vivado v.2025.1 (lin64) Build 6140274 Wed May 21 22:58:25 MDT 2025
| Date         : Sat May  9 22:44:47 2026
| Host         : szymon running 64-bit Ubuntu 24.04.4 LTS
| Command      : report_timing_summary -max_paths 10 -routable_nets -report_unconstrained -file top_uart_timing_summary_routed.rpt -pb top_uart_timing_summary_routed.pb -rpx top_uart_timing_summary_routed.rpx -warn_on_violation
| Design       : top_uart
| Device       : 7z007s-clg400
| Speed File   : -1  PRODUCTION 1.12 2019-11-22
| Design State : Routed
------------------------------------------------------------------------------------------------------------------------------------------------------------------------------------------------------------------------------------

Timing Summary Report

------------------------------------------------------------------------------------------------
| Timer Settings
| --------------
------------------------------------------------------------------------------------------------

  Enable Multi Corner Analysis               :  Yes
  Enable Pessimism Removal                   :  Yes
  Pessimism Removal Resolution               :  Nearest Common Node
  Enable Input Delay Default Clock           :  No
  Enable Preset / Clear Arcs                 :  No
  Disable Flight Delays                      :  No
  Ignore I/O Paths                           :  No
  Timing Early Launch at Borrowing Latches   :  No
  Borrow Time for Max Delay Exceptions       :  Yes
  Merge Timing Exceptions                    :  Yes
  Inter-SLR Compensation                     :  Conservative

  Corner  Analyze    Analyze    
  Name    Max Paths  Min Paths  
  ------  ---------  ---------  
  Slow    Yes        Yes        
  Fast    Yes        Yes        


------------------------------------------------------------------------------------------------
| Report Methodology
| ------------------
------------------------------------------------------------------------------------------------

Rule       Severity          Description                  Violations  
---------  ----------------  ---------------------------  ----------  
TIMING-17  Critical Warning  Non-clocked sequential cell  36          
TIMING-23  Warning           Combinational loop found     3           

Note: This report is based on the most recent report_methodology run and may not be up-to-date. Run report_methodology on the current design for the latest report.



check_timing report

Table of Contents
-----------------
1. checking no_clock (36)
2. checking constant_clock (0)
3. checking pulse_width_clock (0)
4. checking unconstrained_internal_endpoints (70)
5. checking no_input_delay (0)
6. checking no_output_delay (1)
7. checking multiple_clock (0)
8. checking generated_clocks (0)
9. checking loops (3)
10. checking partial_input_delay (0)
11. checking partial_output_delay (0)
12. checking latch_loops (0)

1. checking no_clock (36)
-------------------------
 There are 36 register/latch pins with no clock driven by root clock pin: clk (HIGH)


2. checking constant_clock (0)
------------------------------
 There are 0 register/latch pins with constant_clock.


3. checking pulse_width_clock (0)
---------------------------------
 There are 0 register/latch pins which need pulse_width check


4. checking unconstrained_internal_endpoints (70)
-------------------------------------------------
 There are 70 pins that are not constrained for maximum delay. (HIGH)

 There are 0 pins that are not constrained for maximum delay due to constant clock.


5. checking no_input_delay (0)
------------------------------
 There are 0 input ports with no input delay specified.

 There are 0 input ports with no input delay but user has a false path constraint.


6. checking no_output_delay (1)
-------------------------------
 There is 1 port with no output delay specified. (HIGH)

 There are 0 ports with no output delay but user has a false path constraint

 There are 0 ports with no output delay but with a timing clock defined on it or propagating through it


7. checking multiple_clock (0)
------------------------------
 There are 0 register/latch pins with multiple clocks.


8. checking generated_clocks (0)
--------------------------------
 There are 0 generated clocks that are not connected to a clock source.


9. checking loops (3)
---------------------
 There are 3 combinational loops in the design. (HIGH)


10. checking partial_input_delay (0)
------------------------------------
 There are 0 input ports with partial input delay specified.


11. checking partial_output_delay (0)
-------------------------------------
 There are 0 ports with partial output delay specified.


12. checking latch_loops (0)
----------------------------
 There are 0 combinational latch loops in the design through latch input



------------------------------------------------------------------------------------------------
| Design Timing Summary
| ---------------------
------------------------------------------------------------------------------------------------

    WNS(ns)      TNS(ns)  TNS Failing Endpoints  TNS Total Endpoints      WHS(ns)      THS(ns)  THS Failing Endpoints  THS Total Endpoints     WPWS(ns)     TPWS(ns)  TPWS Failing Endpoints  TPWS Total Endpoints  
    -------      -------  ---------------------  -------------------      -------      -------  ---------------------  -------------------     --------     --------  ----------------------  --------------------  
        inf        0.000                      0                   71          inf        0.000                      0                   71           NA           NA                      NA                    NA  


There are no user specified timing constraints.


------------------------------------------------------------------------------------------------
| Clock Summary
| -------------
------------------------------------------------------------------------------------------------


------------------------------------------------------------------------------------------------
| Intra Clock Table
| -----------------
------------------------------------------------------------------------------------------------

Clock             WNS(ns)      TNS(ns)  TNS Failing Endpoints  TNS Total Endpoints      WHS(ns)      THS(ns)  THS Failing Endpoints  THS Total Endpoints     WPWS(ns)     TPWS(ns)  TPWS Failing Endpoints  TPWS Total Endpoints  
-----             -------      -------  ---------------------  -------------------      -------      -------  ---------------------  -------------------     --------     --------  ----------------------  --------------------  


------------------------------------------------------------------------------------------------
| Inter Clock Table
| -----------------
------------------------------------------------------------------------------------------------

From Clock    To Clock          WNS(ns)      TNS(ns)  TNS Failing Endpoints  TNS Total Endpoints      WHS(ns)      THS(ns)  THS Failing Endpoints  THS Total Endpoints  
----------    --------          -------      -------  ---------------------  -------------------      -------      -------  ---------------------  -------------------  


------------------------------------------------------------------------------------------------
| Other Path Groups Table
| -----------------------
------------------------------------------------------------------------------------------------

Path Group    From Clock    To Clock          WNS(ns)      TNS(ns)  TNS Failing Endpoints  TNS Total Endpoints      WHS(ns)      THS(ns)  THS Failing Endpoints  THS Total Endpoints  
----------    ----------    --------          -------      -------  ---------------------  -------------------      -------      -------  ---------------------  -------------------  


------------------------------------------------------------------------------------------------
| User Ignored Path Table
| -----------------------
------------------------------------------------------------------------------------------------

Path Group    From Clock    To Clock    
----------    ----------    --------    


------------------------------------------------------------------------------------------------
| Unconstrained Path Table
| ------------------------
------------------------------------------------------------------------------------------------

Path Group    From Clock    To Clock    
----------    ----------    --------    
(none)                                    


------------------------------------------------------------------------------------------------
| Timing Details
| --------------
------------------------------------------------------------------------------------------------


--------------------------------------------------------------------------------------
Path Group:  (none)
From Clock:  
  To Clock:  

Max Delay            71 Endpoints
Min Delay            71 Endpoints
--------------------------------------------------------------------------------------


Max Delay Paths
--------------------------------------------------------------------------------------
Slack:                    inf
  Source:                 tx_reg_reg/C
                            (rising edge-triggered cell FDSE)
  Destination:            tx
                            (output port)
  Path Group:             (none)
  Path Type:              Max at Slow Process Corner
  Data Path Delay:        5.640ns  (logic 3.963ns (70.266%)  route 1.677ns (29.734%))
  Logic Levels:           2  (FDSE=1 OBUF=1)

    Location             Delay type                Incr(ns)  Path(ns)    Netlist Resource(s)
  -------------------------------------------------------------------    -------------------
    SLICE_X43Y62         FDSE                         0.000     0.000 r  tx_reg_reg/C
    SLICE_X43Y62         FDSE (Prop_fdse_C_Q)         0.456     0.456 r  tx_reg_reg/Q
                         net (fo=1, routed)           1.677     2.133    tx_OBUF
    G15                  OBUF (Prop_obuf_I_O)         3.507     5.640 r  tx_OBUF_inst/O
                         net (fo=0)                   0.000     5.640    tx
    G15                                                               r  tx (OUT)
  -------------------------------------------------------------------    -------------------

Slack:                    inf
  Source:                 bit_idx_reg[2]/C
                            (rising edge-triggered cell FDRE)
  Destination:            bit_idx_reg[1]/CE
  Path Group:             (none)
  Path Type:              Max at Slow Process Corner
  Data Path Delay:        3.269ns  (logic 0.897ns (27.437%)  route 2.372ns (72.563%))
  Logic Levels:           3  (FDRE=1 LUT3=1 LUT4=1)

    Location             Delay type                Incr(ns)  Path(ns)    Netlist Resource(s)
  -------------------------------------------------------------------    -------------------
    SLICE_X42Y62         FDRE                         0.000     0.000 r  bit_idx_reg[2]/C
    SLICE_X42Y62         FDRE (Prop_fdre_C_Q)         0.478     0.478 f  bit_idx_reg[2]/Q
                         net (fo=4, routed)           1.043     1.521    bit_idx_reg[2]
    SLICE_X42Y62         LUT4 (Prop_lut4_I2_O)        0.295     1.816 r  bit_idx[3]_i_3/O
                         net (fo=2, routed)           0.803     2.619    bit_idx[3]_i_3_n_0
    SLICE_X42Y61         LUT3 (Prop_lut3_I0_O)        0.124     2.743 r  bit_idx[3]_i_1/O
                         net (fo=4, routed)           0.526     3.269    bit_idx
    SLICE_X42Y62         FDRE                                         r  bit_idx_reg[1]/CE
  -------------------------------------------------------------------    -------------------

Slack:                    inf
  Source:                 bit_idx_reg[2]/C
                            (rising edge-triggered cell FDRE)
  Destination:            bit_idx_reg[2]/CE
  Path Group:             (none)
  Path Type:              Max at Slow Process Corner
  Data Path Delay:        3.269ns  (logic 0.897ns (27.437%)  route 2.372ns (72.563%))
  Logic Levels:           3  (FDRE=1 LUT3=1 LUT4=1)

    Location             Delay type                Incr(ns)  Path(ns)    Netlist Resource(s)
  -------------------------------------------------------------------    -------------------
    SLICE_X42Y62         FDRE                         0.000     0.000 r  bit_idx_reg[2]/C
    SLICE_X42Y62         FDRE (Prop_fdre_C_Q)         0.478     0.478 f  bit_idx_reg[2]/Q
                         net (fo=4, routed)           1.043     1.521    bit_idx_reg[2]
    SLICE_X42Y62         LUT4 (Prop_lut4_I2_O)        0.295     1.816 r  bit_idx[3]_i_3/O
                         net (fo=2, routed)           0.803     2.619    bit_idx[3]_i_3_n_0
    SLICE_X42Y61         LUT3 (Prop_lut3_I0_O)        0.124     2.743 r  bit_idx[3]_i_1/O
                         net (fo=4, routed)           0.526     3.269    bit_idx
    SLICE_X42Y62         FDRE                                         r  bit_idx_reg[2]/CE
  -------------------------------------------------------------------    -------------------

Slack:                    inf
  Source:                 bit_idx_reg[2]/C
                            (rising edge-triggered cell FDRE)
  Destination:            bit_idx_reg[3]/CE
  Path Group:             (none)
  Path Type:              Max at Slow Process Corner
  Data Path Delay:        3.269ns  (logic 0.897ns (27.437%)  route 2.372ns (72.563%))
  Logic Levels:           3  (FDRE=1 LUT3=1 LUT4=1)

    Location             Delay type                Incr(ns)  Path(ns)    Netlist Resource(s)
  -------------------------------------------------------------------    -------------------
    SLICE_X42Y62         FDRE                         0.000     0.000 r  bit_idx_reg[2]/C
    SLICE_X42Y62         FDRE (Prop_fdre_C_Q)         0.478     0.478 f  bit_idx_reg[2]/Q
                         net (fo=4, routed)           1.043     1.521    bit_idx_reg[2]
    SLICE_X42Y62         LUT4 (Prop_lut4_I2_O)        0.295     1.816 r  bit_idx[3]_i_3/O
                         net (fo=2, routed)           0.803     2.619    bit_idx[3]_i_3_n_0
    SLICE_X42Y61         LUT3 (Prop_lut3_I0_O)        0.124     2.743 r  bit_idx[3]_i_1/O
                         net (fo=4, routed)           0.526     3.269    bit_idx
    SLICE_X42Y62         FDRE                                         r  bit_idx_reg[3]/CE
  -------------------------------------------------------------------    -------------------

Slack:                    inf
  Source:                 bit_idx_reg[2]/C
                            (rising edge-triggered cell FDRE)
  Destination:            bit_idx_reg[0]/CE
  Path Group:             (none)
  Path Type:              Max at Slow Process Corner
  Data Path Delay:        3.234ns  (logic 0.897ns (27.737%)  route 2.337ns (72.263%))
  Logic Levels:           3  (FDRE=1 LUT3=1 LUT4=1)

    Location             Delay type                Incr(ns)  Path(ns)    Netlist Resource(s)
  -------------------------------------------------------------------    -------------------
    SLICE_X42Y62         FDRE                         0.000     0.000 r  bit_idx_reg[2]/C
    SLICE_X42Y62         FDRE (Prop_fdre_C_Q)         0.478     0.478 f  bit_idx_reg[2]/Q
                         net (fo=4, routed)           1.043     1.521    bit_idx_reg[2]
    SLICE_X42Y62         LUT4 (Prop_lut4_I2_O)        0.295     1.816 r  bit_idx[3]_i_3/O
                         net (fo=2, routed)           0.803     2.619    bit_idx[3]_i_3_n_0
    SLICE_X42Y61         LUT3 (Prop_lut3_I0_O)        0.124     2.743 r  bit_idx[3]_i_1/O
                         net (fo=4, routed)           0.491     3.234    bit_idx
    SLICE_X41Y61         FDRE                                         r  bit_idx_reg[0]/CE
  -------------------------------------------------------------------    -------------------

Slack:                    inf
  Source:                 uart_cnt_reg[3]/C
                            (rising edge-triggered cell FDRE)
  Destination:            uart_cnt_reg[6]/R
  Path Group:             (none)
  Path Type:              Max at Slow Process Corner
  Data Path Delay:        3.190ns  (logic 0.766ns (24.016%)  route 2.424ns (75.984%))
  Logic Levels:           3  (FDRE=1 LUT3=1 LUT6=1)

    Location             Delay type                Incr(ns)  Path(ns)    Netlist Resource(s)
  -------------------------------------------------------------------    -------------------
    SLICE_X42Y60         FDRE                         0.000     0.000 r  uart_cnt_reg[3]/C
    SLICE_X42Y60         FDRE (Prop_fdre_C_Q)         0.518     0.518 r  uart_cnt_reg[3]/Q
                         net (fo=5, routed)           0.827     1.345    uart_cnt_reg[3]
    SLICE_X42Y60         LUT6 (Prop_lut6_I2_O)        0.124     1.469 f  tx_reg_i_3/O
                         net (fo=4, routed)           0.808     2.277    tx_reg_i_3_n_0
    SLICE_X42Y61         LUT3 (Prop_lut3_I1_O)        0.124     2.401 r  uart_cnt[7]_i_1/O
                         net (fo=8, routed)           0.788     3.190    uart_cnt[7]_i_1_n_0
    SLICE_X42Y61         FDRE                                         r  uart_cnt_reg[6]/R
  -------------------------------------------------------------------    -------------------

Slack:                    inf
  Source:                 uart_cnt_reg[3]/C
                            (rising edge-triggered cell FDRE)
  Destination:            uart_cnt_reg[7]/R
  Path Group:             (none)
  Path Type:              Max at Slow Process Corner
  Data Path Delay:        3.190ns  (logic 0.766ns (24.016%)  route 2.424ns (75.984%))
  Logic Levels:           3  (FDRE=1 LUT3=1 LUT6=1)

    Location             Delay type                Incr(ns)  Path(ns)    Netlist Resource(s)
  -------------------------------------------------------------------    -------------------
    SLICE_X42Y60         FDRE                         0.000     0.000 r  uart_cnt_reg[3]/C
    SLICE_X42Y60         FDRE (Prop_fdre_C_Q)         0.518     0.518 r  uart_cnt_reg[3]/Q
                         net (fo=5, routed)           0.827     1.345    uart_cnt_reg[3]
    SLICE_X42Y60         LUT6 (Prop_lut6_I2_O)        0.124     1.469 f  tx_reg_i_3/O
                         net (fo=4, routed)           0.808     2.277    tx_reg_i_3_n_0
    SLICE_X42Y61         LUT3 (Prop_lut3_I1_O)        0.124     2.401 r  uart_cnt[7]_i_1/O
                         net (fo=8, routed)           0.788     3.190    uart_cnt[7]_i_1_n_0
    SLICE_X42Y61         FDRE                                         r  uart_cnt_reg[7]/R
  -------------------------------------------------------------------    -------------------

Slack:                    inf
  Source:                 uart_cnt_reg[3]/C
                            (rising edge-triggered cell FDRE)
  Destination:            uart_cnt_reg[0]/R
  Path Group:             (none)
  Path Type:              Max at Slow Process Corner
  Data Path Delay:        2.899ns  (logic 0.766ns (26.422%)  route 2.133ns (73.578%))
  Logic Levels:           3  (FDRE=1 LUT3=1 LUT6=1)

    Location             Delay type                Incr(ns)  Path(ns)    Netlist Resource(s)
  -------------------------------------------------------------------    -------------------
    SLICE_X42Y60         FDRE                         0.000     0.000 r  uart_cnt_reg[3]/C
    SLICE_X42Y60         FDRE (Prop_fdre_C_Q)         0.518     0.518 r  uart_cnt_reg[3]/Q
                         net (fo=5, routed)           0.827     1.345    uart_cnt_reg[3]
    SLICE_X42Y60         LUT6 (Prop_lut6_I2_O)        0.124     1.469 f  tx_reg_i_3/O
                         net (fo=4, routed)           0.808     2.277    tx_reg_i_3_n_0
    SLICE_X42Y61         LUT3 (Prop_lut3_I1_O)        0.124     2.401 r  uart_cnt[7]_i_1/O
                         net (fo=8, routed)           0.498     2.899    uart_cnt[7]_i_1_n_0
    SLICE_X43Y60         FDRE                                         r  uart_cnt_reg[0]/R
  -------------------------------------------------------------------    -------------------

Slack:                    inf
  Source:                 uart_cnt_reg[3]/C
                            (rising edge-triggered cell FDRE)
  Destination:            uart_cnt_reg[1]/R
  Path Group:             (none)
  Path Type:              Max at Slow Process Corner
  Data Path Delay:        2.899ns  (logic 0.766ns (26.422%)  route 2.133ns (73.578%))
  Logic Levels:           3  (FDRE=1 LUT3=1 LUT6=1)

    Location             Delay type                Incr(ns)  Path(ns)    Netlist Resource(s)
  -------------------------------------------------------------------    -------------------
    SLICE_X42Y60         FDRE                         0.000     0.000 r  uart_cnt_reg[3]/C
    SLICE_X42Y60         FDRE (Prop_fdre_C_Q)         0.518     0.518 r  uart_cnt_reg[3]/Q
                         net (fo=5, routed)           0.827     1.345    uart_cnt_reg[3]
    SLICE_X42Y60         LUT6 (Prop_lut6_I2_O)        0.124     1.469 f  tx_reg_i_3/O
                         net (fo=4, routed)           0.808     2.277    tx_reg_i_3_n_0
    SLICE_X42Y61         LUT3 (Prop_lut3_I1_O)        0.124     2.401 r  uart_cnt[7]_i_1/O
                         net (fo=8, routed)           0.498     2.899    uart_cnt[7]_i_1_n_0
    SLICE_X43Y60         FDRE                                         r  uart_cnt_reg[1]/R
  -------------------------------------------------------------------    -------------------

Slack:                    inf
  Source:                 uart_cnt_reg[3]/C
                            (rising edge-triggered cell FDRE)
  Destination:            uart_cnt_reg[2]/R
  Path Group:             (none)
  Path Type:              Max at Slow Process Corner
  Data Path Delay:        2.899ns  (logic 0.766ns (26.422%)  route 2.133ns (73.578%))
  Logic Levels:           3  (FDRE=1 LUT3=1 LUT6=1)

    Location             Delay type                Incr(ns)  Path(ns)    Netlist Resource(s)
  -------------------------------------------------------------------    -------------------
    SLICE_X42Y60         FDRE                         0.000     0.000 r  uart_cnt_reg[3]/C
    SLICE_X42Y60         FDRE (Prop_fdre_C_Q)         0.518     0.518 r  uart_cnt_reg[3]/Q
                         net (fo=5, routed)           0.827     1.345    uart_cnt_reg[3]
    SLICE_X42Y60         LUT6 (Prop_lut6_I2_O)        0.124     1.469 f  tx_reg_i_3/O
                         net (fo=4, routed)           0.808     2.277    tx_reg_i_3_n_0
    SLICE_X42Y61         LUT3 (Prop_lut3_I1_O)        0.124     2.401 r  uart_cnt[7]_i_1/O
                         net (fo=8, routed)           0.498     2.899    uart_cnt[7]_i_1_n_0
    SLICE_X43Y60         FDRE                                         r  uart_cnt_reg[2]/R
  -------------------------------------------------------------------    -------------------





Min Delay Paths
--------------------------------------------------------------------------------------
Slack:                    inf
  Source:                 trng_inst/sample_sreg_reg[2]/C
                            (rising edge-triggered cell FDRE)
  Destination:            tx_buffer_reg[2]/D
  Path Group:             (none)
  Path Type:              Min at Fast Process Corner
  Data Path Delay:        0.204ns  (logic 0.141ns (69.074%)  route 0.063ns (30.926%))
  Logic Levels:           1  (FDRE=1)

    Location             Delay type                Incr(ns)  Path(ns)    Netlist Resource(s)
  -------------------------------------------------------------------    -------------------
    SLICE_X40Y62         FDRE                         0.000     0.000 r  trng_inst/sample_sreg_reg[2]/C
    SLICE_X40Y62         FDRE (Prop_fdre_C_Q)         0.141     0.141 r  trng_inst/sample_sreg_reg[2]/Q
                         net (fo=2, routed)           0.063     0.204    trng_data[2]
    SLICE_X41Y62         FDRE                                         r  tx_buffer_reg[2]/D
  -------------------------------------------------------------------    -------------------

Slack:                    inf
  Source:                 trng_inst/entropy_cell_gen[0].neoTRNG_cell_inst/sync_reg[0]/C
                            (rising edge-triggered cell FDRE)
  Destination:            trng_inst/entropy_cell_gen[0].neoTRNG_cell_inst/sync_reg[1]/D
  Path Group:             (none)
  Path Type:              Min at Fast Process Corner
  Data Path Delay:        0.247ns  (logic 0.128ns (51.736%)  route 0.119ns (48.264%))
  Logic Levels:           1  (FDRE=1)

    Location             Delay type                Incr(ns)  Path(ns)    Netlist Resource(s)
  -------------------------------------------------------------------    -------------------
    SLICE_X40Y61         FDRE                         0.000     0.000 r  trng_inst/entropy_cell_gen[0].neoTRNG_cell_inst/sync_reg[0]/C
    SLICE_X40Y61         FDRE (Prop_fdre_C_Q)         0.128     0.128 r  trng_inst/entropy_cell_gen[0].neoTRNG_cell_inst/sync_reg[0]/Q
                         net (fo=1, routed)           0.119     0.247    trng_inst/entropy_cell_gen[0].neoTRNG_cell_inst/sync_reg_n_0_[0]
    SLICE_X40Y61         FDRE                                         r  trng_inst/entropy_cell_gen[0].neoTRNG_cell_inst/sync_reg[1]/D
  -------------------------------------------------------------------    -------------------

Slack:                    inf
  Source:                 trng_inst/sample_sreg_reg[5]/C
                            (rising edge-triggered cell FDRE)
  Destination:            trng_inst/sample_sreg_reg[6]/D
  Path Group:             (none)
  Path Type:              Min at Fast Process Corner
  Data Path Delay:        0.247ns  (logic 0.128ns (51.736%)  route 0.119ns (48.264%))
  Logic Levels:           1  (FDRE=1)

    Location             Delay type                Incr(ns)  Path(ns)    Netlist Resource(s)
  -------------------------------------------------------------------    -------------------
    SLICE_X40Y62         FDRE                         0.000     0.000 r  trng_inst/sample_sreg_reg[5]/C
    SLICE_X40Y62         FDRE (Prop_fdre_C_Q)         0.128     0.128 r  trng_inst/sample_sreg_reg[5]/Q
                         net (fo=2, routed)           0.119     0.247    trng_inst/D[5]
    SLICE_X40Y62         FDRE                                         r  trng_inst/sample_sreg_reg[6]/D
  -------------------------------------------------------------------    -------------------

Slack:                    inf
  Source:                 trng_inst/sample_sreg_reg[1]/C
                            (rising edge-triggered cell FDRE)
  Destination:            tx_buffer_reg[1]/D
  Path Group:             (none)
  Path Type:              Min at Fast Process Corner
  Data Path Delay:        0.259ns  (logic 0.141ns (54.519%)  route 0.118ns (45.481%))
  Logic Levels:           1  (FDRE=1)

    Location             Delay type                Incr(ns)  Path(ns)    Netlist Resource(s)
  -------------------------------------------------------------------    -------------------
    SLICE_X40Y62         FDRE                         0.000     0.000 r  trng_inst/sample_sreg_reg[1]/C
    SLICE_X40Y62         FDRE (Prop_fdre_C_Q)         0.141     0.141 r  trng_inst/sample_sreg_reg[1]/Q
                         net (fo=2, routed)           0.118     0.259    trng_data[1]
    SLICE_X41Y62         FDRE                                         r  tx_buffer_reg[1]/D
  -------------------------------------------------------------------    -------------------

Slack:                    inf
  Source:                 trng_inst/sample_sreg_reg[6]/C
                            (rising edge-triggered cell FDRE)
  Destination:            trng_inst/sample_sreg_reg[7]/D
  Path Group:             (none)
  Path Type:              Min at Fast Process Corner
  Data Path Delay:        0.263ns  (logic 0.128ns (48.603%)  route 0.135ns (51.397%))
  Logic Levels:           1  (FDRE=1)

    Location             Delay type                Incr(ns)  Path(ns)    Netlist Resource(s)
  -------------------------------------------------------------------    -------------------
    SLICE_X40Y62         FDRE                         0.000     0.000 r  trng_inst/sample_sreg_reg[6]/C
    SLICE_X40Y62         FDRE (Prop_fdre_C_Q)         0.128     0.128 r  trng_inst/sample_sreg_reg[6]/Q
                         net (fo=2, routed)           0.135     0.263    trng_inst/D[6]
    SLICE_X40Y62         FDRE                                         r  trng_inst/sample_sreg_reg[7]/D
  -------------------------------------------------------------------    -------------------

Slack:                    inf
  Source:                 trng_inst/sample_sreg_reg[4]/C
                            (rising edge-triggered cell FDRE)
  Destination:            trng_inst/sample_sreg_reg[5]/D
  Path Group:             (none)
  Path Type:              Min at Fast Process Corner
  Data Path Delay:        0.271ns  (logic 0.141ns (52.114%)  route 0.130ns (47.886%))
  Logic Levels:           1  (FDRE=1)

    Location             Delay type                Incr(ns)  Path(ns)    Netlist Resource(s)
  -------------------------------------------------------------------    -------------------
    SLICE_X40Y62         FDRE                         0.000     0.000 r  trng_inst/sample_sreg_reg[4]/C
    SLICE_X40Y62         FDRE (Prop_fdre_C_Q)         0.141     0.141 r  trng_inst/sample_sreg_reg[4]/Q
                         net (fo=2, routed)           0.130     0.271    trng_inst/D[4]
    SLICE_X40Y62         FDRE                                         r  trng_inst/sample_sreg_reg[5]/D
  -------------------------------------------------------------------    -------------------

Slack:                    inf
  Source:                 busy_reg/C
                            (rising edge-triggered cell FDRE)
  Destination:            uart_cnt_reg[6]/CE
  Path Group:             (none)
  Path Type:              Min at Fast Process Corner
  Data Path Delay:        0.303ns  (logic 0.141ns (46.584%)  route 0.162ns (53.416%))
  Logic Levels:           1  (FDRE=1)

    Location             Delay type                Incr(ns)  Path(ns)    Netlist Resource(s)
  -------------------------------------------------------------------    -------------------
    SLICE_X43Y61         FDRE                         0.000     0.000 r  busy_reg/C
    SLICE_X43Y61         FDRE (Prop_fdre_C_Q)         0.141     0.141 r  busy_reg/Q
                         net (fo=11, routed)          0.162     0.303    busy
    SLICE_X42Y61         FDRE                                         r  uart_cnt_reg[6]/CE
  -------------------------------------------------------------------    -------------------

Slack:                    inf
  Source:                 busy_reg/C
                            (rising edge-triggered cell FDRE)
  Destination:            uart_cnt_reg[7]/CE
  Path Group:             (none)
  Path Type:              Min at Fast Process Corner
  Data Path Delay:        0.303ns  (logic 0.141ns (46.584%)  route 0.162ns (53.416%))
  Logic Levels:           1  (FDRE=1)

    Location             Delay type                Incr(ns)  Path(ns)    Netlist Resource(s)
  -------------------------------------------------------------------    -------------------
    SLICE_X43Y61         FDRE                         0.000     0.000 r  busy_reg/C
    SLICE_X43Y61         FDRE (Prop_fdre_C_Q)         0.141     0.141 r  busy_reg/Q
                         net (fo=11, routed)          0.162     0.303    busy
    SLICE_X42Y61         FDRE                                         r  uart_cnt_reg[7]/CE
  -------------------------------------------------------------------    -------------------

Slack:                    inf
  Source:                 trng_inst/sample_sreg_reg[7]/C
                            (rising edge-triggered cell FDRE)
  Destination:            tx_buffer_reg[7]/D
  Path Group:             (none)
  Path Type:              Min at Fast Process Corner
  Data Path Delay:        0.304ns  (logic 0.128ns (42.152%)  route 0.176ns (57.848%))
  Logic Levels:           1  (FDRE=1)

    Location             Delay type                Incr(ns)  Path(ns)    Netlist Resource(s)
  -------------------------------------------------------------------    -------------------
    SLICE_X40Y62         FDRE                         0.000     0.000 r  trng_inst/sample_sreg_reg[7]/C
    SLICE_X40Y62         FDRE (Prop_fdre_C_Q)         0.128     0.128 r  trng_inst/sample_sreg_reg[7]/Q
                         net (fo=1, routed)           0.176     0.304    trng_inst_n_0
    SLICE_X41Y62         FDRE                                         r  tx_buffer_reg[7]/D
  -------------------------------------------------------------------    -------------------

Slack:                    inf
  Source:                 trng_inst/entropy_cell_gen[2].neoTRNG_cell_inst/sync_reg[1]/C
                            (rising edge-triggered cell FDRE)
  Destination:            trng_inst/sample_sreg_reg[0]/D
  Path Group:             (none)
  Path Type:              Min at Fast Process Corner
  Data Path Delay:        0.307ns  (logic 0.186ns (60.661%)  route 0.121ns (39.339%))
  Logic Levels:           2  (FDRE=1 LUT3=1)

    Location             Delay type                Incr(ns)  Path(ns)    Netlist Resource(s)
  -------------------------------------------------------------------    -------------------
    SLICE_X40Y63         FDRE                         0.000     0.000 r  trng_inst/entropy_cell_gen[2].neoTRNG_cell_inst/sync_reg[1]/C
    SLICE_X40Y63         FDRE (Prop_fdre_C_Q)         0.141     0.141 r  trng_inst/entropy_cell_gen[2].neoTRNG_cell_inst/sync_reg[1]/Q
                         net (fo=1, routed)           0.121     0.262    trng_inst/cell_rnd_2
    SLICE_X40Y61         LUT3 (Prop_lut3_I2_O)        0.045     0.307 r  trng_inst/p_2_out/O
                         net (fo=1, routed)           0.000     0.307    trng_inst/p_2_out__0[0]
    SLICE_X40Y61         FDRE                                         r  trng_inst/sample_sreg_reg[0]/D
  -------------------------------------------------------------------    -------------------





