
*** Running vivado
    with args -log aes_ctr.vds -m64 -product Vivado -mode batch -messageDb vivado.pb -notrace -source aes_ctr.tcl


****** Vivado v2025.1 (64-bit)
  **** SW Build 6140274 on Wed May 21 22:58:25 MDT 2025
  **** IP Build 6138677 on Thu May 22 03:10:11 MDT 2025
  **** SharedData Build 6139179 on Tue May 20 17:58:58 MDT 2025
  **** Start of session at: Mon Jun  8 21:23:41 2026
    ** Copyright 1986-2022 Xilinx, Inc. All Rights Reserved.
    ** Copyright 2022-2025 Advanced Micro Devices, Inc. All Rights Reserved.

source aes_ctr.tcl -notrace
Command: read_checkpoint -auto_incremental -incremental /home/szymon/Desktop/magister/aes/project_2/project_2.srcs/utils_1/imports/synth_1/aes_ctr.dcp
INFO: [Vivado 12-5825] Read reference checkpoint from /home/szymon/Desktop/magister/aes/project_2/project_2.srcs/utils_1/imports/synth_1/aes_ctr.dcp for incremental synthesis
INFO: [Vivado 12-7989] Please ensure there are no constraint changes
Command: synth_design -top aes_ctr -part xc7z007sclg400-1
Starting synth_design
Attempting to get a license for feature 'Synthesis' and/or device 'xc7z007s'
INFO: [Common 17-349] Got license for feature 'Synthesis' and/or device 'xc7z007s'
INFO: [Device 21-403] Loading part xc7z007sclg400-1
INFO: [Designutils 20-5440] No compile time benefit to using incremental synthesis; A full resynthesis will be run
INFO: [Designutils 20-4379] Flow is switching to default flow due to incremental criteria not met. If you would like to alter this behaviour and have the flow terminate instead, please set the following parameter config_implementation {autoIncr.Synth.RejectBehavior Terminate}
INFO: [Synth 8-7079] Multithreading enabled for synth_design using a maximum of 7 processes.
INFO: [Synth 8-7078] Launching helper process for spawning children vivado processes
INFO: [Synth 8-7075] Helper process launched with PID 87589
---------------------------------------------------------------------------------
Starting RTL Elaboration : Time (s): cpu = 00:00:04 ; elapsed = 00:00:04 . Memory (MB): peak = 2124.977 ; gain = 441.797 ; free physical = 879 ; free virtual = 11188
---------------------------------------------------------------------------------
INFO: [Synth 8-638] synthesizing module 'aes_ctr' [/home/szymon/Desktop/magister/aes/project_2/project_2.srcs/sources_1/new/aes_ctr.vhd:12]
INFO: [Synth 8-638] synthesizing module 'neoTRNG' [/home/szymon/Desktop/magister/aes/project_2/project_2.srcs/sources_1/new/neoTRNG.vhd:20]
	Parameter NUM_CELLS bound to: 2 - type: integer 
	Parameter NUM_INV_START bound to: 3 - type: integer 
	Parameter SIM_MODE bound to: 0 - type: bool 
	Parameter NUM_INV bound to: 3 - type: integer 
	Parameter SIM_MODE bound to: 0 - type: bool 
INFO: [Synth 8-3491] module 'neoTRNG_cell' declared at '/home/szymon/Desktop/magister/aes/project_2/project_2.srcs/sources_1/new/neoTRNG.vhd:146' bound to instance 'neoTRNG_cell_inst' of component 'neoTRNG_cell' [/home/szymon/Desktop/magister/aes/project_2/project_2.srcs/sources_1/new/neoTRNG.vhd:56]
INFO: [Synth 8-638] synthesizing module 'neoTRNG_cell' [/home/szymon/Desktop/magister/aes/project_2/project_2.srcs/sources_1/new/neoTRNG.vhd:160]
	Parameter NUM_INV bound to: 3 - type: integer 
	Parameter SIM_MODE bound to: 0 - type: bool 
INFO: [Synth 8-256] done synthesizing module 'neoTRNG_cell' (0#1) [/home/szymon/Desktop/magister/aes/project_2/project_2.srcs/sources_1/new/neoTRNG.vhd:160]
	Parameter NUM_INV bound to: 5 - type: integer 
	Parameter SIM_MODE bound to: 0 - type: bool 
INFO: [Synth 8-3491] module 'neoTRNG_cell' declared at '/home/szymon/Desktop/magister/aes/project_2/project_2.srcs/sources_1/new/neoTRNG.vhd:146' bound to instance 'neoTRNG_cell_inst' of component 'neoTRNG_cell' [/home/szymon/Desktop/magister/aes/project_2/project_2.srcs/sources_1/new/neoTRNG.vhd:56]
INFO: [Synth 8-638] synthesizing module 'neoTRNG_cell__parameterized1' [/home/szymon/Desktop/magister/aes/project_2/project_2.srcs/sources_1/new/neoTRNG.vhd:160]
	Parameter NUM_INV bound to: 5 - type: integer 
	Parameter SIM_MODE bound to: 0 - type: bool 
INFO: [Synth 8-256] done synthesizing module 'neoTRNG_cell__parameterized1' (0#1) [/home/szymon/Desktop/magister/aes/project_2/project_2.srcs/sources_1/new/neoTRNG.vhd:160]
INFO: [Synth 8-256] done synthesizing module 'neoTRNG' (0#1) [/home/szymon/Desktop/magister/aes/project_2/project_2.srcs/sources_1/new/neoTRNG.vhd:20]
INFO: [Synth 8-638] synthesizing module 'aes_enc' [/home/szymon/Desktop/magister/aes/project_2/project_2.srcs/sources_1/imports/RTL/aes_enc.vhd:31]
INFO: [Synth 8-638] synthesizing module '\reg ' [/home/szymon/Desktop/magister/aes/project_2/project_2.srcs/sources_1/imports/RTL/reg.vhd:29]
	Parameter size bound to: 128 - type: integer 
INFO: [Synth 8-256] done synthesizing module '\reg ' (0#1) [/home/szymon/Desktop/magister/aes/project_2/project_2.srcs/sources_1/imports/RTL/reg.vhd:29]
INFO: [Synth 8-638] synthesizing module 'add_round_key' [/home/szymon/Desktop/magister/aes/project_2/project_2.srcs/sources_1/imports/RTL/add_round_key.vhd:29]
INFO: [Synth 8-256] done synthesizing module 'add_round_key' (0#1) [/home/szymon/Desktop/magister/aes/project_2/project_2.srcs/sources_1/imports/RTL/add_round_key.vhd:29]
INFO: [Synth 8-638] synthesizing module 'sub_byte' [/home/szymon/Desktop/magister/aes/project_2/project_2.srcs/sources_1/imports/RTL/sub_byte.vhd:27]
INFO: [Synth 8-638] synthesizing module 'sbox' [/home/szymon/Desktop/magister/aes/project_2/project_2.srcs/sources_1/imports/RTL/sbox.vhd:27]
INFO: [Synth 8-226] default block is never used [/home/szymon/Desktop/magister/aes/project_2/project_2.srcs/sources_1/imports/RTL/sbox.vhd:32]
INFO: [Synth 8-256] done synthesizing module 'sbox' (0#1) [/home/szymon/Desktop/magister/aes/project_2/project_2.srcs/sources_1/imports/RTL/sbox.vhd:27]
INFO: [Synth 8-256] done synthesizing module 'sub_byte' (0#1) [/home/szymon/Desktop/magister/aes/project_2/project_2.srcs/sources_1/imports/RTL/sub_byte.vhd:27]
INFO: [Synth 8-638] synthesizing module 'shift_rows' [/home/szymon/Desktop/magister/aes/project_2/project_2.srcs/sources_1/imports/RTL/shift_rwos.vhd:27]
INFO: [Synth 8-256] done synthesizing module 'shift_rows' (0#1) [/home/szymon/Desktop/magister/aes/project_2/project_2.srcs/sources_1/imports/RTL/shift_rwos.vhd:27]
INFO: [Synth 8-638] synthesizing module 'mix_columns' [/home/szymon/Desktop/magister/aes/project_2/project_2.srcs/sources_1/imports/RTL/mix_columns.vhd:27]
INFO: [Synth 8-638] synthesizing module 'column_calculator' [/home/szymon/Desktop/magister/aes/project_2/project_2.srcs/sources_1/imports/RTL/column_calculator.vhd:27]
INFO: [Synth 8-638] synthesizing module 'gfmult_by2' [/home/szymon/Desktop/magister/aes/project_2/project_2.srcs/sources_1/imports/RTL/gfmult_by2.vhd:27]
INFO: [Synth 8-256] done synthesizing module 'gfmult_by2' (0#1) [/home/szymon/Desktop/magister/aes/project_2/project_2.srcs/sources_1/imports/RTL/gfmult_by2.vhd:27]
INFO: [Synth 8-256] done synthesizing module 'column_calculator' (0#1) [/home/szymon/Desktop/magister/aes/project_2/project_2.srcs/sources_1/imports/RTL/column_calculator.vhd:27]
INFO: [Synth 8-256] done synthesizing module 'mix_columns' (0#1) [/home/szymon/Desktop/magister/aes/project_2/project_2.srcs/sources_1/imports/RTL/mix_columns.vhd:27]
INFO: [Synth 8-638] synthesizing module 'controller' [/home/szymon/Desktop/magister/aes/project_2/project_2.srcs/sources_1/imports/RTL/controller.vhd:30]
INFO: [Synth 8-638] synthesizing module 'reg__parameterized0' [/home/szymon/Desktop/magister/aes/project_2/project_2.srcs/sources_1/imports/RTL/reg.vhd:29]
	Parameter size bound to: 8 - type: integer 
INFO: [Synth 8-256] done synthesizing module 'reg__parameterized0' (0#1) [/home/szymon/Desktop/magister/aes/project_2/project_2.srcs/sources_1/imports/RTL/reg.vhd:29]
INFO: [Synth 8-256] done synthesizing module 'controller' (0#1) [/home/szymon/Desktop/magister/aes/project_2/project_2.srcs/sources_1/imports/RTL/controller.vhd:30]
INFO: [Synth 8-638] synthesizing module 'key_schedule' [/home/szymon/Desktop/magister/aes/project_2/project_2.srcs/sources_1/imports/RTL/key_schedule.vhd:30]
INFO: [Synth 8-638] synthesizing module 'key_sch_round_function' [/home/szymon/Desktop/magister/aes/project_2/project_2.srcs/sources_1/imports/RTL/key_sch_round_function.vhd:28]
INFO: [Synth 8-256] done synthesizing module 'key_sch_round_function' (0#1) [/home/szymon/Desktop/magister/aes/project_2/project_2.srcs/sources_1/imports/RTL/key_sch_round_function.vhd:28]
INFO: [Synth 8-256] done synthesizing module 'key_schedule' (0#1) [/home/szymon/Desktop/magister/aes/project_2/project_2.srcs/sources_1/imports/RTL/key_schedule.vhd:30]
INFO: [Synth 8-256] done synthesizing module 'aes_enc' (0#1) [/home/szymon/Desktop/magister/aes/project_2/project_2.srcs/sources_1/imports/RTL/aes_enc.vhd:31]
	Parameter BAUD_DIV bound to: 135 - type: integer 
INFO: [Synth 8-3491] module 'simple_uart_tx' declared at '/home/szymon/Desktop/magister/aes/project_2/project_2.srcs/sources_1/new/simple_uart_tx.vhd:5' bound to instance 'uart_inst' of component 'simple_uart_tx' [/home/szymon/Desktop/magister/aes/project_2/project_2.srcs/sources_1/new/aes_ctr.vhd:119]
INFO: [Synth 8-638] synthesizing module 'simple_uart_tx' [/home/szymon/Desktop/magister/aes/project_2/project_2.srcs/sources_1/new/simple_uart_tx.vhd:19]
	Parameter BAUD_DIV bound to: 135 - type: integer 
INFO: [Synth 8-256] done synthesizing module 'simple_uart_tx' (0#1) [/home/szymon/Desktop/magister/aes/project_2/project_2.srcs/sources_1/new/simple_uart_tx.vhd:19]
INFO: [Synth 8-256] done synthesizing module 'aes_ctr' (0#1) [/home/szymon/Desktop/magister/aes/project_2/project_2.srcs/sources_1/new/aes_ctr.vhd:12]
---------------------------------------------------------------------------------
Finished RTL Elaboration : Time (s): cpu = 00:00:05 ; elapsed = 00:00:05 . Memory (MB): peak = 2202.914 ; gain = 519.734 ; free physical = 793 ; free virtual = 11103
---------------------------------------------------------------------------------
---------------------------------------------------------------------------------
Start Handling Custom Attributes
---------------------------------------------------------------------------------
---------------------------------------------------------------------------------
Finished Handling Custom Attributes : Time (s): cpu = 00:00:05 ; elapsed = 00:00:05 . Memory (MB): peak = 2220.727 ; gain = 537.547 ; free physical = 793 ; free virtual = 11103
---------------------------------------------------------------------------------
---------------------------------------------------------------------------------
Finished RTL Optimization Phase 1 : Time (s): cpu = 00:00:05 ; elapsed = 00:00:05 . Memory (MB): peak = 2220.727 ; gain = 537.547 ; free physical = 793 ; free virtual = 11103
---------------------------------------------------------------------------------
Netlist sorting complete. Time (s): cpu = 00:00:00.03 ; elapsed = 00:00:00.02 . Memory (MB): peak = 2220.727 ; gain = 0.000 ; free physical = 793 ; free virtual = 11103
INFO: [Project 1-570] Preparing netlist for logic optimization

Processing XDC Constraints
Initializing timing engine
Parsing XDC File [/home/szymon/Desktop/magister/aes/project_2/project_2.srcs/constrs_1/new/physical.xdc]
WARNING: [Vivado 12-507] No nets matched 'trng_inst/entropy_cell_gen[0].neoTRNG_cell_inst/inv_out_4'. [/home/szymon/Desktop/magister/aes/project_2/project_2.srcs/constrs_1/new/physical.xdc:5]
CRITICAL WARNING: [Common 17-55] 'set_property' expects at least one object. [/home/szymon/Desktop/magister/aes/project_2/project_2.srcs/constrs_1/new/physical.xdc:5]
Resolution: If [get_<value>] was used to populate the object, check to make sure this command returns at least one valid object.
WARNING: [Vivado 12-507] No nets matched 'trng_inst/entropy_cell_gen[1].neoTRNG_cell_inst/inv_out_6'. [/home/szymon/Desktop/magister/aes/project_2/project_2.srcs/constrs_1/new/physical.xdc:6]
CRITICAL WARNING: [Common 17-55] 'set_property' expects at least one object. [/home/szymon/Desktop/magister/aes/project_2/project_2.srcs/constrs_1/new/physical.xdc:6]
Resolution: If [get_<value>] was used to populate the object, check to make sure this command returns at least one valid object.
WARNING: [Vivado 12-507] No nets matched 'trng_inst/entropy_cell_gen[2].neoTRNG_cell_inst/inv_out_8'. [/home/szymon/Desktop/magister/aes/project_2/project_2.srcs/constrs_1/new/physical.xdc:7]
CRITICAL WARNING: [Common 17-55] 'set_property' expects at least one object. [/home/szymon/Desktop/magister/aes/project_2/project_2.srcs/constrs_1/new/physical.xdc:7]
Resolution: If [get_<value>] was used to populate the object, check to make sure this command returns at least one valid object.
Finished Parsing XDC File [/home/szymon/Desktop/magister/aes/project_2/project_2.srcs/constrs_1/new/physical.xdc]
INFO: [Project 1-236] Implementation specific constraints were found while reading constraint file [/home/szymon/Desktop/magister/aes/project_2/project_2.srcs/constrs_1/new/physical.xdc]. These constraints will be ignored for synthesis but will be used in implementation. Impacted constraints are listed in the file [.Xil/aes_ctr_propImpl.xdc].
Resolution: To avoid this warning, move constraints listed in [.Xil/aes_ctr_propImpl.xdc] to another XDC file and exclude this new file from synthesis with the used_in_synthesis property (File Properties dialog in GUI) and re-run elaboration/synthesis.
Completed Processing XDC Constraints

Netlist sorting complete. Time (s): cpu = 00:00:00 ; elapsed = 00:00:00 . Memory (MB): peak = 2349.465 ; gain = 0.000 ; free physical = 799 ; free virtual = 11109
INFO: [Project 1-111] Unisim Transformation Summary:
No Unisim elements were transformed.

Constraint Validation Runtime : Time (s): cpu = 00:00:00.01 ; elapsed = 00:00:00 . Memory (MB): peak = 2349.500 ; gain = 0.000 ; free physical = 799 ; free virtual = 11109
INFO: [Designutils 20-5440] No compile time benefit to using incremental synthesis; A full resynthesis will be run
INFO: [Designutils 20-4379] Flow is switching to default flow due to incremental criteria not met. If you would like to alter this behaviour and have the flow terminate instead, please set the following parameter config_implementation {autoIncr.Synth.RejectBehavior Terminate}
---------------------------------------------------------------------------------
Finished Constraint Validation : Time (s): cpu = 00:00:11 ; elapsed = 00:00:11 . Memory (MB): peak = 2349.500 ; gain = 666.320 ; free physical = 816 ; free virtual = 11126
---------------------------------------------------------------------------------
---------------------------------------------------------------------------------
Start Loading Part and Timing Information
---------------------------------------------------------------------------------
Loading part: xc7z007sclg400-1
---------------------------------------------------------------------------------
Finished Loading Part and Timing Information : Time (s): cpu = 00:00:11 ; elapsed = 00:00:11 . Memory (MB): peak = 2357.469 ; gain = 674.289 ; free physical = 816 ; free virtual = 11126
---------------------------------------------------------------------------------
---------------------------------------------------------------------------------
Start Applying 'set_property' XDC Constraints
---------------------------------------------------------------------------------
---------------------------------------------------------------------------------
Finished applying 'set_property' XDC Constraints : Time (s): cpu = 00:00:11 ; elapsed = 00:00:11 . Memory (MB): peak = 2357.469 ; gain = 674.289 ; free physical = 816 ; free virtual = 11126
---------------------------------------------------------------------------------
INFO: [Synth 8-802] inferred FSM for state register 'state_reg' in module 'simple_uart_tx'
INFO: [Synth 8-802] inferred FSM for state register 'state_reg' in module 'aes_ctr'
WARNING: [Synth 8-327] inferring latch for variable 'ring_osc_gen[0].latch_reg' [/home/szymon/Desktop/magister/aes/project_2/project_2.srcs/sources_1/new/neoTRNG.vhd:199]
WARNING: [Synth 8-327] inferring latch for variable 'ring_osc_gen[1].latch_reg' [/home/szymon/Desktop/magister/aes/project_2/project_2.srcs/sources_1/new/neoTRNG.vhd:199]
WARNING: [Synth 8-327] inferring latch for variable 'ring_osc_gen[2].latch_reg' [/home/szymon/Desktop/magister/aes/project_2/project_2.srcs/sources_1/new/neoTRNG.vhd:199]
WARNING: [Synth 8-327] inferring latch for variable 'ring_osc_gen[0].latch_reg' [/home/szymon/Desktop/magister/aes/project_2/project_2.srcs/sources_1/new/neoTRNG.vhd:199]
WARNING: [Synth 8-327] inferring latch for variable 'ring_osc_gen[1].latch_reg' [/home/szymon/Desktop/magister/aes/project_2/project_2.srcs/sources_1/new/neoTRNG.vhd:199]
WARNING: [Synth 8-327] inferring latch for variable 'ring_osc_gen[2].latch_reg' [/home/szymon/Desktop/magister/aes/project_2/project_2.srcs/sources_1/new/neoTRNG.vhd:199]
WARNING: [Synth 8-327] inferring latch for variable 'ring_osc_gen[3].latch_reg' [/home/szymon/Desktop/magister/aes/project_2/project_2.srcs/sources_1/new/neoTRNG.vhd:199]
WARNING: [Synth 8-327] inferring latch for variable 'ring_osc_gen[4].latch_reg' [/home/szymon/Desktop/magister/aes/project_2/project_2.srcs/sources_1/new/neoTRNG.vhd:199]
---------------------------------------------------------------------------------------------------
                   State |                     New Encoding |                Previous Encoding 
---------------------------------------------------------------------------------------------------
                 st_idle |                              000 |                              000
                st_start |                              001 |                              001
                 st_data |                              010 |                              010
                 st_stop |                              011 |                              011
                 st_done |                              100 |                              100
---------------------------------------------------------------------------------------------------
INFO: [Synth 8-3354] encoded FSM with state register 'state_reg' using encoding 'sequential' in module 'simple_uart_tx'
---------------------------------------------------------------------------------------------------
                   State |                     New Encoding |                Previous Encoding 
---------------------------------------------------------------------------------------------------
                st_reset |                           000001 |                              000
            st_wait_trng |                           000010 |                              001
            st_start_aes |                           000100 |                              010
             st_wait_aes |                           001000 |                              011
            st_load_uart |                           010000 |                              100
            st_wait_uart |                           100000 |                              101
---------------------------------------------------------------------------------------------------
INFO: [Synth 8-3354] encoded FSM with state register 'state_reg' using encoding 'one-hot' in module 'aes_ctr'
WARNING: [Synth 8-12595] Onehot encoded FSM with state register 'state_reg' is not having reset. This may cause incorrect behavior. User should consider using FSM_SAFE_STATE attribute on the register
---------------------------------------------------------------------------------
Finished RTL Optimization Phase 2 : Time (s): cpu = 00:00:12 ; elapsed = 00:00:12 . Memory (MB): peak = 2357.469 ; gain = 674.289 ; free physical = 811 ; free virtual = 11122
---------------------------------------------------------------------------------
---------------------------------------------------------------------------------
Start RTL Component Statistics 
---------------------------------------------------------------------------------
Detailed RTL Component Info : 
+---Adders : 
	   2 Input   32 Bit       Adders := 1     
	   2 Input   17 Bit       Adders := 1     
	   2 Input    8 Bit       Adders := 2     
	   2 Input    4 Bit       Adders := 1     
	   2 Input    3 Bit       Adders := 1     
+---XORs : 
	   2 Input    128 Bit         XORs := 1     
	   2 Input     32 Bit         XORs := 3     
	   2 Input     24 Bit         XORs := 1     
	   2 Input      8 Bit         XORs := 37    
	   3 Input      8 Bit         XORs := 17    
	   2 Input      1 Bit         XORs := 1     
+---Registers : 
	              224 Bit    Registers := 2     
	              128 Bit    Registers := 5     
	               96 Bit    Registers := 1     
	               32 Bit    Registers := 1     
	               17 Bit    Registers := 1     
	                8 Bit    Registers := 5     
	                5 Bit    Registers := 1     
	                4 Bit    Registers := 2     
	                3 Bit    Registers := 2     
	                2 Bit    Registers := 2     
	                1 Bit    Registers := 8     
+---Muxes : 
	   2 Input  224 Bit        Muxes := 1     
	   2 Input  128 Bit        Muxes := 3     
	   6 Input   32 Bit        Muxes := 1     
	   6 Input   17 Bit        Muxes := 1     
	   2 Input    8 Bit        Muxes := 2     
	   5 Input    8 Bit        Muxes := 1     
	   6 Input    6 Bit        Muxes := 1     
	   2 Input    6 Bit        Muxes := 2     
	   6 Input    4 Bit        Muxes := 1     
	   5 Input    3 Bit        Muxes := 2     
	   2 Input    1 Bit        Muxes := 4     
	   5 Input    1 Bit        Muxes := 8     
	   6 Input    1 Bit        Muxes := 8     
---------------------------------------------------------------------------------
Finished RTL Component Statistics 
---------------------------------------------------------------------------------
---------------------------------------------------------------------------------
Start Part Resource Summary
---------------------------------------------------------------------------------
Part Resources:
DSPs: 66 (col length:40)
BRAMs: 100 (col length: RAMB18 40 RAMB36 20)
---------------------------------------------------------------------------------
Finished Part Resource Summary
---------------------------------------------------------------------------------
---------------------------------------------------------------------------------
Start Cross Boundary and Area Optimization
---------------------------------------------------------------------------------
WARNING: [Synth 8-7080] Parallel synthesis criteria is not met
---------------------------------------------------------------------------------
Finished Cross Boundary and Area Optimization : Time (s): cpu = 00:00:22 ; elapsed = 00:00:22 . Memory (MB): peak = 2357.469 ; gain = 674.289 ; free physical = 772 ; free virtual = 11088
---------------------------------------------------------------------------------
---------------------------------------------------------------------------------
Start ROM, RAM, DSP, Shift Register and Retiming Reporting
---------------------------------------------------------------------------------

ROM: Preliminary Mapping Report
+------------+-------------------------------------------------------+---------------+----------------+
|Module Name | RTL Object                                            | Depth x Width | Implemented As | 
+------------+-------------------------------------------------------+---------------+----------------+
|sbox        | output_byte                                           | 256x8         | LUT            | 
|aes_enc     | sub_byte_inst/gen[5].sbox_inst/output_byte            | 256x8         | LUT            | 
|aes_enc     | sub_byte_inst/gen[10].sbox_inst/output_byte           | 256x8         | LUT            | 
|aes_enc     | sub_byte_inst/gen[15].sbox_inst/output_byte           | 256x8         | LUT            | 
|aes_enc     | sub_byte_inst/gen[4].sbox_inst/output_byte            | 256x8         | LUT            | 
|aes_enc     | sub_byte_inst/gen[9].sbox_inst/output_byte            | 256x8         | LUT            | 
|aes_enc     | sub_byte_inst/gen[14].sbox_inst/output_byte           | 256x8         | LUT            | 
|aes_enc     | sub_byte_inst/gen[3].sbox_inst/output_byte            | 256x8         | LUT            | 
|aes_enc     | sub_byte_inst/gen[8].sbox_inst/output_byte            | 256x8         | LUT            | 
|aes_enc     | sub_byte_inst/gen[13].sbox_inst/output_byte           | 256x8         | LUT            | 
|aes_enc     | sub_byte_inst/gen[2].sbox_inst/output_byte            | 256x8         | LUT            | 
|aes_enc     | sub_byte_inst/gen[7].sbox_inst/output_byte            | 256x8         | LUT            | 
|aes_enc     | sub_byte_inst/gen[12].sbox_inst/output_byte           | 256x8         | LUT            | 
|aes_enc     | sub_byte_inst/gen[1].sbox_inst/output_byte            | 256x8         | LUT            | 
|aes_enc     | sub_byte_inst/gen[6].sbox_inst/output_byte            | 256x8         | LUT            | 
|aes_enc     | sub_byte_inst/gen[11].sbox_inst/output_byte           | 256x8         | LUT            | 
|aes_enc     | key_schedule_inst/reg_inst/current_stata_reg_rep_bsel | 256x8         | Block RAM      | 
|aes_enc     | key_schedule_inst/reg_inst/current_stata_reg_rep_bsel | 256x8         | Block RAM      | 
|aes_enc     | key_schedule_inst/reg_inst/current_stata_reg_rep_bsel | 256x8         | Block RAM      | 
|aes_enc     | key_schedule_inst/reg_inst/current_stata_reg_rep_bsel | 256x8         | Block RAM      | 
+------------+-------------------------------------------------------+---------------+----------------+

---------------------------------------------------------------------------------
Finished ROM, RAM, DSP, Shift Register and Retiming Reporting
---------------------------------------------------------------------------------
---------------------------------------------------------------------------------
Start Applying XDC Timing Constraints
---------------------------------------------------------------------------------
---------------------------------------------------------------------------------
Finished Applying XDC Timing Constraints : Time (s): cpu = 00:00:27 ; elapsed = 00:00:27 . Memory (MB): peak = 2407.469 ; gain = 724.289 ; free physical = 693 ; free virtual = 11010
---------------------------------------------------------------------------------
---------------------------------------------------------------------------------
Start Timing Optimization
---------------------------------------------------------------------------------
---------------------------------------------------------------------------------
Finished Timing Optimization : Time (s): cpu = 00:00:27 ; elapsed = 00:00:27 . Memory (MB): peak = 2410.469 ; gain = 727.289 ; free physical = 693 ; free virtual = 11010
---------------------------------------------------------------------------------
---------------------------------------------------------------------------------
Start Technology Mapping
---------------------------------------------------------------------------------
INFO: [Synth 8-7052] The timing for the instance aes_ctr_inst/key_schedule_inst/reg_inst/current_stata_reg_rep_bsel (implemented as a Block RAM) might be sub-optimal as no optional output register could be merged into the ram block. Providing additional output register may help in improving timing.
INFO: [Synth 8-7052] The timing for the instance aes_ctr_inst/key_schedule_inst/reg_inst/current_stata_reg_rep_bsel (implemented as a Block RAM) might be sub-optimal as no optional output register could be merged into the ram block. Providing additional output register may help in improving timing.
INFO: [Synth 8-7052] The timing for the instance aes_ctr_inst/key_schedule_inst/reg_inst/current_stata_reg_rep_bsel__0 (implemented as a Block RAM) might be sub-optimal as no optional output register could be merged into the ram block. Providing additional output register may help in improving timing.
INFO: [Synth 8-7052] The timing for the instance aes_ctr_inst/key_schedule_inst/reg_inst/current_stata_reg_rep_bsel__0 (implemented as a Block RAM) might be sub-optimal as no optional output register could be merged into the ram block. Providing additional output register may help in improving timing.
---------------------------------------------------------------------------------
Finished Technology Mapping : Time (s): cpu = 00:00:27 ; elapsed = 00:00:28 . Memory (MB): peak = 2438.516 ; gain = 755.336 ; free physical = 672 ; free virtual = 10988
---------------------------------------------------------------------------------
---------------------------------------------------------------------------------
Start IO Insertion
---------------------------------------------------------------------------------
---------------------------------------------------------------------------------
Start Flattening Before IO Insertion
---------------------------------------------------------------------------------
---------------------------------------------------------------------------------
Finished Flattening Before IO Insertion
---------------------------------------------------------------------------------
---------------------------------------------------------------------------------
Start Final Netlist Cleanup
---------------------------------------------------------------------------------
---------------------------------------------------------------------------------
Finished Final Netlist Cleanup
---------------------------------------------------------------------------------
---------------------------------------------------------------------------------
Finished IO Insertion : Time (s): cpu = 00:00:31 ; elapsed = 00:00:31 . Memory (MB): peak = 2588.328 ; gain = 905.148 ; free physical = 541 ; free virtual = 10857
---------------------------------------------------------------------------------
---------------------------------------------------------------------------------
Start Renaming Generated Instances
---------------------------------------------------------------------------------
---------------------------------------------------------------------------------
Finished Renaming Generated Instances : Time (s): cpu = 00:00:31 ; elapsed = 00:00:31 . Memory (MB): peak = 2588.328 ; gain = 905.148 ; free physical = 541 ; free virtual = 10857
---------------------------------------------------------------------------------
---------------------------------------------------------------------------------
Start Rebuilding User Hierarchy
---------------------------------------------------------------------------------
---------------------------------------------------------------------------------
Finished Rebuilding User Hierarchy : Time (s): cpu = 00:00:31 ; elapsed = 00:00:31 . Memory (MB): peak = 2588.328 ; gain = 905.148 ; free physical = 541 ; free virtual = 10857
---------------------------------------------------------------------------------
---------------------------------------------------------------------------------
Start Renaming Generated Ports
---------------------------------------------------------------------------------
---------------------------------------------------------------------------------
Finished Renaming Generated Ports : Time (s): cpu = 00:00:31 ; elapsed = 00:00:31 . Memory (MB): peak = 2588.328 ; gain = 905.148 ; free physical = 541 ; free virtual = 10857
---------------------------------------------------------------------------------
---------------------------------------------------------------------------------
Start Handling Custom Attributes
---------------------------------------------------------------------------------
---------------------------------------------------------------------------------
Finished Handling Custom Attributes : Time (s): cpu = 00:00:31 ; elapsed = 00:00:31 . Memory (MB): peak = 2591.297 ; gain = 908.117 ; free physical = 541 ; free virtual = 10857
---------------------------------------------------------------------------------
---------------------------------------------------------------------------------
Start Renaming Generated Nets
---------------------------------------------------------------------------------
---------------------------------------------------------------------------------
Finished Renaming Generated Nets : Time (s): cpu = 00:00:31 ; elapsed = 00:00:31 . Memory (MB): peak = 2591.297 ; gain = 908.117 ; free physical = 541 ; free virtual = 10857
---------------------------------------------------------------------------------
---------------------------------------------------------------------------------
Start Writing Synthesis Report
---------------------------------------------------------------------------------

Report BlackBoxes: 
+-+--------------+----------+
| |BlackBox name |Instances |
+-+--------------+----------+
+-+--------------+----------+

Report Cell Usage: 
+------+---------+------+
|      |Cell     |Count |
+------+---------+------+
|1     |BUFG     |     1|
|2     |CARRY4   |    12|
|3     |LUT1     |    12|
|4     |LUT2     |   393|
|5     |LUT3     |    22|
|6     |LUT4     |   107|
|7     |LUT5     |   259|
|8     |LUT6     |   648|
|9     |MUXF7    |   272|
|10    |MUXF8    |   136|
|11    |RAMB18E1 |     2|
|12    |FDRE     |  1309|
|13    |LDC      |     8|
|14    |IBUF     |     1|
|15    |OBUF     |     1|
+------+---------+------+
---------------------------------------------------------------------------------
Finished Writing Synthesis Report : Time (s): cpu = 00:00:31 ; elapsed = 00:00:31 . Memory (MB): peak = 2591.297 ; gain = 908.117 ; free physical = 541 ; free virtual = 10857
---------------------------------------------------------------------------------
Synthesis finished with 0 errors, 0 critical warnings and 10 warnings.
Synthesis Optimization Runtime : Time (s): cpu = 00:00:29 ; elapsed = 00:00:30 . Memory (MB): peak = 2591.297 ; gain = 779.344 ; free physical = 541 ; free virtual = 10857
Synthesis Optimization Complete : Time (s): cpu = 00:00:31 ; elapsed = 00:00:31 . Memory (MB): peak = 2591.305 ; gain = 908.117 ; free physical = 541 ; free virtual = 10857
INFO: [Project 1-571] Translating synthesized netlist
Netlist sorting complete. Time (s): cpu = 00:00:00.02 ; elapsed = 00:00:00.02 . Memory (MB): peak = 2591.305 ; gain = 0.000 ; free physical = 701 ; free virtual = 11017
INFO: [Netlist 29-17] Analyzing 430 Unisim elements for replacement
INFO: [Netlist 29-28] Unisim Transformation completed in 0 CPU seconds
INFO: [Project 1-570] Preparing netlist for logic optimization
INFO: [Opt 31-138] Pushed 0 inverter(s) to 0 load pin(s).
Netlist sorting complete. Time (s): cpu = 00:00:00 ; elapsed = 00:00:00 . Memory (MB): peak = 2647.324 ; gain = 0.000 ; free physical = 701 ; free virtual = 11018
INFO: [Project 1-111] Unisim Transformation Summary:
  A total of 8 instances were transformed.
  LDC => LDCE: 8 instances

Synth Design complete | Checksum: 6b4ac13d
INFO: [Common 17-83] Releasing license: Synthesis
69 Infos, 13 Warnings, 3 Critical Warnings and 0 Errors encountered.
synth_design completed successfully
synth_design: Time (s): cpu = 00:00:38 ; elapsed = 00:00:36 . Memory (MB): peak = 2647.359 ; gain = 1111.625 ; free physical = 701 ; free virtual = 11018
INFO: [Common 17-2834] synth_design peak Physical Memory [PSS] (MB): overall = 1926.188; main = 1741.929; forked = 265.058
INFO: [Common 17-2834] synth_design peak Virtual Memory [VSS] (MB): overall = 3499.402; main = 2647.328; forked = 963.883
INFO: [runtcl-6] Synthesis results are not added to the cache due to CRITICAL_WARNING
Write ShapeDB Complete: Time (s): cpu = 00:00:00.03 ; elapsed = 00:00:00.01 . Memory (MB): peak = 2671.336 ; gain = 0.000 ; free physical = 701 ; free virtual = 11018
INFO: [Common 17-1381] The checkpoint '/home/szymon/Desktop/magister/aes/project_2/project_2.runs/synth_1/aes_ctr.dcp' has been generated.
INFO: [Vivado 12-24828] Executing command : report_utilization -file aes_ctr_utilization_synth.rpt -pb aes_ctr_utilization_synth.pb
INFO: [Common 17-206] Exiting Vivado at Mon Jun  8 21:24:21 2026...
