
*** Running vivado
    with args -log top.vds -m64 -product Vivado -mode batch -messageDb vivado.pb -notrace -source top.tcl


****** Vivado v2025.1 (64-bit)
  **** SW Build 6140274 on Wed May 21 22:58:25 MDT 2025
  **** IP Build 6138677 on Thu May 22 03:10:11 MDT 2025
  **** SharedData Build 6139179 on Tue May 20 17:58:58 MDT 2025
  **** Start of session at: Mon Apr 27 02:05:00 2026
    ** Copyright 1986-2022 Xilinx, Inc. All Rights Reserved.
    ** Copyright 2022-2025 Advanced Micro Devices, Inc. All Rights Reserved.

source top.tcl -notrace
Command: synth_design -top top -part xc7z007sclg400-1
Starting synth_design
Attempting to get a license for feature 'Synthesis' and/or device 'xc7z007s'
INFO: [Common 17-349] Got license for feature 'Synthesis' and/or device 'xc7z007s'
INFO: [Device 21-403] Loading part xc7z007sclg400-1
INFO: [Synth 8-7079] Multithreading enabled for synth_design using a maximum of 7 processes.
INFO: [Synth 8-7078] Launching helper process for spawning children vivado processes
INFO: [Synth 8-7075] Helper process launched with PID 65648
---------------------------------------------------------------------------------
Starting RTL Elaboration : Time (s): cpu = 00:00:04 ; elapsed = 00:00:04 . Memory (MB): peak = 2121.988 ; gain = 439.742 ; free physical = 1233 ; free virtual = 10684
---------------------------------------------------------------------------------
INFO: [Synth 8-638] synthesizing module 'top' [/home/szymon/Desktop/magister/18-04/vivado/project_1.srcs/sources_1/imports/szybki/top.vhd:12]
	Parameter NUM_CELLS bound to: 3 - type: integer 
	Parameter NUM_INV_START bound to: 5 - type: integer 
	Parameter NUM_RAW_BITS bound to: 64 - type: integer 
	Parameter SIM_MODE bound to: 0 - type: bool 
INFO: [Synth 8-3491] module 'neoTRNG' declared at '/home/szymon/Desktop/magister/18-04/vivado/project_1.srcs/sources_1/imports/szybki/neoTRNG.vhd:52' bound to instance 'trng_inst' of component 'neoTRNG' [/home/szymon/Desktop/magister/18-04/vivado/project_1.srcs/sources_1/imports/szybki/top.vhd:52]
INFO: [Synth 8-638] synthesizing module 'neoTRNG' [/home/szymon/Desktop/magister/18-04/vivado/project_1.srcs/sources_1/imports/szybki/neoTRNG.vhd:68]
	Parameter NUM_CELLS bound to: 3 - type: integer 
	Parameter NUM_INV_START bound to: 5 - type: integer 
	Parameter NUM_RAW_BITS bound to: 64 - type: integer 
	Parameter SIM_MODE bound to: 0 - type: bool 
	Parameter NUM_INV bound to: 5 - type: integer 
	Parameter SIM_MODE bound to: 0 - type: bool 
INFO: [Synth 8-3491] module 'neoTRNG_cell' declared at '/home/szymon/Desktop/magister/18-04/vivado/project_1.srcs/sources_1/imports/szybki/neoTRNG.vhd:228' bound to instance 'neoTRNG_cell_inst' of component 'neoTRNG_cell' [/home/szymon/Desktop/magister/18-04/vivado/project_1.srcs/sources_1/imports/szybki/neoTRNG.vhd:138]
INFO: [Synth 8-638] synthesizing module 'neoTRNG_cell' [/home/szymon/Desktop/magister/18-04/vivado/project_1.srcs/sources_1/imports/szybki/neoTRNG.vhd:242]
	Parameter NUM_INV bound to: 5 - type: integer 
	Parameter SIM_MODE bound to: 0 - type: bool 
INFO: [Synth 8-256] done synthesizing module 'neoTRNG_cell' (0#1) [/home/szymon/Desktop/magister/18-04/vivado/project_1.srcs/sources_1/imports/szybki/neoTRNG.vhd:242]
	Parameter NUM_INV bound to: 7 - type: integer 
	Parameter SIM_MODE bound to: 0 - type: bool 
INFO: [Synth 8-3491] module 'neoTRNG_cell' declared at '/home/szymon/Desktop/magister/18-04/vivado/project_1.srcs/sources_1/imports/szybki/neoTRNG.vhd:228' bound to instance 'neoTRNG_cell_inst' of component 'neoTRNG_cell' [/home/szymon/Desktop/magister/18-04/vivado/project_1.srcs/sources_1/imports/szybki/neoTRNG.vhd:138]
INFO: [Synth 8-638] synthesizing module 'neoTRNG_cell__parameterized1' [/home/szymon/Desktop/magister/18-04/vivado/project_1.srcs/sources_1/imports/szybki/neoTRNG.vhd:242]
	Parameter NUM_INV bound to: 7 - type: integer 
	Parameter SIM_MODE bound to: 0 - type: bool 
INFO: [Synth 8-256] done synthesizing module 'neoTRNG_cell__parameterized1' (0#1) [/home/szymon/Desktop/magister/18-04/vivado/project_1.srcs/sources_1/imports/szybki/neoTRNG.vhd:242]
	Parameter NUM_INV bound to: 9 - type: integer 
	Parameter SIM_MODE bound to: 0 - type: bool 
INFO: [Synth 8-3491] module 'neoTRNG_cell' declared at '/home/szymon/Desktop/magister/18-04/vivado/project_1.srcs/sources_1/imports/szybki/neoTRNG.vhd:228' bound to instance 'neoTRNG_cell_inst' of component 'neoTRNG_cell' [/home/szymon/Desktop/magister/18-04/vivado/project_1.srcs/sources_1/imports/szybki/neoTRNG.vhd:138]
INFO: [Synth 8-638] synthesizing module 'neoTRNG_cell__parameterized3' [/home/szymon/Desktop/magister/18-04/vivado/project_1.srcs/sources_1/imports/szybki/neoTRNG.vhd:242]
	Parameter NUM_INV bound to: 9 - type: integer 
	Parameter SIM_MODE bound to: 0 - type: bool 
INFO: [Synth 8-256] done synthesizing module 'neoTRNG_cell__parameterized3' (0#1) [/home/szymon/Desktop/magister/18-04/vivado/project_1.srcs/sources_1/imports/szybki/neoTRNG.vhd:242]
INFO: [Synth 8-256] done synthesizing module 'neoTRNG' (0#1) [/home/szymon/Desktop/magister/18-04/vivado/project_1.srcs/sources_1/imports/szybki/neoTRNG.vhd:68]
INFO: [Synth 8-256] done synthesizing module 'top' (0#1) [/home/szymon/Desktop/magister/18-04/vivado/project_1.srcs/sources_1/imports/szybki/top.vhd:12]
---------------------------------------------------------------------------------
Finished RTL Elaboration : Time (s): cpu = 00:00:06 ; elapsed = 00:00:06 . Memory (MB): peak = 2196.957 ; gain = 514.711 ; free physical = 1157 ; free virtual = 10608
---------------------------------------------------------------------------------
---------------------------------------------------------------------------------
Start Handling Custom Attributes
---------------------------------------------------------------------------------
---------------------------------------------------------------------------------
Finished Handling Custom Attributes : Time (s): cpu = 00:00:06 ; elapsed = 00:00:06 . Memory (MB): peak = 2214.770 ; gain = 532.523 ; free physical = 1155 ; free virtual = 10600
---------------------------------------------------------------------------------
---------------------------------------------------------------------------------
Finished RTL Optimization Phase 1 : Time (s): cpu = 00:00:06 ; elapsed = 00:00:06 . Memory (MB): peak = 2214.770 ; gain = 532.523 ; free physical = 1155 ; free virtual = 10600
---------------------------------------------------------------------------------
Netlist sorting complete. Time (s): cpu = 00:00:00.01 ; elapsed = 00:00:00 . Memory (MB): peak = 2214.770 ; gain = 0.000 ; free physical = 1155 ; free virtual = 10601
INFO: [Project 1-570] Preparing netlist for logic optimization

Processing XDC Constraints
Initializing timing engine
Parsing XDC File [/home/szymon/Desktop/magister/18-04/vivado/project_1.srcs/constrs_1/imports/szybki/physical.xdc]
Finished Parsing XDC File [/home/szymon/Desktop/magister/18-04/vivado/project_1.srcs/constrs_1/imports/szybki/physical.xdc]
INFO: [Project 1-236] Implementation specific constraints were found while reading constraint file [/home/szymon/Desktop/magister/18-04/vivado/project_1.srcs/constrs_1/imports/szybki/physical.xdc]. These constraints will be ignored for synthesis but will be used in implementation. Impacted constraints are listed in the file [.Xil/top_propImpl.xdc].
Resolution: To avoid this warning, move constraints listed in [.Xil/top_propImpl.xdc] to another XDC file and exclude this new file from synthesis with the used_in_synthesis property (File Properties dialog in GUI) and re-run elaboration/synthesis.
Completed Processing XDC Constraints

Netlist sorting complete. Time (s): cpu = 00:00:00 ; elapsed = 00:00:00 . Memory (MB): peak = 2337.508 ; gain = 0.000 ; free physical = 1119 ; free virtual = 10583
INFO: [Project 1-111] Unisim Transformation Summary:
No Unisim elements were transformed.

Constraint Validation Runtime : Time (s): cpu = 00:00:00 ; elapsed = 00:00:00 . Memory (MB): peak = 2337.543 ; gain = 0.000 ; free physical = 1111 ; free virtual = 10593
---------------------------------------------------------------------------------
Finished Constraint Validation : Time (s): cpu = 00:00:13 ; elapsed = 00:00:13 . Memory (MB): peak = 2337.543 ; gain = 655.297 ; free physical = 876 ; free virtual = 10408
---------------------------------------------------------------------------------
---------------------------------------------------------------------------------
Start Loading Part and Timing Information
---------------------------------------------------------------------------------
Loading part: xc7z007sclg400-1
---------------------------------------------------------------------------------
Finished Loading Part and Timing Information : Time (s): cpu = 00:00:13 ; elapsed = 00:00:13 . Memory (MB): peak = 2345.512 ; gain = 663.266 ; free physical = 876 ; free virtual = 10408
---------------------------------------------------------------------------------
---------------------------------------------------------------------------------
Start Applying 'set_property' XDC Constraints
---------------------------------------------------------------------------------
---------------------------------------------------------------------------------
Finished applying 'set_property' XDC Constraints : Time (s): cpu = 00:00:13 ; elapsed = 00:00:13 . Memory (MB): peak = 2345.512 ; gain = 663.266 ; free physical = 876 ; free virtual = 10408
---------------------------------------------------------------------------------
WARNING: [Synth 8-327] inferring latch for variable 'ring_osc_gen[0].latch_reg' [/home/szymon/Desktop/magister/18-04/vivado/project_1.srcs/sources_1/imports/szybki/neoTRNG.vhd:283]
WARNING: [Synth 8-327] inferring latch for variable 'ring_osc_gen[1].latch_reg' [/home/szymon/Desktop/magister/18-04/vivado/project_1.srcs/sources_1/imports/szybki/neoTRNG.vhd:283]
WARNING: [Synth 8-327] inferring latch for variable 'ring_osc_gen[2].latch_reg' [/home/szymon/Desktop/magister/18-04/vivado/project_1.srcs/sources_1/imports/szybki/neoTRNG.vhd:283]
WARNING: [Synth 8-327] inferring latch for variable 'ring_osc_gen[3].latch_reg' [/home/szymon/Desktop/magister/18-04/vivado/project_1.srcs/sources_1/imports/szybki/neoTRNG.vhd:283]
WARNING: [Synth 8-327] inferring latch for variable 'ring_osc_gen[4].latch_reg' [/home/szymon/Desktop/magister/18-04/vivado/project_1.srcs/sources_1/imports/szybki/neoTRNG.vhd:283]
WARNING: [Synth 8-327] inferring latch for variable 'ring_osc_gen[0].latch_reg' [/home/szymon/Desktop/magister/18-04/vivado/project_1.srcs/sources_1/imports/szybki/neoTRNG.vhd:283]
WARNING: [Synth 8-327] inferring latch for variable 'ring_osc_gen[1].latch_reg' [/home/szymon/Desktop/magister/18-04/vivado/project_1.srcs/sources_1/imports/szybki/neoTRNG.vhd:283]
WARNING: [Synth 8-327] inferring latch for variable 'ring_osc_gen[2].latch_reg' [/home/szymon/Desktop/magister/18-04/vivado/project_1.srcs/sources_1/imports/szybki/neoTRNG.vhd:283]
WARNING: [Synth 8-327] inferring latch for variable 'ring_osc_gen[3].latch_reg' [/home/szymon/Desktop/magister/18-04/vivado/project_1.srcs/sources_1/imports/szybki/neoTRNG.vhd:283]
WARNING: [Synth 8-327] inferring latch for variable 'ring_osc_gen[4].latch_reg' [/home/szymon/Desktop/magister/18-04/vivado/project_1.srcs/sources_1/imports/szybki/neoTRNG.vhd:283]
WARNING: [Synth 8-327] inferring latch for variable 'ring_osc_gen[5].latch_reg' [/home/szymon/Desktop/magister/18-04/vivado/project_1.srcs/sources_1/imports/szybki/neoTRNG.vhd:283]
WARNING: [Synth 8-327] inferring latch for variable 'ring_osc_gen[6].latch_reg' [/home/szymon/Desktop/magister/18-04/vivado/project_1.srcs/sources_1/imports/szybki/neoTRNG.vhd:283]
WARNING: [Synth 8-327] inferring latch for variable 'ring_osc_gen[0].latch_reg' [/home/szymon/Desktop/magister/18-04/vivado/project_1.srcs/sources_1/imports/szybki/neoTRNG.vhd:283]
WARNING: [Synth 8-327] inferring latch for variable 'ring_osc_gen[1].latch_reg' [/home/szymon/Desktop/magister/18-04/vivado/project_1.srcs/sources_1/imports/szybki/neoTRNG.vhd:283]
WARNING: [Synth 8-327] inferring latch for variable 'ring_osc_gen[2].latch_reg' [/home/szymon/Desktop/magister/18-04/vivado/project_1.srcs/sources_1/imports/szybki/neoTRNG.vhd:283]
WARNING: [Synth 8-327] inferring latch for variable 'ring_osc_gen[3].latch_reg' [/home/szymon/Desktop/magister/18-04/vivado/project_1.srcs/sources_1/imports/szybki/neoTRNG.vhd:283]
WARNING: [Synth 8-327] inferring latch for variable 'ring_osc_gen[4].latch_reg' [/home/szymon/Desktop/magister/18-04/vivado/project_1.srcs/sources_1/imports/szybki/neoTRNG.vhd:283]
WARNING: [Synth 8-327] inferring latch for variable 'ring_osc_gen[5].latch_reg' [/home/szymon/Desktop/magister/18-04/vivado/project_1.srcs/sources_1/imports/szybki/neoTRNG.vhd:283]
WARNING: [Synth 8-327] inferring latch for variable 'ring_osc_gen[6].latch_reg' [/home/szymon/Desktop/magister/18-04/vivado/project_1.srcs/sources_1/imports/szybki/neoTRNG.vhd:283]
WARNING: [Synth 8-327] inferring latch for variable 'ring_osc_gen[7].latch_reg' [/home/szymon/Desktop/magister/18-04/vivado/project_1.srcs/sources_1/imports/szybki/neoTRNG.vhd:283]
WARNING: [Synth 8-327] inferring latch for variable 'ring_osc_gen[8].latch_reg' [/home/szymon/Desktop/magister/18-04/vivado/project_1.srcs/sources_1/imports/szybki/neoTRNG.vhd:283]
---------------------------------------------------------------------------------
Finished RTL Optimization Phase 2 : Time (s): cpu = 00:00:13 ; elapsed = 00:00:13 . Memory (MB): peak = 2345.512 ; gain = 663.266 ; free physical = 874 ; free virtual = 10407
---------------------------------------------------------------------------------
---------------------------------------------------------------------------------
Start RTL Component Statistics 
---------------------------------------------------------------------------------
Detailed RTL Component Info : 
+---Adders : 
	   2 Input    8 Bit       Adders := 1     
	   2 Input    7 Bit       Adders := 1     
	   2 Input    5 Bit       Adders := 1     
	   2 Input    4 Bit       Adders := 1     
+---XORs : 
	   2 Input      8 Bit         XORs := 1     
	   3 Input      1 Bit         XORs := 1     
	   2 Input      1 Bit         XORs := 2     
+---Registers : 
	                9 Bit    Registers := 1     
	                8 Bit    Registers := 3     
	                7 Bit    Registers := 2     
	                5 Bit    Registers := 1     
	                4 Bit    Registers := 1     
	                2 Bit    Registers := 4     
	                1 Bit    Registers := 4     
+---Muxes : 
	   2 Input    8 Bit        Muxes := 2     
	   2 Input    7 Bit        Muxes := 1     
	   2 Input    4 Bit        Muxes := 3     
	   2 Input    1 Bit        Muxes := 10    
	   4 Input    1 Bit        Muxes := 1     
---------------------------------------------------------------------------------
Finished RTL Component Statistics 
---------------------------------------------------------------------------------
---------------------------------------------------------------------------------
Start Part Resource Summary
---------------------------------------------------------------------------------
Part Resources:
DSPs: 66 (col length:40)
BRAMs: 100 (col length: RAMB18 40 RAMB36 20)
---------------------------------------------------------------------------------
Finished Part Resource Summary
---------------------------------------------------------------------------------
---------------------------------------------------------------------------------
Start Cross Boundary and Area Optimization
---------------------------------------------------------------------------------
WARNING: [Synth 8-7080] Parallel synthesis criteria is not met
WARNING: [Synth 8-3332] Sequential element (trng_inst/entropy_cell_gen[0].neoTRNG_cell_inst/ring_osc_gen[0].latch_reg[0]) is unused and will be removed from module top.
WARNING: [Synth 8-3332] Sequential element (trng_inst/entropy_cell_gen[0].neoTRNG_cell_inst/ring_osc_gen[2].latch_reg[2]) is unused and will be removed from module top.
WARNING: [Synth 8-3332] Sequential element (trng_inst/entropy_cell_gen[1].neoTRNG_cell_inst/ring_osc_gen[0].latch_reg[0]) is unused and will be removed from module top.
WARNING: [Synth 8-3332] Sequential element (trng_inst/entropy_cell_gen[1].neoTRNG_cell_inst/ring_osc_gen[2].latch_reg[2]) is unused and will be removed from module top.
WARNING: [Synth 8-3332] Sequential element (trng_inst/entropy_cell_gen[1].neoTRNG_cell_inst/ring_osc_gen[4].latch_reg[4]) is unused and will be removed from module top.
WARNING: [Synth 8-3332] Sequential element (trng_inst/entropy_cell_gen[2].neoTRNG_cell_inst/ring_osc_gen[0].latch_reg[0]) is unused and will be removed from module top.
WARNING: [Synth 8-3332] Sequential element (trng_inst/entropy_cell_gen[2].neoTRNG_cell_inst/ring_osc_gen[2].latch_reg[2]) is unused and will be removed from module top.
WARNING: [Synth 8-3332] Sequential element (trng_inst/entropy_cell_gen[2].neoTRNG_cell_inst/ring_osc_gen[4].latch_reg[4]) is unused and will be removed from module top.
WARNING: [Synth 8-3332] Sequential element (trng_inst/entropy_cell_gen[2].neoTRNG_cell_inst/ring_osc_gen[6].latch_reg[6]) is unused and will be removed from module top.
---------------------------------------------------------------------------------
Finished Cross Boundary and Area Optimization : Time (s): cpu = 00:00:14 ; elapsed = 00:00:15 . Memory (MB): peak = 2345.512 ; gain = 663.266 ; free physical = 879 ; free virtual = 10406
---------------------------------------------------------------------------------
---------------------------------------------------------------------------------
Start Applying XDC Timing Constraints
---------------------------------------------------------------------------------
---------------------------------------------------------------------------------
Finished Applying XDC Timing Constraints : Time (s): cpu = 00:00:19 ; elapsed = 00:00:20 . Memory (MB): peak = 2388.512 ; gain = 706.266 ; free physical = 810 ; free virtual = 10341
---------------------------------------------------------------------------------
---------------------------------------------------------------------------------
Start Timing Optimization
---------------------------------------------------------------------------------
---------------------------------------------------------------------------------
Finished Timing Optimization : Time (s): cpu = 00:00:19 ; elapsed = 00:00:20 . Memory (MB): peak = 2388.512 ; gain = 706.266 ; free physical = 810 ; free virtual = 10341
---------------------------------------------------------------------------------
---------------------------------------------------------------------------------
Start Technology Mapping
---------------------------------------------------------------------------------
WARNING: [Synth 8-3332] Sequential element (trng_inst/entropy_cell_gen[0].neoTRNG_cell_inst/ring_osc_gen[4].latch_reg[4]) is unused and will be removed from module top.
WARNING: [Synth 8-3332] Sequential element (trng_inst/entropy_cell_gen[1].neoTRNG_cell_inst/ring_osc_gen[6].latch_reg[6]) is unused and will be removed from module top.
WARNING: [Synth 8-3332] Sequential element (trng_inst/entropy_cell_gen[2].neoTRNG_cell_inst/ring_osc_gen[8].latch_reg[8]) is unused and will be removed from module top.
---------------------------------------------------------------------------------
Finished Technology Mapping : Time (s): cpu = 00:00:19 ; elapsed = 00:00:20 . Memory (MB): peak = 2407.543 ; gain = 725.297 ; free physical = 794 ; free virtual = 10325
---------------------------------------------------------------------------------
---------------------------------------------------------------------------------
Start IO Insertion
---------------------------------------------------------------------------------
---------------------------------------------------------------------------------
Start Flattening Before IO Insertion
---------------------------------------------------------------------------------
---------------------------------------------------------------------------------
Finished Flattening Before IO Insertion
---------------------------------------------------------------------------------
---------------------------------------------------------------------------------
Start Final Netlist Cleanup
---------------------------------------------------------------------------------
---------------------------------------------------------------------------------
Finished Final Netlist Cleanup
---------------------------------------------------------------------------------
---------------------------------------------------------------------------------
Finished IO Insertion : Time (s): cpu = 00:00:23 ; elapsed = 00:00:24 . Memory (MB): peak = 2573.355 ; gain = 891.109 ; free physical = 650 ; free virtual = 10180
---------------------------------------------------------------------------------
---------------------------------------------------------------------------------
Start Renaming Generated Instances
---------------------------------------------------------------------------------
---------------------------------------------------------------------------------
Finished Renaming Generated Instances : Time (s): cpu = 00:00:23 ; elapsed = 00:00:24 . Memory (MB): peak = 2573.355 ; gain = 891.109 ; free physical = 650 ; free virtual = 10180
---------------------------------------------------------------------------------
---------------------------------------------------------------------------------
Start Rebuilding User Hierarchy
---------------------------------------------------------------------------------
---------------------------------------------------------------------------------
Finished Rebuilding User Hierarchy : Time (s): cpu = 00:00:23 ; elapsed = 00:00:24 . Memory (MB): peak = 2573.355 ; gain = 891.109 ; free physical = 650 ; free virtual = 10180
---------------------------------------------------------------------------------
---------------------------------------------------------------------------------
Start Renaming Generated Ports
---------------------------------------------------------------------------------
---------------------------------------------------------------------------------
Finished Renaming Generated Ports : Time (s): cpu = 00:00:23 ; elapsed = 00:00:24 . Memory (MB): peak = 2573.355 ; gain = 891.109 ; free physical = 650 ; free virtual = 10180
---------------------------------------------------------------------------------
---------------------------------------------------------------------------------
Start Handling Custom Attributes
---------------------------------------------------------------------------------
---------------------------------------------------------------------------------
Finished Handling Custom Attributes : Time (s): cpu = 00:00:23 ; elapsed = 00:00:24 . Memory (MB): peak = 2573.355 ; gain = 891.109 ; free physical = 650 ; free virtual = 10180
---------------------------------------------------------------------------------
---------------------------------------------------------------------------------
Start Renaming Generated Nets
---------------------------------------------------------------------------------
---------------------------------------------------------------------------------
Finished Renaming Generated Nets : Time (s): cpu = 00:00:23 ; elapsed = 00:00:24 . Memory (MB): peak = 2573.355 ; gain = 891.109 ; free physical = 650 ; free virtual = 10180
---------------------------------------------------------------------------------
---------------------------------------------------------------------------------
Start Writing Synthesis Report
---------------------------------------------------------------------------------

Report BlackBoxes: 
+-+--------------+----------+
| |BlackBox name |Instances |
+-+--------------+----------+
+-+--------------+----------+

Report Cell Usage: 
+------+-----+------+
|      |Cell |Count |
+------+-----+------+
|1     |BUFG |     1|
|2     |LUT1 |     6|
|3     |LUT2 |     6|
|4     |LUT3 |     8|
|5     |LUT4 |     4|
|6     |LUT5 |     5|
|7     |LUT6 |    11|
|8     |FDRE |    46|
|9     |IBUF |     1|
|10    |OBUF |     1|
+------+-----+------+
---------------------------------------------------------------------------------
Finished Writing Synthesis Report : Time (s): cpu = 00:00:23 ; elapsed = 00:00:24 . Memory (MB): peak = 2573.355 ; gain = 891.109 ; free physical = 650 ; free virtual = 10180
---------------------------------------------------------------------------------
Synthesis finished with 0 errors, 0 critical warnings and 34 warnings.
Synthesis Optimization Runtime : Time (s): cpu = 00:00:22 ; elapsed = 00:00:22 . Memory (MB): peak = 2573.355 ; gain = 768.336 ; free physical = 650 ; free virtual = 10180
Synthesis Optimization Complete : Time (s): cpu = 00:00:23 ; elapsed = 00:00:24 . Memory (MB): peak = 2573.363 ; gain = 891.109 ; free physical = 650 ; free virtual = 10180
INFO: [Project 1-571] Translating synthesized netlist
Netlist sorting complete. Time (s): cpu = 00:00:00 ; elapsed = 00:00:00 . Memory (MB): peak = 2573.363 ; gain = 0.000 ; free physical = 650 ; free virtual = 10180
INFO: [Project 1-570] Preparing netlist for logic optimization
INFO: [Opt 31-138] Pushed 0 inverter(s) to 0 load pin(s).
Netlist sorting complete. Time (s): cpu = 00:00:00.01 ; elapsed = 00:00:00 . Memory (MB): peak = 2629.383 ; gain = 0.000 ; free physical = 810 ; free virtual = 10332
INFO: [Project 1-111] Unisim Transformation Summary:
No Unisim elements were transformed.

Synth Design complete | Checksum: 77575508
INFO: [Common 17-83] Releasing license: Synthesis
27 Infos, 34 Warnings, 0 Critical Warnings and 0 Errors encountered.
synth_design completed successfully
synth_design: Time (s): cpu = 00:00:31 ; elapsed = 00:00:29 . Memory (MB): peak = 2629.418 ; gain = 1097.680 ; free physical = 809 ; free virtual = 10332
INFO: [Common 17-2834] synth_design peak Physical Memory [PSS] (MB): overall = 1811.190; main = 1740.805; forked = 268.989
INFO: [Common 17-2834] synth_design peak Virtual Memory [VSS] (MB): overall = 3371.430; main = 2629.387; forked = 963.883
Write ShapeDB Complete: Time (s): cpu = 00:00:00 ; elapsed = 00:00:00 . Memory (MB): peak = 2653.395 ; gain = 0.000 ; free physical = 809 ; free virtual = 10332
INFO: [Common 17-1381] The checkpoint '/home/szymon/Desktop/magister/18-04/vivado/project_1.runs/synth_1/top.dcp' has been generated.
INFO: [Vivado 12-24828] Executing command : report_utilization -file top_utilization_synth.rpt -pb top_utilization_synth.pb
INFO: [Common 17-206] Exiting Vivado at Mon Apr 27 02:05:34 2026...
