Copyright 1986-2022 Xilinx, Inc. All Rights Reserved. Copyright 2022-2025 Advanced Micro Devices, Inc. All Rights Reserved.
---------------------------------------------------------------------------------------------------------------------------------------------------------------------------------------------------------------------
| Tool Version : Vivado v.2025.1 (lin64) Build 6140274 Wed May 21 22:58:25 MDT 2025
| Date         : Mon May 25 21:25:42 2026
| Host         : szymon running 64-bit Ubuntu 24.04.4 LTS
| Command      : report_timing_summary -max_paths 10 -routable_nets -report_unconstrained -file top_timing_summary_routed.rpt -pb top_timing_summary_routed.pb -rpx top_timing_summary_routed.rpx -warn_on_violation
| Design       : top
| Device       : 7z007s-clg400
| Speed File   : -1  PRODUCTION 1.12 2019-11-22
| Design State : Routed
---------------------------------------------------------------------------------------------------------------------------------------------------------------------------------------------------------------------

Timing Summary Report

------------------------------------------------------------------------------------------------
| Timer Settings
| --------------
------------------------------------------------------------------------------------------------

  Enable Multi Corner Analysis               :  Yes
  Enable Pessimism Removal                   :  Yes
  Pessimism Removal Resolution               :  Nearest Common Node
  Enable Input Delay Default Clock           :  No
  Enable Preset / Clear Arcs                 :  No
  Disable Flight Delays                      :  No
  Ignore I/O Paths                           :  No
  Timing Early Launch at Borrowing Latches   :  No
  Borrow Time for Max Delay Exceptions       :  Yes
  Merge Timing Exceptions                    :  Yes
  Inter-SLR Compensation                     :  Conservative

  Corner  Analyze    Analyze    
  Name    Max Paths  Min Paths  
  ------  ---------  ---------  
  Slow    Yes        Yes        
  Fast    Yes        Yes        


------------------------------------------------------------------------------------------------
| Report Methodology
| ------------------
------------------------------------------------------------------------------------------------

Rule       Severity          Description                  Violations  
---------  ----------------  ---------------------------  ----------  
TIMING-17  Critical Warning  Non-clocked sequential cell  943         
TIMING-23  Warning           Combinational loop found     3           

Note: This report is based on the most recent report_methodology run and may not be up-to-date. Run report_methodology on the current design for the latest report.



check_timing report

Table of Contents
-----------------
1. checking no_clock (943)
2. checking constant_clock (0)
3. checking pulse_width_clock (0)
4. checking unconstrained_internal_endpoints (1868)
5. checking no_input_delay (0)
6. checking no_output_delay (1)
7. checking multiple_clock (0)
8. checking generated_clocks (0)
9. checking loops (3)
10. checking partial_input_delay (0)
11. checking partial_output_delay (0)
12. checking latch_loops (0)

1. checking no_clock (943)
--------------------------
 There are 943 register/latch pins with no clock driven by root clock pin: clk (HIGH)


2. checking constant_clock (0)
------------------------------
 There are 0 register/latch pins with constant_clock.


3. checking pulse_width_clock (0)
---------------------------------
 There are 0 register/latch pins which need pulse_width check


4. checking unconstrained_internal_endpoints (1868)
---------------------------------------------------
 There are 1868 pins that are not constrained for maximum delay. (HIGH)

 There are 0 pins that are not constrained for maximum delay due to constant clock.


5. checking no_input_delay (0)
------------------------------
 There are 0 input ports with no input delay specified.

 There are 0 input ports with no input delay but user has a false path constraint.


6. checking no_output_delay (1)
-------------------------------
 There is 1 port with no output delay specified. (HIGH)

 There are 0 ports with no output delay but user has a false path constraint

 There are 0 ports with no output delay but with a timing clock defined on it or propagating through it


7. checking multiple_clock (0)
------------------------------
 There are 0 register/latch pins with multiple clocks.


8. checking generated_clocks (0)
--------------------------------
 There are 0 generated clocks that are not connected to a clock source.


9. checking loops (3)
---------------------
 There are 3 combinational loops in the design. (HIGH)


10. checking partial_input_delay (0)
------------------------------------
 There are 0 input ports with partial input delay specified.


11. checking partial_output_delay (0)
-------------------------------------
 There are 0 ports with partial output delay specified.


12. checking latch_loops (0)
----------------------------
 There are 0 combinational latch loops in the design through latch input



------------------------------------------------------------------------------------------------
| Design Timing Summary
| ---------------------
------------------------------------------------------------------------------------------------

    WNS(ns)      TNS(ns)  TNS Failing Endpoints  TNS Total Endpoints      WHS(ns)      THS(ns)  THS Failing Endpoints  THS Total Endpoints     WPWS(ns)     TPWS(ns)  TPWS Failing Endpoints  TPWS Total Endpoints  
    -------      -------  ---------------------  -------------------      -------      -------  ---------------------  -------------------     --------     --------  ----------------------  --------------------  
        inf        0.000                      0                 1869          inf        0.000                      0                 1869           NA           NA                      NA                    NA  


There are no user specified timing constraints.


------------------------------------------------------------------------------------------------
| Clock Summary
| -------------
------------------------------------------------------------------------------------------------


------------------------------------------------------------------------------------------------
| Intra Clock Table
| -----------------
------------------------------------------------------------------------------------------------

Clock             WNS(ns)      TNS(ns)  TNS Failing Endpoints  TNS Total Endpoints      WHS(ns)      THS(ns)  THS Failing Endpoints  THS Total Endpoints     WPWS(ns)     TPWS(ns)  TPWS Failing Endpoints  TPWS Total Endpoints  
-----             -------      -------  ---------------------  -------------------      -------      -------  ---------------------  -------------------     --------     --------  ----------------------  --------------------  


------------------------------------------------------------------------------------------------
| Inter Clock Table
| -----------------
------------------------------------------------------------------------------------------------

From Clock    To Clock          WNS(ns)      TNS(ns)  TNS Failing Endpoints  TNS Total Endpoints      WHS(ns)      THS(ns)  THS Failing Endpoints  THS Total Endpoints  
----------    --------          -------      -------  ---------------------  -------------------      -------      -------  ---------------------  -------------------  


------------------------------------------------------------------------------------------------
| Other Path Groups Table
| -----------------------
------------------------------------------------------------------------------------------------

Path Group    From Clock    To Clock          WNS(ns)      TNS(ns)  TNS Failing Endpoints  TNS Total Endpoints      WHS(ns)      THS(ns)  THS Failing Endpoints  THS Total Endpoints  
----------    ----------    --------          -------      -------  ---------------------  -------------------      -------      -------  ---------------------  -------------------  


------------------------------------------------------------------------------------------------
| User Ignored Path Table
| -----------------------
------------------------------------------------------------------------------------------------

Path Group    From Clock    To Clock    
----------    ----------    --------    


------------------------------------------------------------------------------------------------
| Unconstrained Path Table
| ------------------------
------------------------------------------------------------------------------------------------

Path Group    From Clock    To Clock    
----------    ----------    --------    
(none)                                    


------------------------------------------------------------------------------------------------
| Timing Details
| --------------
------------------------------------------------------------------------------------------------


--------------------------------------------------------------------------------------
Path Group:  (none)
From Clock:  
  To Clock:  

Max Delay          1869 Endpoints
Min Delay          1869 Endpoints
--------------------------------------------------------------------------------------


Max Delay Paths
--------------------------------------------------------------------------------------
Slack:                    inf
  Source:                 trng_inst/toeplitz_inst/gencol_inst/cnt_reg[0]/C
                            (rising edge-triggered cell FDRE)
  Destination:            trng_inst/toeplitz_inst/gencol_inst/col_reg[79]/R
  Path Group:             (none)
  Path Type:              Max at Slow Process Corner
  Data Path Delay:        7.925ns  (logic 0.766ns (9.666%)  route 7.159ns (90.334%))
  Logic Levels:           3  (FDRE=1 LUT3=1 LUT6=1)

    Location             Delay type                Incr(ns)  Path(ns)    Netlist Resource(s)
  -------------------------------------------------------------------    -------------------
    SLICE_X32Y70         FDRE                         0.000     0.000 r  trng_inst/toeplitz_inst/gencol_inst/cnt_reg[0]/C
    SLICE_X32Y70         FDRE (Prop_fdre_C_Q)         0.518     0.518 r  trng_inst/toeplitz_inst/gencol_inst/cnt_reg[0]/Q
                         net (fo=7, routed)           0.871     1.389    trng_inst/toeplitz_inst/gencol_inst/cnt_reg_n_0_[0]
    SLICE_X32Y69         LUT6 (Prop_lut6_I2_O)        0.124     1.513 f  trng_inst/toeplitz_inst/gencol_inst/col[127]_i_2/O
                         net (fo=3, routed)           0.887     2.400    trng_inst/toeplitz_inst/gencol_inst/col[127]_i_2_n_0
    SLICE_X33Y69         LUT3 (Prop_lut3_I2_O)        0.124     2.524 r  trng_inst/toeplitz_inst/gencol_inst/col[127]_i_1/O
                         net (fo=342, routed)         5.400     7.925    trng_inst/toeplitz_inst/gencol_inst/col[127]_i_1_n_0
    SLICE_X33Y82         FDRE                                         r  trng_inst/toeplitz_inst/gencol_inst/col_reg[79]/R
  -------------------------------------------------------------------    -------------------

Slack:                    inf
  Source:                 trng_inst/toeplitz_inst/gencol_inst/cnt_reg[0]/C
                            (rising edge-triggered cell FDRE)
  Destination:            trng_inst/toeplitz_inst/gencol_inst/col_reg[80]/R
  Path Group:             (none)
  Path Type:              Max at Slow Process Corner
  Data Path Delay:        7.925ns  (logic 0.766ns (9.666%)  route 7.159ns (90.334%))
  Logic Levels:           3  (FDRE=1 LUT3=1 LUT6=1)

    Location             Delay type                Incr(ns)  Path(ns)    Netlist Resource(s)
  -------------------------------------------------------------------    -------------------
    SLICE_X32Y70         FDRE                         0.000     0.000 r  trng_inst/toeplitz_inst/gencol_inst/cnt_reg[0]/C
    SLICE_X32Y70         FDRE (Prop_fdre_C_Q)         0.518     0.518 r  trng_inst/toeplitz_inst/gencol_inst/cnt_reg[0]/Q
                         net (fo=7, routed)           0.871     1.389    trng_inst/toeplitz_inst/gencol_inst/cnt_reg_n_0_[0]
    SLICE_X32Y69         LUT6 (Prop_lut6_I2_O)        0.124     1.513 f  trng_inst/toeplitz_inst/gencol_inst/col[127]_i_2/O
                         net (fo=3, routed)           0.887     2.400    trng_inst/toeplitz_inst/gencol_inst/col[127]_i_2_n_0
    SLICE_X33Y69         LUT3 (Prop_lut3_I2_O)        0.124     2.524 r  trng_inst/toeplitz_inst/gencol_inst/col[127]_i_1/O
                         net (fo=342, routed)         5.400     7.925    trng_inst/toeplitz_inst/gencol_inst/col[127]_i_1_n_0
    SLICE_X33Y82         FDRE                                         r  trng_inst/toeplitz_inst/gencol_inst/col_reg[80]/R
  -------------------------------------------------------------------    -------------------

Slack:                    inf
  Source:                 trng_inst/toeplitz_inst/gencol_inst/cnt_reg[0]/C
                            (rising edge-triggered cell FDRE)
  Destination:            trng_inst/toeplitz_inst/gencol_inst/col_reg[81]/R
  Path Group:             (none)
  Path Type:              Max at Slow Process Corner
  Data Path Delay:        7.925ns  (logic 0.766ns (9.666%)  route 7.159ns (90.334%))
  Logic Levels:           3  (FDRE=1 LUT3=1 LUT6=1)

    Location             Delay type                Incr(ns)  Path(ns)    Netlist Resource(s)
  -------------------------------------------------------------------    -------------------
    SLICE_X32Y70         FDRE                         0.000     0.000 r  trng_inst/toeplitz_inst/gencol_inst/cnt_reg[0]/C
    SLICE_X32Y70         FDRE (Prop_fdre_C_Q)         0.518     0.518 r  trng_inst/toeplitz_inst/gencol_inst/cnt_reg[0]/Q
                         net (fo=7, routed)           0.871     1.389    trng_inst/toeplitz_inst/gencol_inst/cnt_reg_n_0_[0]
    SLICE_X32Y69         LUT6 (Prop_lut6_I2_O)        0.124     1.513 f  trng_inst/toeplitz_inst/gencol_inst/col[127]_i_2/O
                         net (fo=3, routed)           0.887     2.400    trng_inst/toeplitz_inst/gencol_inst/col[127]_i_2_n_0
    SLICE_X33Y69         LUT3 (Prop_lut3_I2_O)        0.124     2.524 r  trng_inst/toeplitz_inst/gencol_inst/col[127]_i_1/O
                         net (fo=342, routed)         5.400     7.925    trng_inst/toeplitz_inst/gencol_inst/col[127]_i_1_n_0
    SLICE_X33Y82         FDRE                                         r  trng_inst/toeplitz_inst/gencol_inst/col_reg[81]/R
  -------------------------------------------------------------------    -------------------

Slack:                    inf
  Source:                 trng_inst/toeplitz_inst/gencol_inst/cnt_reg[0]/C
                            (rising edge-triggered cell FDRE)
  Destination:            trng_inst/toeplitz_inst/gencol_inst/col_reg[82]/S
  Path Group:             (none)
  Path Type:              Max at Slow Process Corner
  Data Path Delay:        7.925ns  (logic 0.766ns (9.666%)  route 7.159ns (90.334%))
  Logic Levels:           3  (FDRE=1 LUT3=1 LUT6=1)

    Location             Delay type                Incr(ns)  Path(ns)    Netlist Resource(s)
  -------------------------------------------------------------------    -------------------
    SLICE_X32Y70         FDRE                         0.000     0.000 r  trng_inst/toeplitz_inst/gencol_inst/cnt_reg[0]/C
    SLICE_X32Y70         FDRE (Prop_fdre_C_Q)         0.518     0.518 r  trng_inst/toeplitz_inst/gencol_inst/cnt_reg[0]/Q
                         net (fo=7, routed)           0.871     1.389    trng_inst/toeplitz_inst/gencol_inst/cnt_reg_n_0_[0]
    SLICE_X32Y69         LUT6 (Prop_lut6_I2_O)        0.124     1.513 f  trng_inst/toeplitz_inst/gencol_inst/col[127]_i_2/O
                         net (fo=3, routed)           0.887     2.400    trng_inst/toeplitz_inst/gencol_inst/col[127]_i_2_n_0
    SLICE_X33Y69         LUT3 (Prop_lut3_I2_O)        0.124     2.524 r  trng_inst/toeplitz_inst/gencol_inst/col[127]_i_1/O
                         net (fo=342, routed)         5.400     7.925    trng_inst/toeplitz_inst/gencol_inst/col[127]_i_1_n_0
    SLICE_X33Y82         FDSE                                         r  trng_inst/toeplitz_inst/gencol_inst/col_reg[82]/S
  -------------------------------------------------------------------    -------------------

Slack:                    inf
  Source:                 trng_inst/toeplitz_inst/gencol_inst/cnt_reg[0]/C
                            (rising edge-triggered cell FDRE)
  Destination:            trng_inst/toeplitz_inst/gencol_inst/col_reg[83]/R
  Path Group:             (none)
  Path Type:              Max at Slow Process Corner
  Data Path Delay:        7.925ns  (logic 0.766ns (9.666%)  route 7.159ns (90.334%))
  Logic Levels:           3  (FDRE=1 LUT3=1 LUT6=1)

    Location             Delay type                Incr(ns)  Path(ns)    Netlist Resource(s)
  -------------------------------------------------------------------    -------------------
    SLICE_X32Y70         FDRE                         0.000     0.000 r  trng_inst/toeplitz_inst/gencol_inst/cnt_reg[0]/C
    SLICE_X32Y70         FDRE (Prop_fdre_C_Q)         0.518     0.518 r  trng_inst/toeplitz_inst/gencol_inst/cnt_reg[0]/Q
                         net (fo=7, routed)           0.871     1.389    trng_inst/toeplitz_inst/gencol_inst/cnt_reg_n_0_[0]
    SLICE_X32Y69         LUT6 (Prop_lut6_I2_O)        0.124     1.513 f  trng_inst/toeplitz_inst/gencol_inst/col[127]_i_2/O
                         net (fo=3, routed)           0.887     2.400    trng_inst/toeplitz_inst/gencol_inst/col[127]_i_2_n_0
    SLICE_X33Y69         LUT3 (Prop_lut3_I2_O)        0.124     2.524 r  trng_inst/toeplitz_inst/gencol_inst/col[127]_i_1/O
                         net (fo=342, routed)         5.400     7.925    trng_inst/toeplitz_inst/gencol_inst/col[127]_i_1_n_0
    SLICE_X33Y82         FDRE                                         r  trng_inst/toeplitz_inst/gencol_inst/col_reg[83]/R
  -------------------------------------------------------------------    -------------------

Slack:                    inf
  Source:                 trng_inst/toeplitz_inst/gencol_inst/cnt_reg[0]/C
                            (rising edge-triggered cell FDRE)
  Destination:            trng_inst/toeplitz_inst/gencol_inst/col_reg[84]/R
  Path Group:             (none)
  Path Type:              Max at Slow Process Corner
  Data Path Delay:        7.925ns  (logic 0.766ns (9.666%)  route 7.159ns (90.334%))
  Logic Levels:           3  (FDRE=1 LUT3=1 LUT6=1)

    Location             Delay type                Incr(ns)  Path(ns)    Netlist Resource(s)
  -------------------------------------------------------------------    -------------------
    SLICE_X32Y70         FDRE                         0.000     0.000 r  trng_inst/toeplitz_inst/gencol_inst/cnt_reg[0]/C
    SLICE_X32Y70         FDRE (Prop_fdre_C_Q)         0.518     0.518 r  trng_inst/toeplitz_inst/gencol_inst/cnt_reg[0]/Q
                         net (fo=7, routed)           0.871     1.389    trng_inst/toeplitz_inst/gencol_inst/cnt_reg_n_0_[0]
    SLICE_X32Y69         LUT6 (Prop_lut6_I2_O)        0.124     1.513 f  trng_inst/toeplitz_inst/gencol_inst/col[127]_i_2/O
                         net (fo=3, routed)           0.887     2.400    trng_inst/toeplitz_inst/gencol_inst/col[127]_i_2_n_0
    SLICE_X33Y69         LUT3 (Prop_lut3_I2_O)        0.124     2.524 r  trng_inst/toeplitz_inst/gencol_inst/col[127]_i_1/O
                         net (fo=342, routed)         5.400     7.925    trng_inst/toeplitz_inst/gencol_inst/col[127]_i_1_n_0
    SLICE_X33Y82         FDRE                                         r  trng_inst/toeplitz_inst/gencol_inst/col_reg[84]/R
  -------------------------------------------------------------------    -------------------

Slack:                    inf
  Source:                 trng_inst/toeplitz_inst/gencol_inst/cnt_reg[0]/C
                            (rising edge-triggered cell FDRE)
  Destination:            trng_inst/toeplitz_inst/gencol_inst/col_reg[85]/S
  Path Group:             (none)
  Path Type:              Max at Slow Process Corner
  Data Path Delay:        7.925ns  (logic 0.766ns (9.666%)  route 7.159ns (90.334%))
  Logic Levels:           3  (FDRE=1 LUT3=1 LUT6=1)

    Location             Delay type                Incr(ns)  Path(ns)    Netlist Resource(s)
  -------------------------------------------------------------------    -------------------
    SLICE_X32Y70         FDRE                         0.000     0.000 r  trng_inst/toeplitz_inst/gencol_inst/cnt_reg[0]/C
    SLICE_X32Y70         FDRE (Prop_fdre_C_Q)         0.518     0.518 r  trng_inst/toeplitz_inst/gencol_inst/cnt_reg[0]/Q
                         net (fo=7, routed)           0.871     1.389    trng_inst/toeplitz_inst/gencol_inst/cnt_reg_n_0_[0]
    SLICE_X32Y69         LUT6 (Prop_lut6_I2_O)        0.124     1.513 f  trng_inst/toeplitz_inst/gencol_inst/col[127]_i_2/O
                         net (fo=3, routed)           0.887     2.400    trng_inst/toeplitz_inst/gencol_inst/col[127]_i_2_n_0
    SLICE_X33Y69         LUT3 (Prop_lut3_I2_O)        0.124     2.524 r  trng_inst/toeplitz_inst/gencol_inst/col[127]_i_1/O
                         net (fo=342, routed)         5.400     7.925    trng_inst/toeplitz_inst/gencol_inst/col[127]_i_1_n_0
    SLICE_X33Y82         FDSE                                         r  trng_inst/toeplitz_inst/gencol_inst/col_reg[85]/S
  -------------------------------------------------------------------    -------------------

Slack:                    inf
  Source:                 trng_inst/toeplitz_inst/gencol_inst/cnt_reg[0]/C
                            (rising edge-triggered cell FDRE)
  Destination:            trng_inst/toeplitz_inst/gencol_inst/col_reg[86]/R
  Path Group:             (none)
  Path Type:              Max at Slow Process Corner
  Data Path Delay:        7.925ns  (logic 0.766ns (9.666%)  route 7.159ns (90.334%))
  Logic Levels:           3  (FDRE=1 LUT3=1 LUT6=1)

    Location             Delay type                Incr(ns)  Path(ns)    Netlist Resource(s)
  -------------------------------------------------------------------    -------------------
    SLICE_X32Y70         FDRE                         0.000     0.000 r  trng_inst/toeplitz_inst/gencol_inst/cnt_reg[0]/C
    SLICE_X32Y70         FDRE (Prop_fdre_C_Q)         0.518     0.518 r  trng_inst/toeplitz_inst/gencol_inst/cnt_reg[0]/Q
                         net (fo=7, routed)           0.871     1.389    trng_inst/toeplitz_inst/gencol_inst/cnt_reg_n_0_[0]
    SLICE_X32Y69         LUT6 (Prop_lut6_I2_O)        0.124     1.513 f  trng_inst/toeplitz_inst/gencol_inst/col[127]_i_2/O
                         net (fo=3, routed)           0.887     2.400    trng_inst/toeplitz_inst/gencol_inst/col[127]_i_2_n_0
    SLICE_X33Y69         LUT3 (Prop_lut3_I2_O)        0.124     2.524 r  trng_inst/toeplitz_inst/gencol_inst/col[127]_i_1/O
                         net (fo=342, routed)         5.400     7.925    trng_inst/toeplitz_inst/gencol_inst/col[127]_i_1_n_0
    SLICE_X33Y82         FDRE                                         r  trng_inst/toeplitz_inst/gencol_inst/col_reg[86]/R
  -------------------------------------------------------------------    -------------------

Slack:                    inf
  Source:                 trng_inst/toeplitz_inst/gencol_inst/cnt_reg[0]/C
                            (rising edge-triggered cell FDRE)
  Destination:            trng_inst/toeplitz_inst/gencol_inst/col_reg[76]/R
  Path Group:             (none)
  Path Type:              Max at Slow Process Corner
  Data Path Delay:        7.786ns  (logic 0.766ns (9.838%)  route 7.020ns (90.162%))
  Logic Levels:           3  (FDRE=1 LUT3=1 LUT6=1)

    Location             Delay type                Incr(ns)  Path(ns)    Netlist Resource(s)
  -------------------------------------------------------------------    -------------------
    SLICE_X32Y70         FDRE                         0.000     0.000 r  trng_inst/toeplitz_inst/gencol_inst/cnt_reg[0]/C
    SLICE_X32Y70         FDRE (Prop_fdre_C_Q)         0.518     0.518 r  trng_inst/toeplitz_inst/gencol_inst/cnt_reg[0]/Q
                         net (fo=7, routed)           0.871     1.389    trng_inst/toeplitz_inst/gencol_inst/cnt_reg_n_0_[0]
    SLICE_X32Y69         LUT6 (Prop_lut6_I2_O)        0.124     1.513 f  trng_inst/toeplitz_inst/gencol_inst/col[127]_i_2/O
                         net (fo=3, routed)           0.887     2.400    trng_inst/toeplitz_inst/gencol_inst/col[127]_i_2_n_0
    SLICE_X33Y69         LUT3 (Prop_lut3_I2_O)        0.124     2.524 r  trng_inst/toeplitz_inst/gencol_inst/col[127]_i_1/O
                         net (fo=342, routed)         5.262     7.786    trng_inst/toeplitz_inst/gencol_inst/col[127]_i_1_n_0
    SLICE_X32Y81         FDRE                                         r  trng_inst/toeplitz_inst/gencol_inst/col_reg[76]/R
  -------------------------------------------------------------------    -------------------

Slack:                    inf
  Source:                 trng_inst/toeplitz_inst/gencol_inst/cnt_reg[0]/C
                            (rising edge-triggered cell FDRE)
  Destination:            trng_inst/toeplitz_inst/gencol_inst/col_reg[77]/S
  Path Group:             (none)
  Path Type:              Max at Slow Process Corner
  Data Path Delay:        7.786ns  (logic 0.766ns (9.838%)  route 7.020ns (90.162%))
  Logic Levels:           3  (FDRE=1 LUT3=1 LUT6=1)

    Location             Delay type                Incr(ns)  Path(ns)    Netlist Resource(s)
  -------------------------------------------------------------------    -------------------
    SLICE_X32Y70         FDRE                         0.000     0.000 r  trng_inst/toeplitz_inst/gencol_inst/cnt_reg[0]/C
    SLICE_X32Y70         FDRE (Prop_fdre_C_Q)         0.518     0.518 r  trng_inst/toeplitz_inst/gencol_inst/cnt_reg[0]/Q
                         net (fo=7, routed)           0.871     1.389    trng_inst/toeplitz_inst/gencol_inst/cnt_reg_n_0_[0]
    SLICE_X32Y69         LUT6 (Prop_lut6_I2_O)        0.124     1.513 f  trng_inst/toeplitz_inst/gencol_inst/col[127]_i_2/O
                         net (fo=3, routed)           0.887     2.400    trng_inst/toeplitz_inst/gencol_inst/col[127]_i_2_n_0
    SLICE_X33Y69         LUT3 (Prop_lut3_I2_O)        0.124     2.524 r  trng_inst/toeplitz_inst/gencol_inst/col[127]_i_1/O
                         net (fo=342, routed)         5.262     7.786    trng_inst/toeplitz_inst/gencol_inst/col[127]_i_1_n_0
    SLICE_X32Y81         FDSE                                         r  trng_inst/toeplitz_inst/gencol_inst/col_reg[77]/S
  -------------------------------------------------------------------    -------------------





Min Delay Paths
--------------------------------------------------------------------------------------
Slack:                    inf
  Source:                 trng_inst/entropy_cell_gen[0].neoTRNG_cell_inst/sync[0]_i_1/O
                            (internal pin)
  Destination:            trng_inst/entropy_cell_gen[0].neoTRNG_cell_inst/sync_reg[0]/D
  Path Group:             (none)
  Path Type:              Min at Slow Process Corner
  Data Path Delay:        0.000ns  (logic 0.000ns (0.000%)  route 0.000ns (0.000%))
  Logic Levels:           0  

    Location             Delay type                Incr(ns)  Path(ns)    Netlist Resource(s)
  -------------------------------------------------------------------    -------------------
    SLICE_X41Y81         LUT1                         0.000     0.000 r  trng_inst/entropy_cell_gen[0].neoTRNG_cell_inst/sync[0]_i_1/O
                         net (fo=2, routed)           0.000     0.000    trng_inst/entropy_cell_gen[0].neoTRNG_cell_inst/inv_out_4
    SLICE_X41Y81         FDRE                                         r  trng_inst/entropy_cell_gen[0].neoTRNG_cell_inst/sync_reg[0]/D
  -------------------------------------------------------------------    -------------------

Slack:                    inf
  Source:                 trng_inst/entropy_cell_gen[2].neoTRNG_cell_inst/sync[0]_i_1__1/O
                            (internal pin)
  Destination:            trng_inst/entropy_cell_gen[2].neoTRNG_cell_inst/sync_reg[0]/D
  Path Group:             (none)
  Path Type:              Min at Fast Process Corner
  Data Path Delay:        0.125ns  (logic 0.000ns (0.000%)  route 0.125ns (100.000%))
  Logic Levels:           0  

    Location             Delay type                Incr(ns)  Path(ns)    Netlist Resource(s)
  -------------------------------------------------------------------    -------------------
    SLICE_X41Y81         LUT1                         0.000     0.000 r  trng_inst/entropy_cell_gen[2].neoTRNG_cell_inst/sync[0]_i_1__1/O
                         net (fo=2, routed)           0.125     0.125    trng_inst/entropy_cell_gen[2].neoTRNG_cell_inst/inv_out_8
    SLICE_X41Y81         FDRE                                         r  trng_inst/entropy_cell_gen[2].neoTRNG_cell_inst/sync_reg[0]/D
  -------------------------------------------------------------------    -------------------

Slack:                    inf
  Source:                 trng_inst/toeplitz_inst/gencol_inst/rrow_reg[83]/C
                            (rising edge-triggered cell FDRE)
  Destination:            trng_inst/toeplitz_inst/gencol_inst/rrow_reg[79]_srl4____trng_inst_toeplitz_inst_gencol_inst_rrow_reg_s_7/D
  Path Group:             (none)
  Path Type:              Min at Fast Process Corner
  Data Path Delay:        0.187ns  (logic 0.128ns (68.397%)  route 0.059ns (31.603%))
  Logic Levels:           1  (FDRE=1)

    Location             Delay type                Incr(ns)  Path(ns)    Netlist Resource(s)
  -------------------------------------------------------------------    -------------------
    SLICE_X35Y63         FDRE                         0.000     0.000 r  trng_inst/toeplitz_inst/gencol_inst/rrow_reg[83]/C
    SLICE_X35Y63         FDRE (Prop_fdre_C_Q)         0.128     0.128 r  trng_inst/toeplitz_inst/gencol_inst/rrow_reg[83]/Q
                         net (fo=1, routed)           0.059     0.187    trng_inst/toeplitz_inst/gencol_inst/data1[82]
    SLICE_X34Y63         SRL16E                                       r  trng_inst/toeplitz_inst/gencol_inst/rrow_reg[79]_srl4____trng_inst_toeplitz_inst_gencol_inst_rrow_reg_s_7/D
  -------------------------------------------------------------------    -------------------

Slack:                    inf
  Source:                 trng_inst/toeplitz_inst/gencol_inst/rrow_reg[107]/C
                            (rising edge-triggered cell FDRE)
  Destination:            trng_inst/toeplitz_inst/gencol_inst/rrow_reg[106]/D
  Path Group:             (none)
  Path Type:              Min at Fast Process Corner
  Data Path Delay:        0.195ns  (logic 0.141ns (72.334%)  route 0.054ns (27.666%))
  Logic Levels:           1  (FDRE=1)

    Location             Delay type                Incr(ns)  Path(ns)    Netlist Resource(s)
  -------------------------------------------------------------------    -------------------
    SLICE_X36Y66         FDRE                         0.000     0.000 r  trng_inst/toeplitz_inst/gencol_inst/rrow_reg[107]/C
    SLICE_X36Y66         FDRE (Prop_fdre_C_Q)         0.141     0.141 r  trng_inst/toeplitz_inst/gencol_inst/rrow_reg[107]/Q
                         net (fo=1, routed)           0.054     0.195    trng_inst/toeplitz_inst/gencol_inst/data1[106]
    SLICE_X37Y66         FDSE                                         r  trng_inst/toeplitz_inst/gencol_inst/rrow_reg[106]/D
  -------------------------------------------------------------------    -------------------

Slack:                    inf
  Source:                 trng_inst/toeplitz_inst/gencol_inst/rrow_reg[117]/C
                            (rising edge-triggered cell FDSE)
  Destination:            trng_inst/toeplitz_inst/gencol_inst/rrow_reg[115]_srl2___trng_inst_toeplitz_inst_gencol_inst_rrow_reg_r_0/D
  Path Group:             (none)
  Path Type:              Min at Fast Process Corner
  Data Path Delay:        0.197ns  (logic 0.141ns (71.611%)  route 0.056ns (28.389%))
  Logic Levels:           1  (FDSE=1)

    Location             Delay type                Incr(ns)  Path(ns)    Netlist Resource(s)
  -------------------------------------------------------------------    -------------------
    SLICE_X39Y65         FDSE                         0.000     0.000 r  trng_inst/toeplitz_inst/gencol_inst/rrow_reg[117]/C
    SLICE_X39Y65         FDSE (Prop_fdse_C_Q)         0.141     0.141 r  trng_inst/toeplitz_inst/gencol_inst/rrow_reg[117]/Q
                         net (fo=1, routed)           0.056     0.197    trng_inst/toeplitz_inst/gencol_inst/data1[116]
    SLICE_X38Y65         SRL16E                                       r  trng_inst/toeplitz_inst/gencol_inst/rrow_reg[115]_srl2___trng_inst_toeplitz_inst_gencol_inst_rrow_reg_r_0/D
  -------------------------------------------------------------------    -------------------

Slack:                    inf
  Source:                 trng_inst/toeplitz_inst/gencol_inst/rrow_reg[84]/C
                            (rising edge-triggered cell FDSE)
  Destination:            trng_inst/toeplitz_inst/gencol_inst/rrow_reg[83]/D
  Path Group:             (none)
  Path Type:              Min at Fast Process Corner
  Data Path Delay:        0.197ns  (logic 0.141ns (71.611%)  route 0.056ns (28.389%))
  Logic Levels:           1  (FDSE=1)

    Location             Delay type                Incr(ns)  Path(ns)    Netlist Resource(s)
  -------------------------------------------------------------------    -------------------
    SLICE_X35Y63         FDSE                         0.000     0.000 r  trng_inst/toeplitz_inst/gencol_inst/rrow_reg[84]/C
    SLICE_X35Y63         FDSE (Prop_fdse_C_Q)         0.141     0.141 r  trng_inst/toeplitz_inst/gencol_inst/rrow_reg[84]/Q
                         net (fo=1, routed)           0.056     0.197    trng_inst/toeplitz_inst/gencol_inst/data1[83]
    SLICE_X35Y63         FDRE                                         r  trng_inst/toeplitz_inst/gencol_inst/rrow_reg[83]/D
  -------------------------------------------------------------------    -------------------

Slack:                    inf
  Source:                 trng_inst/toeplitz_inst/q_reg[33]/C
                            (rising edge-triggered cell FDRE)
  Destination:            trng_inst/data_o_reg[33]/D
  Path Group:             (none)
  Path Type:              Min at Fast Process Corner
  Data Path Delay:        0.200ns  (logic 0.141ns (70.330%)  route 0.059ns (29.670%))
  Logic Levels:           1  (FDRE=1)

    Location             Delay type                Incr(ns)  Path(ns)    Netlist Resource(s)
  -------------------------------------------------------------------    -------------------
    SLICE_X41Y76         FDRE                         0.000     0.000 r  trng_inst/toeplitz_inst/q_reg[33]/C
    SLICE_X41Y76         FDRE (Prop_fdre_C_Q)         0.141     0.141 r  trng_inst/toeplitz_inst/q_reg[33]/Q
                         net (fo=1, routed)           0.059     0.200    trng_inst/q[33]
    SLICE_X40Y76         FDRE                                         r  trng_inst/data_o_reg[33]/D
  -------------------------------------------------------------------    -------------------

Slack:                    inf
  Source:                 trng_inst/toeplitz_inst/gencol_inst/rrow_reg[23]/C
                            (rising edge-triggered cell FDRE)
  Destination:            trng_inst/toeplitz_inst/gencol_inst/rrow_reg[22]/D
  Path Group:             (none)
  Path Type:              Min at Fast Process Corner
  Data Path Delay:        0.207ns  (logic 0.148ns (71.500%)  route 0.059ns (28.500%))
  Logic Levels:           1  (FDRE=1)

    Location             Delay type                Incr(ns)  Path(ns)    Netlist Resource(s)
  -------------------------------------------------------------------    -------------------
    SLICE_X34Y66         FDRE                         0.000     0.000 r  trng_inst/toeplitz_inst/gencol_inst/rrow_reg[23]/C
    SLICE_X34Y66         FDRE (Prop_fdre_C_Q)         0.148     0.148 r  trng_inst/toeplitz_inst/gencol_inst/rrow_reg[23]/Q
                         net (fo=1, routed)           0.059     0.207    trng_inst/toeplitz_inst/gencol_inst/data1[22]
    SLICE_X35Y66         FDRE                                         r  trng_inst/toeplitz_inst/gencol_inst/rrow_reg[22]/D
  -------------------------------------------------------------------    -------------------

Slack:                    inf
  Source:                 trng_inst/entropy_cell_gen[1].neoTRNG_cell_inst/sync[0]_i_1__0/O
                            (internal pin)
  Destination:            trng_inst/entropy_cell_gen[1].neoTRNG_cell_inst/sync_reg[0]/D
  Path Group:             (none)
  Path Type:              Min at Fast Process Corner
  Data Path Delay:        0.211ns  (logic 0.000ns (0.000%)  route 0.211ns (100.000%))
  Logic Levels:           0  

    Location             Delay type                Incr(ns)  Path(ns)    Netlist Resource(s)
  -------------------------------------------------------------------    -------------------
    SLICE_X41Y81         LUT1                         0.000     0.000 r  trng_inst/entropy_cell_gen[1].neoTRNG_cell_inst/sync[0]_i_1__0/O
                         net (fo=2, routed)           0.211     0.211    trng_inst/entropy_cell_gen[1].neoTRNG_cell_inst/inv_out_6
    SLICE_X41Y81         FDRE                                         r  trng_inst/entropy_cell_gen[1].neoTRNG_cell_inst/sync_reg[0]/D
  -------------------------------------------------------------------    -------------------

Slack:                    inf
  Source:                 trng_inst/toeplitz_inst/q_reg[93]/C
                            (rising edge-triggered cell FDRE)
  Destination:            trng_inst/data_o_reg[93]/D
  Path Group:             (none)
  Path Type:              Min at Fast Process Corner
  Data Path Delay:        0.234ns  (logic 0.128ns (54.791%)  route 0.106ns (45.209%))
  Logic Levels:           1  (FDRE=1)

    Location             Delay type                Incr(ns)  Path(ns)    Netlist Resource(s)
  -------------------------------------------------------------------    -------------------
    SLICE_X29Y80         FDRE                         0.000     0.000 r  trng_inst/toeplitz_inst/q_reg[93]/C
    SLICE_X29Y80         FDRE (Prop_fdre_C_Q)         0.128     0.128 r  trng_inst/toeplitz_inst/q_reg[93]/Q
                         net (fo=1, routed)           0.106     0.234    trng_inst/q[93]
    SLICE_X31Y80         FDRE                                         r  trng_inst/data_o_reg[93]/D
  -------------------------------------------------------------------    -------------------





