Copyright 1986-2022 Xilinx, Inc. All Rights Reserved. Copyright 2022-2025 Advanced Micro Devices, Inc. All Rights Reserved.
---------------------------------------------------------------------------------------------------------------------------------------------
| Tool Version : Vivado v.2025.1 (lin64) Build 6140274 Wed May 21 22:58:25 MDT 2025
| Date         : Mon May 25 21:25:30 2026
| Host         : szymon running 64-bit Ubuntu 24.04.4 LTS
| Command      : report_control_sets -verbose -file top_control_sets_placed.rpt
| Design       : top
| Device       : xc7z007s
---------------------------------------------------------------------------------------------------------------------------------------------

Control Set Information

Table of Contents
-----------------
1. Summary
2. Histogram
3. Flip-Flop Distribution
4. Detailed Control Set Information

1. Summary
----------

+----------------------------------------------------------+-------+
|                          Status                          | Count |
+----------------------------------------------------------+-------+
| Total control sets                                       |    11 |
|    Minimum number of control sets                        |    11 |
|    Addition due to synthesis replication                 |     0 |
|    Addition due to physical synthesis replication        |     0 |
| Unused register locations in slices containing registers |    24 |
+----------------------------------------------------------+-------+
* Control sets can be merged at opt_design using control_set_merge or merge_equivalent_drivers
** Run report_qor_suggestions for automated merging and remapping suggestions


2. Histogram
------------

+--------------------+-------+
|       Fanout       | Count |
+--------------------+-------+
| Total control sets |    11 |
| >= 0 to < 4        |     1 |
| >= 4 to < 6        |     2 |
| >= 6 to < 8        |     0 |
| >= 8 to < 10       |     2 |
| >= 10 to < 12      |     0 |
| >= 12 to < 14      |     0 |
| >= 14 to < 16      |     0 |
| >= 16              |     6 |
+--------------------+-------+
* Control sets can be remapped at either synth_design or opt_design


3. Flip-Flop Distribution
-------------------------

+--------------+-----------------------+------------------------+-----------------+--------------+
| Clock Enable | Synchronous Set/Reset | Asynchronous Set/Reset | Total Registers | Total Slices |
+--------------+-----------------------+------------------------+-----------------+--------------+
| No           | No                    | No                     |              26 |            9 |
| No           | No                    | Yes                    |               0 |            0 |
| No           | Yes                   | No                     |             501 |          108 |
| Yes          | No                    | No                     |             376 |           76 |
| Yes          | No                    | Yes                    |               0 |            0 |
| Yes          | Yes                   | No                     |              25 |            7 |
+--------------+-----------------------+------------------------+-----------------+--------------+


4. Detailed Control Set Information
-----------------------------------

+----------------+-----------------------------------------+------------------------------------------------------+------------------+----------------+--------------+
|  Clock Signal  |              Enable Signal              |                   Set/Reset Signal                   | Slice Load Count | Bel Load Count | Bels / Slice |
+----------------+-----------------------------------------+------------------------------------------------------+------------------+----------------+--------------+
|  clk_IBUF_BUFG | trng_inst/tx_reg                        | trng_inst/valid_o_reg_0[0]                           |                1 |              1 |         1.00 |
|  clk_IBUF_BUFG | trng_inst/tx_reg                        | trng_inst/bit_idx_reg[0][0]                          |                1 |              4 |         4.00 |
|  clk_IBUF_BUFG | byte_idx                                | trng_inst/valid_o_reg_0[0]                           |                2 |              4 |         2.00 |
|  clk_IBUF_BUFG | trng_inst/uart_cnt_reg[7]               | tx_buffer[127]_i_1_n_0                               |                1 |              8 |         8.00 |
|  clk_IBUF_BUFG | busy                                    | trng_inst/SR[0]                                      |                2 |              8 |         4.00 |
|  clk_IBUF_BUFG |                                         |                                                      |                9 |             41 |         4.56 |
|  clk_IBUF_BUFG | trng_inst/uart_cnt_reg[7]               |                                                      |               17 |            120 |         7.06 |
|  clk_IBUF_BUFG | trng_inst/toeplitz_inst/q1_carry__3_n_7 |                                                      |               32 |            128 |         4.00 |
|  clk_IBUF_BUFG | trng_inst/toeplitz_inst/E[0]            |                                                      |               27 |            128 |         4.74 |
|  clk_IBUF_BUFG |                                         | trng_inst/toeplitz_inst/q1_carry__3_n_7              |               45 |            160 |         3.56 |
|  clk_IBUF_BUFG |                                         | trng_inst/toeplitz_inst/gencol_inst/col[127]_i_1_n_0 |               63 |            341 |         5.41 |
+----------------+-----------------------------------------+------------------------------------------------------+------------------+----------------+--------------+


