Copyright 1986-2022 Xilinx, Inc. All Rights Reserved. Copyright 2022-2025 Advanced Micro Devices, Inc. All Rights Reserved.
---------------------------------------------------------------------------------------------------------------------------------------------------------------------------------------------------------------------------------
| Tool Version : Vivado v.2025.1 (lin64) Build 6140274 Wed May 21 22:58:25 MDT 2025
| Date         : Mon Jun  8 21:24:55 2026
| Host         : szymon running 64-bit Ubuntu 24.04.4 LTS
| Command      : report_timing_summary -max_paths 10 -routable_nets -report_unconstrained -file aes_ctr_timing_summary_routed.rpt -pb aes_ctr_timing_summary_routed.pb -rpx aes_ctr_timing_summary_routed.rpx -warn_on_violation
| Design       : aes_ctr
| Device       : 7z007s-clg400
| Speed File   : -1  PRODUCTION 1.12 2019-11-22
| Design State : Routed
---------------------------------------------------------------------------------------------------------------------------------------------------------------------------------------------------------------------------------

Timing Summary Report

------------------------------------------------------------------------------------------------
| Timer Settings
| --------------
------------------------------------------------------------------------------------------------

  Enable Multi Corner Analysis               :  Yes
  Enable Pessimism Removal                   :  Yes
  Pessimism Removal Resolution               :  Nearest Common Node
  Enable Input Delay Default Clock           :  No
  Enable Preset / Clear Arcs                 :  No
  Disable Flight Delays                      :  No
  Ignore I/O Paths                           :  No
  Timing Early Launch at Borrowing Latches   :  No
  Borrow Time for Max Delay Exceptions       :  Yes
  Merge Timing Exceptions                    :  Yes
  Inter-SLR Compensation                     :  Conservative

  Corner  Analyze    Analyze    
  Name    Max Paths  Min Paths  
  ------  ---------  ---------  
  Slow    Yes        Yes        
  Fast    Yes        Yes        


------------------------------------------------------------------------------------------------
| Report Methodology
| ------------------
------------------------------------------------------------------------------------------------

Rule       Severity          Description                                 Violations  
---------  ----------------  ------------------------------------------  ----------  
TIMING-17  Critical Warning  Non-clocked sequential cell                 1000        
SYNTH-6    Warning           Timing of a RAM block might be sub-optimal  2           
TIMING-20  Warning           Non-clocked latch                           8           
LATCH-1    Advisory          Existing latches in the design              1           

Note: This report is based on the most recent report_methodology run and may not be up-to-date. Run report_methodology on the current design for the latest report.



check_timing report

Table of Contents
-----------------
1. checking no_clock (1321)
2. checking constant_clock (0)
3. checking pulse_width_clock (0)
4. checking unconstrained_internal_endpoints (2430)
5. checking no_input_delay (0)
6. checking no_output_delay (1)
7. checking multiple_clock (0)
8. checking generated_clocks (0)
9. checking loops (0)
10. checking partial_input_delay (0)
11. checking partial_output_delay (0)
12. checking latch_loops (0)

1. checking no_clock (1321)
---------------------------
 There are 1313 register/latch pins with no clock driven by root clock pin: clk (HIGH)

 There is 1 register/latch pin with no clock driven by root clock pin: trng_inst/entropy_cell_gen[0].neoTRNG_cell_inst/sreg_reg[0]/Q (HIGH)

 There is 1 register/latch pin with no clock driven by root clock pin: trng_inst/entropy_cell_gen[0].neoTRNG_cell_inst/sreg_reg[1]/Q (HIGH)

 There is 1 register/latch pin with no clock driven by root clock pin: trng_inst/entropy_cell_gen[0].neoTRNG_cell_inst/sreg_reg[2]/Q (HIGH)

 There is 1 register/latch pin with no clock driven by root clock pin: trng_inst/entropy_cell_gen[1].neoTRNG_cell_inst/sreg_reg[0]/Q (HIGH)

 There is 1 register/latch pin with no clock driven by root clock pin: trng_inst/entropy_cell_gen[1].neoTRNG_cell_inst/sreg_reg[1]/Q (HIGH)

 There is 1 register/latch pin with no clock driven by root clock pin: trng_inst/entropy_cell_gen[1].neoTRNG_cell_inst/sreg_reg[2]/Q (HIGH)

 There is 1 register/latch pin with no clock driven by root clock pin: trng_inst/entropy_cell_gen[1].neoTRNG_cell_inst/sreg_reg[3]/Q (HIGH)

 There is 1 register/latch pin with no clock driven by root clock pin: trng_inst/entropy_cell_gen[1].neoTRNG_cell_inst/sreg_reg[4]/Q (HIGH)


2. checking constant_clock (0)
------------------------------
 There are 0 register/latch pins with constant_clock.


3. checking pulse_width_clock (0)
---------------------------------
 There are 0 register/latch pins which need pulse_width check


4. checking unconstrained_internal_endpoints (2430)
---------------------------------------------------
 There are 2430 pins that are not constrained for maximum delay. (HIGH)

 There are 0 pins that are not constrained for maximum delay due to constant clock.


5. checking no_input_delay (0)
------------------------------
 There are 0 input ports with no input delay specified.

 There are 0 input ports with no input delay but user has a false path constraint.


6. checking no_output_delay (1)
-------------------------------
 There is 1 port with no output delay specified. (HIGH)

 There are 0 ports with no output delay but user has a false path constraint

 There are 0 ports with no output delay but with a timing clock defined on it or propagating through it


7. checking multiple_clock (0)
------------------------------
 There are 0 register/latch pins with multiple clocks.


8. checking generated_clocks (0)
--------------------------------
 There are 0 generated clocks that are not connected to a clock source.


9. checking loops (0)
---------------------
 There are 0 combinational loops in the design.


10. checking partial_input_delay (0)
------------------------------------
 There are 0 input ports with partial input delay specified.


11. checking partial_output_delay (0)
-------------------------------------
 There are 0 ports with partial output delay specified.


12. checking latch_loops (0)
----------------------------
 There are 0 combinational latch loops in the design through latch input



------------------------------------------------------------------------------------------------
| Design Timing Summary
| ---------------------
------------------------------------------------------------------------------------------------

    WNS(ns)      TNS(ns)  TNS Failing Endpoints  TNS Total Endpoints      WHS(ns)      THS(ns)  THS Failing Endpoints  THS Total Endpoints     WPWS(ns)     TPWS(ns)  TPWS Failing Endpoints  TPWS Total Endpoints  
    -------      -------  ---------------------  -------------------      -------      -------  ---------------------  -------------------     --------     --------  ----------------------  --------------------  
        inf        0.000                      0                 2431          inf        0.000                      0                 2431           NA           NA                      NA                    NA  


There are no user specified timing constraints.


------------------------------------------------------------------------------------------------
| Clock Summary
| -------------
------------------------------------------------------------------------------------------------


------------------------------------------------------------------------------------------------
| Intra Clock Table
| -----------------
------------------------------------------------------------------------------------------------

Clock             WNS(ns)      TNS(ns)  TNS Failing Endpoints  TNS Total Endpoints      WHS(ns)      THS(ns)  THS Failing Endpoints  THS Total Endpoints     WPWS(ns)     TPWS(ns)  TPWS Failing Endpoints  TPWS Total Endpoints  
-----             -------      -------  ---------------------  -------------------      -------      -------  ---------------------  -------------------     --------     --------  ----------------------  --------------------  


------------------------------------------------------------------------------------------------
| Inter Clock Table
| -----------------
------------------------------------------------------------------------------------------------

From Clock    To Clock          WNS(ns)      TNS(ns)  TNS Failing Endpoints  TNS Total Endpoints      WHS(ns)      THS(ns)  THS Failing Endpoints  THS Total Endpoints  
----------    --------          -------      -------  ---------------------  -------------------      -------      -------  ---------------------  -------------------  


------------------------------------------------------------------------------------------------
| Other Path Groups Table
| -----------------------
------------------------------------------------------------------------------------------------

Path Group    From Clock    To Clock          WNS(ns)      TNS(ns)  TNS Failing Endpoints  TNS Total Endpoints      WHS(ns)      THS(ns)  THS Failing Endpoints  THS Total Endpoints  
----------    ----------    --------          -------      -------  ---------------------  -------------------      -------      -------  ---------------------  -------------------  


------------------------------------------------------------------------------------------------
| User Ignored Path Table
| -----------------------
------------------------------------------------------------------------------------------------

Path Group    From Clock    To Clock    
----------    ----------    --------    


------------------------------------------------------------------------------------------------
| Unconstrained Path Table
| ------------------------
------------------------------------------------------------------------------------------------

Path Group    From Clock    To Clock    
----------    ----------    --------    
(none)                                    


------------------------------------------------------------------------------------------------
| Timing Details
| --------------
------------------------------------------------------------------------------------------------


--------------------------------------------------------------------------------------
Path Group:  (none)
From Clock:  
  To Clock:  

Max Delay          2431 Endpoints
Min Delay          2431 Endpoints
--------------------------------------------------------------------------------------


Max Delay Paths
--------------------------------------------------------------------------------------
Slack:                    inf
  Source:                 aes_ctr_inst/controller_inst/reg_inst/current_stata_reg[7]/C
                            (rising edge-triggered cell FDRE)
  Destination:            aes_ctr_inst/reg_inst/current_stata_reg[119]/D
  Path Group:             (none)
  Path Type:              Max at Slow Process Corner
  Data Path Delay:        10.830ns  (logic 1.116ns (10.305%)  route 9.714ns (89.695%))
  Logic Levels:           4  (FDRE=1 LUT4=1 LUT5=2)

    Location             Delay type                Incr(ns)  Path(ns)    Netlist Resource(s)
  -------------------------------------------------------------------    -------------------
    SLICE_X38Y37         FDRE                         0.000     0.000 r  aes_ctr_inst/controller_inst/reg_inst/current_stata_reg[7]/C
    SLICE_X38Y37         FDRE (Prop_fdre_C_Q)         0.518     0.518 r  aes_ctr_inst/controller_inst/reg_inst/current_stata_reg[7]/Q
                         net (fo=9, routed)           0.815     1.333    aes_ctr_inst/controller_inst/reg_inst/current_stata_reg[7]_0
    SLICE_X38Y37         LUT4 (Prop_lut4_I3_O)        0.146     1.479 r  aes_ctr_inst/controller_inst/reg_inst/current_stata[127]_i_5/O
                         net (fo=1, routed)           0.452     1.932    aes_ctr_inst/controller_inst/reg_inst/current_stata[127]_i_5_n_0
    SLICE_X38Y37         LUT5 (Prop_lut5_I4_O)        0.328     2.260 r  aes_ctr_inst/controller_inst/reg_inst/current_stata[127]_i_3/O
                         net (fo=128, routed)         8.447    10.706    aes_ctr_inst/key_schedule_inst/reg_inst/current_stata_reg[127]_1
    SLICE_X22Y41         LUT5 (Prop_lut5_I1_O)        0.124    10.830 r  aes_ctr_inst/key_schedule_inst/reg_inst/current_stata[119]_i_1/O
                         net (fo=1, routed)           0.000    10.830    aes_ctr_inst/reg_inst/D[119]
    SLICE_X22Y41         FDRE                                         r  aes_ctr_inst/reg_inst/current_stata_reg[119]/D
  -------------------------------------------------------------------    -------------------

Slack:                    inf
  Source:                 aes_ctr_inst/controller_inst/reg_inst/current_stata_reg[7]/C
                            (rising edge-triggered cell FDRE)
  Destination:            aes_ctr_inst/reg_inst/current_stata_reg[113]/D
  Path Group:             (none)
  Path Type:              Max at Slow Process Corner
  Data Path Delay:        10.666ns  (logic 1.116ns (10.463%)  route 9.550ns (89.537%))
  Logic Levels:           4  (FDRE=1 LUT4=1 LUT5=2)

    Location             Delay type                Incr(ns)  Path(ns)    Netlist Resource(s)
  -------------------------------------------------------------------    -------------------
    SLICE_X38Y37         FDRE                         0.000     0.000 r  aes_ctr_inst/controller_inst/reg_inst/current_stata_reg[7]/C
    SLICE_X38Y37         FDRE (Prop_fdre_C_Q)         0.518     0.518 r  aes_ctr_inst/controller_inst/reg_inst/current_stata_reg[7]/Q
                         net (fo=9, routed)           0.815     1.333    aes_ctr_inst/controller_inst/reg_inst/current_stata_reg[7]_0
    SLICE_X38Y37         LUT4 (Prop_lut4_I3_O)        0.146     1.479 r  aes_ctr_inst/controller_inst/reg_inst/current_stata[127]_i_5/O
                         net (fo=1, routed)           0.452     1.932    aes_ctr_inst/controller_inst/reg_inst/current_stata[127]_i_5_n_0
    SLICE_X38Y37         LUT5 (Prop_lut5_I4_O)        0.328     2.260 r  aes_ctr_inst/controller_inst/reg_inst/current_stata[127]_i_3/O
                         net (fo=128, routed)         8.283    10.542    aes_ctr_inst/key_schedule_inst/reg_inst/current_stata_reg[127]_1
    SLICE_X22Y41         LUT5 (Prop_lut5_I1_O)        0.124    10.666 r  aes_ctr_inst/key_schedule_inst/reg_inst/current_stata[113]_i_1/O
                         net (fo=1, routed)           0.000    10.666    aes_ctr_inst/reg_inst/D[113]
    SLICE_X22Y41         FDRE                                         r  aes_ctr_inst/reg_inst/current_stata_reg[113]/D
  -------------------------------------------------------------------    -------------------

Slack:                    inf
  Source:                 aes_ctr_inst/controller_inst/reg_inst/current_stata_reg[7]/C
                            (rising edge-triggered cell FDRE)
  Destination:            aes_ctr_inst/reg_inst/current_stata_reg[116]/D
  Path Group:             (none)
  Path Type:              Max at Slow Process Corner
  Data Path Delay:        10.479ns  (logic 1.116ns (10.650%)  route 9.363ns (89.350%))
  Logic Levels:           4  (FDRE=1 LUT4=1 LUT5=2)

    Location             Delay type                Incr(ns)  Path(ns)    Netlist Resource(s)
  -------------------------------------------------------------------    -------------------
    SLICE_X38Y37         FDRE                         0.000     0.000 r  aes_ctr_inst/controller_inst/reg_inst/current_stata_reg[7]/C
    SLICE_X38Y37         FDRE (Prop_fdre_C_Q)         0.518     0.518 r  aes_ctr_inst/controller_inst/reg_inst/current_stata_reg[7]/Q
                         net (fo=9, routed)           0.815     1.333    aes_ctr_inst/controller_inst/reg_inst/current_stata_reg[7]_0
    SLICE_X38Y37         LUT4 (Prop_lut4_I3_O)        0.146     1.479 r  aes_ctr_inst/controller_inst/reg_inst/current_stata[127]_i_5/O
                         net (fo=1, routed)           0.452     1.932    aes_ctr_inst/controller_inst/reg_inst/current_stata[127]_i_5_n_0
    SLICE_X38Y37         LUT5 (Prop_lut5_I4_O)        0.328     2.260 r  aes_ctr_inst/controller_inst/reg_inst/current_stata[127]_i_3/O
                         net (fo=128, routed)         8.095    10.355    aes_ctr_inst/key_schedule_inst/reg_inst/current_stata_reg[127]_1
    SLICE_X24Y40         LUT5 (Prop_lut5_I1_O)        0.124    10.479 r  aes_ctr_inst/key_schedule_inst/reg_inst/current_stata[116]_i_1/O
                         net (fo=1, routed)           0.000    10.479    aes_ctr_inst/reg_inst/D[116]
    SLICE_X24Y40         FDRE                                         r  aes_ctr_inst/reg_inst/current_stata_reg[116]/D
  -------------------------------------------------------------------    -------------------

Slack:                    inf
  Source:                 aes_ctr_inst/controller_inst/reg_inst/current_stata_reg[7]/C
                            (rising edge-triggered cell FDRE)
  Destination:            aes_ctr_inst/reg_inst/current_stata_reg[118]/D
  Path Group:             (none)
  Path Type:              Max at Slow Process Corner
  Data Path Delay:        10.440ns  (logic 1.116ns (10.689%)  route 9.324ns (89.311%))
  Logic Levels:           4  (FDRE=1 LUT4=1 LUT5=2)

    Location             Delay type                Incr(ns)  Path(ns)    Netlist Resource(s)
  -------------------------------------------------------------------    -------------------
    SLICE_X38Y37         FDRE                         0.000     0.000 r  aes_ctr_inst/controller_inst/reg_inst/current_stata_reg[7]/C
    SLICE_X38Y37         FDRE (Prop_fdre_C_Q)         0.518     0.518 r  aes_ctr_inst/controller_inst/reg_inst/current_stata_reg[7]/Q
                         net (fo=9, routed)           0.815     1.333    aes_ctr_inst/controller_inst/reg_inst/current_stata_reg[7]_0
    SLICE_X38Y37         LUT4 (Prop_lut4_I3_O)        0.146     1.479 r  aes_ctr_inst/controller_inst/reg_inst/current_stata[127]_i_5/O
                         net (fo=1, routed)           0.452     1.932    aes_ctr_inst/controller_inst/reg_inst/current_stata[127]_i_5_n_0
    SLICE_X38Y37         LUT5 (Prop_lut5_I4_O)        0.328     2.260 r  aes_ctr_inst/controller_inst/reg_inst/current_stata[127]_i_3/O
                         net (fo=128, routed)         8.057    10.316    aes_ctr_inst/key_schedule_inst/reg_inst/current_stata_reg[127]_1
    SLICE_X22Y41         LUT5 (Prop_lut5_I1_O)        0.124    10.440 r  aes_ctr_inst/key_schedule_inst/reg_inst/current_stata[118]_i_1/O
                         net (fo=1, routed)           0.000    10.440    aes_ctr_inst/reg_inst/D[118]
    SLICE_X22Y41         FDRE                                         r  aes_ctr_inst/reg_inst/current_stata_reg[118]/D
  -------------------------------------------------------------------    -------------------

Slack:                    inf
  Source:                 aes_ctr_inst/controller_inst/reg_inst/current_stata_reg[7]/C
                            (rising edge-triggered cell FDRE)
  Destination:            aes_ctr_inst/reg_inst/current_stata_reg[121]/D
  Path Group:             (none)
  Path Type:              Max at Slow Process Corner
  Data Path Delay:        10.207ns  (logic 1.116ns (10.934%)  route 9.091ns (89.066%))
  Logic Levels:           4  (FDRE=1 LUT4=1 LUT5=2)

    Location             Delay type                Incr(ns)  Path(ns)    Netlist Resource(s)
  -------------------------------------------------------------------    -------------------
    SLICE_X38Y37         FDRE                         0.000     0.000 r  aes_ctr_inst/controller_inst/reg_inst/current_stata_reg[7]/C
    SLICE_X38Y37         FDRE (Prop_fdre_C_Q)         0.518     0.518 r  aes_ctr_inst/controller_inst/reg_inst/current_stata_reg[7]/Q
                         net (fo=9, routed)           0.815     1.333    aes_ctr_inst/controller_inst/reg_inst/current_stata_reg[7]_0
    SLICE_X38Y37         LUT4 (Prop_lut4_I3_O)        0.146     1.479 r  aes_ctr_inst/controller_inst/reg_inst/current_stata[127]_i_5/O
                         net (fo=1, routed)           0.452     1.932    aes_ctr_inst/controller_inst/reg_inst/current_stata[127]_i_5_n_0
    SLICE_X38Y37         LUT5 (Prop_lut5_I4_O)        0.328     2.260 r  aes_ctr_inst/controller_inst/reg_inst/current_stata[127]_i_3/O
                         net (fo=128, routed)         7.823    10.083    aes_ctr_inst/key_schedule_inst/reg_inst/current_stata_reg[127]_1
    SLICE_X25Y39         LUT5 (Prop_lut5_I1_O)        0.124    10.207 r  aes_ctr_inst/key_schedule_inst/reg_inst/current_stata[121]_i_1/O
                         net (fo=1, routed)           0.000    10.207    aes_ctr_inst/reg_inst/D[121]
    SLICE_X25Y39         FDRE                                         r  aes_ctr_inst/reg_inst/current_stata_reg[121]/D
  -------------------------------------------------------------------    -------------------

Slack:                    inf
  Source:                 aes_ctr_inst/controller_inst/reg_inst/current_stata_reg[7]/C
                            (rising edge-triggered cell FDRE)
  Destination:            aes_ctr_inst/reg_inst/current_stata_reg[123]/D
  Path Group:             (none)
  Path Type:              Max at Slow Process Corner
  Data Path Delay:        10.203ns  (logic 1.116ns (10.938%)  route 9.087ns (89.062%))
  Logic Levels:           4  (FDRE=1 LUT4=1 LUT5=2)

    Location             Delay type                Incr(ns)  Path(ns)    Netlist Resource(s)
  -------------------------------------------------------------------    -------------------
    SLICE_X38Y37         FDRE                         0.000     0.000 r  aes_ctr_inst/controller_inst/reg_inst/current_stata_reg[7]/C
    SLICE_X38Y37         FDRE (Prop_fdre_C_Q)         0.518     0.518 r  aes_ctr_inst/controller_inst/reg_inst/current_stata_reg[7]/Q
                         net (fo=9, routed)           0.815     1.333    aes_ctr_inst/controller_inst/reg_inst/current_stata_reg[7]_0
    SLICE_X38Y37         LUT4 (Prop_lut4_I3_O)        0.146     1.479 r  aes_ctr_inst/controller_inst/reg_inst/current_stata[127]_i_5/O
                         net (fo=1, routed)           0.452     1.932    aes_ctr_inst/controller_inst/reg_inst/current_stata[127]_i_5_n_0
    SLICE_X38Y37         LUT5 (Prop_lut5_I4_O)        0.328     2.260 r  aes_ctr_inst/controller_inst/reg_inst/current_stata[127]_i_3/O
                         net (fo=128, routed)         7.819    10.079    aes_ctr_inst/key_schedule_inst/reg_inst/current_stata_reg[127]_1
    SLICE_X24Y38         LUT5 (Prop_lut5_I1_O)        0.124    10.203 r  aes_ctr_inst/key_schedule_inst/reg_inst/current_stata[123]_i_1/O
                         net (fo=1, routed)           0.000    10.203    aes_ctr_inst/reg_inst/D[123]
    SLICE_X24Y38         FDRE                                         r  aes_ctr_inst/reg_inst/current_stata_reg[123]/D
  -------------------------------------------------------------------    -------------------

Slack:                    inf
  Source:                 aes_ctr_inst/controller_inst/reg_inst/current_stata_reg[7]/C
                            (rising edge-triggered cell FDRE)
  Destination:            aes_ctr_inst/reg_inst/current_stata_reg[114]/D
  Path Group:             (none)
  Path Type:              Max at Slow Process Corner
  Data Path Delay:        10.202ns  (logic 1.116ns (10.939%)  route 9.086ns (89.061%))
  Logic Levels:           4  (FDRE=1 LUT4=1 LUT5=2)

    Location             Delay type                Incr(ns)  Path(ns)    Netlist Resource(s)
  -------------------------------------------------------------------    -------------------
    SLICE_X38Y37         FDRE                         0.000     0.000 r  aes_ctr_inst/controller_inst/reg_inst/current_stata_reg[7]/C
    SLICE_X38Y37         FDRE (Prop_fdre_C_Q)         0.518     0.518 r  aes_ctr_inst/controller_inst/reg_inst/current_stata_reg[7]/Q
                         net (fo=9, routed)           0.815     1.333    aes_ctr_inst/controller_inst/reg_inst/current_stata_reg[7]_0
    SLICE_X38Y37         LUT4 (Prop_lut4_I3_O)        0.146     1.479 r  aes_ctr_inst/controller_inst/reg_inst/current_stata[127]_i_5/O
                         net (fo=1, routed)           0.452     1.932    aes_ctr_inst/controller_inst/reg_inst/current_stata[127]_i_5_n_0
    SLICE_X38Y37         LUT5 (Prop_lut5_I4_O)        0.328     2.260 r  aes_ctr_inst/controller_inst/reg_inst/current_stata[127]_i_3/O
                         net (fo=128, routed)         7.818    10.078    aes_ctr_inst/key_schedule_inst/reg_inst/current_stata_reg[127]_1
    SLICE_X25Y39         LUT5 (Prop_lut5_I1_O)        0.124    10.202 r  aes_ctr_inst/key_schedule_inst/reg_inst/current_stata[114]_i_1/O
                         net (fo=1, routed)           0.000    10.202    aes_ctr_inst/reg_inst/D[114]
    SLICE_X25Y39         FDRE                                         r  aes_ctr_inst/reg_inst/current_stata_reg[114]/D
  -------------------------------------------------------------------    -------------------

Slack:                    inf
  Source:                 aes_ctr_inst/controller_inst/reg_inst/current_stata_reg[7]/C
                            (rising edge-triggered cell FDRE)
  Destination:            aes_ctr_inst/reg_inst/current_stata_reg[124]/D
  Path Group:             (none)
  Path Type:              Max at Slow Process Corner
  Data Path Delay:        10.195ns  (logic 1.116ns (10.947%)  route 9.079ns (89.053%))
  Logic Levels:           4  (FDRE=1 LUT4=1 LUT5=2)

    Location             Delay type                Incr(ns)  Path(ns)    Netlist Resource(s)
  -------------------------------------------------------------------    -------------------
    SLICE_X38Y37         FDRE                         0.000     0.000 r  aes_ctr_inst/controller_inst/reg_inst/current_stata_reg[7]/C
    SLICE_X38Y37         FDRE (Prop_fdre_C_Q)         0.518     0.518 r  aes_ctr_inst/controller_inst/reg_inst/current_stata_reg[7]/Q
                         net (fo=9, routed)           0.815     1.333    aes_ctr_inst/controller_inst/reg_inst/current_stata_reg[7]_0
    SLICE_X38Y37         LUT4 (Prop_lut4_I3_O)        0.146     1.479 r  aes_ctr_inst/controller_inst/reg_inst/current_stata[127]_i_5/O
                         net (fo=1, routed)           0.452     1.932    aes_ctr_inst/controller_inst/reg_inst/current_stata[127]_i_5_n_0
    SLICE_X38Y37         LUT5 (Prop_lut5_I4_O)        0.328     2.260 r  aes_ctr_inst/controller_inst/reg_inst/current_stata[127]_i_3/O
                         net (fo=128, routed)         7.811    10.071    aes_ctr_inst/key_schedule_inst/reg_inst/current_stata_reg[127]_1
    SLICE_X24Y38         LUT5 (Prop_lut5_I1_O)        0.124    10.195 r  aes_ctr_inst/key_schedule_inst/reg_inst/current_stata[124]_i_1/O
                         net (fo=1, routed)           0.000    10.195    aes_ctr_inst/reg_inst/D[124]
    SLICE_X24Y38         FDRE                                         r  aes_ctr_inst/reg_inst/current_stata_reg[124]/D
  -------------------------------------------------------------------    -------------------

Slack:                    inf
  Source:                 aes_ctr_inst/controller_inst/reg_inst/current_stata_reg[7]/C
                            (rising edge-triggered cell FDRE)
  Destination:            aes_ctr_inst/reg_inst/current_stata_reg[126]/D
  Path Group:             (none)
  Path Type:              Max at Slow Process Corner
  Data Path Delay:        10.193ns  (logic 1.116ns (10.949%)  route 9.077ns (89.051%))
  Logic Levels:           4  (FDRE=1 LUT4=1 LUT5=2)

    Location             Delay type                Incr(ns)  Path(ns)    Netlist Resource(s)
  -------------------------------------------------------------------    -------------------
    SLICE_X38Y37         FDRE                         0.000     0.000 r  aes_ctr_inst/controller_inst/reg_inst/current_stata_reg[7]/C
    SLICE_X38Y37         FDRE (Prop_fdre_C_Q)         0.518     0.518 r  aes_ctr_inst/controller_inst/reg_inst/current_stata_reg[7]/Q
                         net (fo=9, routed)           0.815     1.333    aes_ctr_inst/controller_inst/reg_inst/current_stata_reg[7]_0
    SLICE_X38Y37         LUT4 (Prop_lut4_I3_O)        0.146     1.479 r  aes_ctr_inst/controller_inst/reg_inst/current_stata[127]_i_5/O
                         net (fo=1, routed)           0.452     1.932    aes_ctr_inst/controller_inst/reg_inst/current_stata[127]_i_5_n_0
    SLICE_X38Y37         LUT5 (Prop_lut5_I4_O)        0.328     2.260 r  aes_ctr_inst/controller_inst/reg_inst/current_stata[127]_i_3/O
                         net (fo=128, routed)         7.809    10.069    aes_ctr_inst/key_schedule_inst/reg_inst/current_stata_reg[127]_1
    SLICE_X23Y38         LUT5 (Prop_lut5_I1_O)        0.124    10.193 r  aes_ctr_inst/key_schedule_inst/reg_inst/current_stata[126]_i_1/O
                         net (fo=1, routed)           0.000    10.193    aes_ctr_inst/reg_inst/D[126]
    SLICE_X23Y38         FDRE                                         r  aes_ctr_inst/reg_inst/current_stata_reg[126]/D
  -------------------------------------------------------------------    -------------------

Slack:                    inf
  Source:                 aes_ctr_inst/controller_inst/reg_inst/current_stata_reg[7]/C
                            (rising edge-triggered cell FDRE)
  Destination:            aes_ctr_inst/reg_inst/current_stata_reg[117]/D
  Path Group:             (none)
  Path Type:              Max at Slow Process Corner
  Data Path Delay:        10.189ns  (logic 1.116ns (10.953%)  route 9.073ns (89.047%))
  Logic Levels:           4  (FDRE=1 LUT4=1 LUT5=2)

    Location             Delay type                Incr(ns)  Path(ns)    Netlist Resource(s)
  -------------------------------------------------------------------    -------------------
    SLICE_X38Y37         FDRE                         0.000     0.000 r  aes_ctr_inst/controller_inst/reg_inst/current_stata_reg[7]/C
    SLICE_X38Y37         FDRE (Prop_fdre_C_Q)         0.518     0.518 r  aes_ctr_inst/controller_inst/reg_inst/current_stata_reg[7]/Q
                         net (fo=9, routed)           0.815     1.333    aes_ctr_inst/controller_inst/reg_inst/current_stata_reg[7]_0
    SLICE_X38Y37         LUT4 (Prop_lut4_I3_O)        0.146     1.479 r  aes_ctr_inst/controller_inst/reg_inst/current_stata[127]_i_5/O
                         net (fo=1, routed)           0.452     1.932    aes_ctr_inst/controller_inst/reg_inst/current_stata[127]_i_5_n_0
    SLICE_X38Y37         LUT5 (Prop_lut5_I4_O)        0.328     2.260 r  aes_ctr_inst/controller_inst/reg_inst/current_stata[127]_i_3/O
                         net (fo=128, routed)         7.805    10.065    aes_ctr_inst/key_schedule_inst/reg_inst/current_stata_reg[127]_1
    SLICE_X24Y40         LUT5 (Prop_lut5_I1_O)        0.124    10.189 r  aes_ctr_inst/key_schedule_inst/reg_inst/current_stata[117]_i_1/O
                         net (fo=1, routed)           0.000    10.189    aes_ctr_inst/reg_inst/D[117]
    SLICE_X24Y40         FDRE                                         r  aes_ctr_inst/reg_inst/current_stata_reg[117]/D
  -------------------------------------------------------------------    -------------------





Min Delay Paths
--------------------------------------------------------------------------------------
Slack:                    inf
  Source:                 trng_inst/data_reg_reg[170]/C
                            (rising edge-triggered cell FDRE)
  Destination:            aes_key_reg[74]/D
  Path Group:             (none)
  Path Type:              Min at Fast Process Corner
  Data Path Delay:        0.187ns  (logic 0.128ns (68.470%)  route 0.059ns (31.530%))
  Logic Levels:           1  (FDRE=1)

    Location             Delay type                Incr(ns)  Path(ns)    Netlist Resource(s)
  -------------------------------------------------------------------    -------------------
    SLICE_X41Y44         FDRE                         0.000     0.000 r  trng_inst/data_reg_reg[170]/C
    SLICE_X41Y44         FDRE (Prop_fdre_C_Q)         0.128     0.128 r  trng_inst/data_reg_reg[170]/Q
                         net (fo=1, routed)           0.059     0.187    trng_data[170]
    SLICE_X40Y44         FDRE                                         r  aes_key_reg[74]/D
  -------------------------------------------------------------------    -------------------

Slack:                    inf
  Source:                 trng_inst/sample_sreg_reg[222]/C
                            (rising edge-triggered cell FDRE)
  Destination:            trng_inst/data_reg_reg[223]/D
  Path Group:             (none)
  Path Type:              Min at Fast Process Corner
  Data Path Delay:        0.187ns  (logic 0.128ns (68.470%)  route 0.059ns (31.530%))
  Logic Levels:           1  (FDRE=1)

    Location             Delay type                Incr(ns)  Path(ns)    Netlist Resource(s)
  -------------------------------------------------------------------    -------------------
    SLICE_X23Y49         FDRE                         0.000     0.000 r  trng_inst/sample_sreg_reg[222]/C
    SLICE_X23Y49         FDRE (Prop_fdre_C_Q)         0.128     0.128 r  trng_inst/sample_sreg_reg[222]/Q
                         net (fo=1, routed)           0.059     0.187    trng_inst/p_0_in__0[223]
    SLICE_X22Y49         FDRE                                         r  trng_inst/data_reg_reg[223]/D
  -------------------------------------------------------------------    -------------------

Slack:                    inf
  Source:                 trng_inst/data_reg_reg[169]/C
                            (rising edge-triggered cell FDRE)
  Destination:            aes_key_reg[73]/D
  Path Group:             (none)
  Path Type:              Min at Fast Process Corner
  Data Path Delay:        0.193ns  (logic 0.128ns (66.390%)  route 0.065ns (33.610%))
  Logic Levels:           1  (FDRE=1)

    Location             Delay type                Incr(ns)  Path(ns)    Netlist Resource(s)
  -------------------------------------------------------------------    -------------------
    SLICE_X41Y44         FDRE                         0.000     0.000 r  trng_inst/data_reg_reg[169]/C
    SLICE_X41Y44         FDRE (Prop_fdre_C_Q)         0.128     0.128 r  trng_inst/data_reg_reg[169]/Q
                         net (fo=1, routed)           0.065     0.193    trng_data[169]
    SLICE_X40Y44         FDRE                                         r  aes_key_reg[73]/D
  -------------------------------------------------------------------    -------------------

Slack:                    inf
  Source:                 nonce_reg_reg[88]/C
                            (rising edge-triggered cell FDRE)
  Destination:            aes_plaintext_reg[120]/D
  Path Group:             (none)
  Path Type:              Min at Fast Process Corner
  Data Path Delay:        0.193ns  (logic 0.128ns (66.390%)  route 0.065ns (33.610%))
  Logic Levels:           1  (FDRE=1)

    Location             Delay type                Incr(ns)  Path(ns)    Netlist Resource(s)
  -------------------------------------------------------------------    -------------------
    SLICE_X23Y40         FDRE                         0.000     0.000 r  nonce_reg_reg[88]/C
    SLICE_X23Y40         FDRE (Prop_fdre_C_Q)         0.128     0.128 r  nonce_reg_reg[88]/Q
                         net (fo=1, routed)           0.065     0.193    p_0_in[120]
    SLICE_X22Y40         FDRE                                         r  aes_plaintext_reg[120]/D
  -------------------------------------------------------------------    -------------------

Slack:                    inf
  Source:                 trng_inst/data_reg_reg[12]/C
                            (rising edge-triggered cell FDRE)
  Destination:            nonce_reg_reg[12]/D
  Path Group:             (none)
  Path Type:              Min at Fast Process Corner
  Data Path Delay:        0.195ns  (logic 0.141ns (72.269%)  route 0.054ns (27.731%))
  Logic Levels:           1  (FDRE=1)

    Location             Delay type                Incr(ns)  Path(ns)    Netlist Resource(s)
  -------------------------------------------------------------------    -------------------
    SLICE_X39Y58         FDRE                         0.000     0.000 r  trng_inst/data_reg_reg[12]/C
    SLICE_X39Y58         FDRE (Prop_fdre_C_Q)         0.141     0.141 r  trng_inst/data_reg_reg[12]/Q
                         net (fo=1, routed)           0.054     0.195    trng_data[12]
    SLICE_X38Y58         FDRE                                         r  nonce_reg_reg[12]/D
  -------------------------------------------------------------------    -------------------

Slack:                    inf
  Source:                 trng_inst/data_reg_reg[2]/C
                            (rising edge-triggered cell FDRE)
  Destination:            nonce_reg_reg[2]/D
  Path Group:             (none)
  Path Type:              Min at Fast Process Corner
  Data Path Delay:        0.198ns  (logic 0.141ns (71.038%)  route 0.057ns (28.962%))
  Logic Levels:           1  (FDRE=1)

    Location             Delay type                Incr(ns)  Path(ns)    Netlist Resource(s)
  -------------------------------------------------------------------    -------------------
    SLICE_X41Y57         FDRE                         0.000     0.000 r  trng_inst/data_reg_reg[2]/C
    SLICE_X41Y57         FDRE (Prop_fdre_C_Q)         0.141     0.141 r  trng_inst/data_reg_reg[2]/Q
                         net (fo=1, routed)           0.057     0.198    trng_data[2]
    SLICE_X40Y57         FDRE                                         r  nonce_reg_reg[2]/D
  -------------------------------------------------------------------    -------------------

Slack:                    inf
  Source:                 trng_inst/data_reg_reg[106]/C
                            (rising edge-triggered cell FDRE)
  Destination:            aes_key_reg[10]/D
  Path Group:             (none)
  Path Type:              Min at Fast Process Corner
  Data Path Delay:        0.199ns  (logic 0.141ns (70.682%)  route 0.058ns (29.318%))
  Logic Levels:           1  (FDRE=1)

    Location             Delay type                Incr(ns)  Path(ns)    Netlist Resource(s)
  -------------------------------------------------------------------    -------------------
    SLICE_X41Y44         FDRE                         0.000     0.000 r  trng_inst/data_reg_reg[106]/C
    SLICE_X41Y44         FDRE (Prop_fdre_C_Q)         0.141     0.141 r  trng_inst/data_reg_reg[106]/Q
                         net (fo=1, routed)           0.058     0.199    trng_data[106]
    SLICE_X40Y44         FDRE                                         r  aes_key_reg[10]/D
  -------------------------------------------------------------------    -------------------

Slack:                    inf
  Source:                 trng_inst/sample_sreg_reg[162]/C
                            (rising edge-triggered cell FDRE)
  Destination:            trng_inst/data_reg_reg[163]/D
  Path Group:             (none)
  Path Type:              Min at Fast Process Corner
  Data Path Delay:        0.202ns  (logic 0.128ns (63.428%)  route 0.074ns (36.572%))
  Logic Levels:           1  (FDRE=1)

    Location             Delay type                Incr(ns)  Path(ns)    Netlist Resource(s)
  -------------------------------------------------------------------    -------------------
    SLICE_X39Y34         FDRE                         0.000     0.000 r  trng_inst/sample_sreg_reg[162]/C
    SLICE_X39Y34         FDRE (Prop_fdre_C_Q)         0.128     0.128 r  trng_inst/sample_sreg_reg[162]/Q
                         net (fo=2, routed)           0.074     0.202    trng_inst/p_0_in__0[163]
    SLICE_X38Y34         FDRE                                         r  trng_inst/data_reg_reg[163]/D
  -------------------------------------------------------------------    -------------------

Slack:                    inf
  Source:                 trng_inst/sample_sreg_reg[73]/C
                            (rising edge-triggered cell FDRE)
  Destination:            trng_inst/data_reg_reg[74]/D
  Path Group:             (none)
  Path Type:              Min at Fast Process Corner
  Data Path Delay:        0.202ns  (logic 0.128ns (63.428%)  route 0.074ns (36.572%))
  Logic Levels:           1  (FDRE=1)

    Location             Delay type                Incr(ns)  Path(ns)    Netlist Resource(s)
  -------------------------------------------------------------------    -------------------
    SLICE_X25Y34         FDRE                         0.000     0.000 r  trng_inst/sample_sreg_reg[73]/C
    SLICE_X25Y34         FDRE (Prop_fdre_C_Q)         0.128     0.128 r  trng_inst/sample_sreg_reg[73]/Q
                         net (fo=2, routed)           0.074     0.202    trng_inst/p_0_in__0[74]
    SLICE_X24Y34         FDRE                                         r  trng_inst/data_reg_reg[74]/D
  -------------------------------------------------------------------    -------------------

Slack:                    inf
  Source:                 trng_inst/sample_sreg_reg[144]/C
                            (rising edge-triggered cell FDRE)
  Destination:            trng_inst/data_reg_reg[145]/D
  Path Group:             (none)
  Path Type:              Min at Fast Process Corner
  Data Path Delay:        0.203ns  (logic 0.128ns (63.195%)  route 0.075ns (36.805%))
  Logic Levels:           1  (FDRE=1)

    Location             Delay type                Incr(ns)  Path(ns)    Netlist Resource(s)
  -------------------------------------------------------------------    -------------------
    SLICE_X29Y54         FDRE                         0.000     0.000 r  trng_inst/sample_sreg_reg[144]/C
    SLICE_X29Y54         FDRE (Prop_fdre_C_Q)         0.128     0.128 r  trng_inst/sample_sreg_reg[144]/Q
                         net (fo=2, routed)           0.075     0.203    trng_inst/p_0_in__0[145]
    SLICE_X28Y54         FDRE                                         r  trng_inst/data_reg_reg[145]/D
  -------------------------------------------------------------------    -------------------





