Copyright 1986-2022 Xilinx, Inc. All Rights Reserved. Copyright 2022-2025 Advanced Micro Devices, Inc. All Rights Reserved.
------------------------------------------------------------------------------------------------------------------------------------------------------------------------------------------------------------------------------------
| Tool Version : Vivado v.2025.1 (lin64) Build 6140274 Wed May 21 22:58:25 MDT 2025
| Date         : Mon Jul  6 15:03:34 2026
| Host         : szymon running 64-bit Ubuntu 24.04.4 LTS
| Command      : report_timing_summary -max_paths 10 -routable_nets -report_unconstrained -file top_uart_timing_summary_routed.rpt -pb top_uart_timing_summary_routed.pb -rpx top_uart_timing_summary_routed.rpx -warn_on_violation
| Design       : top_uart
| Device       : 7z007s-clg400
| Speed File   : -1  PRODUCTION 1.12 2019-11-22
| Design State : Routed
------------------------------------------------------------------------------------------------------------------------------------------------------------------------------------------------------------------------------------

Timing Summary Report

------------------------------------------------------------------------------------------------
| Timer Settings
| --------------
------------------------------------------------------------------------------------------------

  Enable Multi Corner Analysis               :  Yes
  Enable Pessimism Removal                   :  Yes
  Pessimism Removal Resolution               :  Nearest Common Node
  Enable Input Delay Default Clock           :  No
  Enable Preset / Clear Arcs                 :  No
  Disable Flight Delays                      :  No
  Ignore I/O Paths                           :  No
  Timing Early Launch at Borrowing Latches   :  No
  Borrow Time for Max Delay Exceptions       :  Yes
  Merge Timing Exceptions                    :  Yes
  Inter-SLR Compensation                     :  Conservative

  Corner  Analyze    Analyze    
  Name    Max Paths  Min Paths  
  ------  ---------  ---------  
  Slow    Yes        Yes        
  Fast    Yes        Yes        


------------------------------------------------------------------------------------------------
| Report Methodology
| ------------------
------------------------------------------------------------------------------------------------

Rule       Severity          Description                  Violations  
---------  ----------------  ---------------------------  ----------  
TIMING-17  Critical Warning  Non-clocked sequential cell  46          
TIMING-23  Warning           Combinational loop found     3           

Note: This report is based on the most recent report_methodology run and may not be up-to-date. Run report_methodology on the current design for the latest report.



check_timing report

Table of Contents
-----------------
1. checking no_clock (46)
2. checking constant_clock (0)
3. checking pulse_width_clock (0)
4. checking unconstrained_internal_endpoints (110)
5. checking no_input_delay (0)
6. checking no_output_delay (1)
7. checking multiple_clock (0)
8. checking generated_clocks (0)
9. checking loops (3)
10. checking partial_input_delay (0)
11. checking partial_output_delay (0)
12. checking latch_loops (0)

1. checking no_clock (46)
-------------------------
 There are 46 register/latch pins with no clock driven by root clock pin: clk (HIGH)


2. checking constant_clock (0)
------------------------------
 There are 0 register/latch pins with constant_clock.


3. checking pulse_width_clock (0)
---------------------------------
 There are 0 register/latch pins which need pulse_width check


4. checking unconstrained_internal_endpoints (110)
--------------------------------------------------
 There are 110 pins that are not constrained for maximum delay. (HIGH)

 There are 0 pins that are not constrained for maximum delay due to constant clock.


5. checking no_input_delay (0)
------------------------------
 There are 0 input ports with no input delay specified.

 There are 0 input ports with no input delay but user has a false path constraint.


6. checking no_output_delay (1)
-------------------------------
 There is 1 port with no output delay specified. (HIGH)

 There are 0 ports with no output delay but user has a false path constraint

 There are 0 ports with no output delay but with a timing clock defined on it or propagating through it


7. checking multiple_clock (0)
------------------------------
 There are 0 register/latch pins with multiple clocks.


8. checking generated_clocks (0)
--------------------------------
 There are 0 generated clocks that are not connected to a clock source.


9. checking loops (3)
---------------------
 There are 3 combinational loops in the design. (HIGH)


10. checking partial_input_delay (0)
------------------------------------
 There are 0 input ports with partial input delay specified.


11. checking partial_output_delay (0)
-------------------------------------
 There are 0 ports with partial output delay specified.


12. checking latch_loops (0)
----------------------------
 There are 0 combinational latch loops in the design through latch input



------------------------------------------------------------------------------------------------
| Design Timing Summary
| ---------------------
------------------------------------------------------------------------------------------------

    WNS(ns)      TNS(ns)  TNS Failing Endpoints  TNS Total Endpoints      WHS(ns)      THS(ns)  THS Failing Endpoints  THS Total Endpoints     WPWS(ns)     TPWS(ns)  TPWS Failing Endpoints  TPWS Total Endpoints  
    -------      -------  ---------------------  -------------------      -------      -------  ---------------------  -------------------     --------     --------  ----------------------  --------------------  
        inf        0.000                      0                  111          inf        0.000                      0                  111           NA           NA                      NA                    NA  


There are no user specified timing constraints.


------------------------------------------------------------------------------------------------
| Clock Summary
| -------------
------------------------------------------------------------------------------------------------


------------------------------------------------------------------------------------------------
| Intra Clock Table
| -----------------
------------------------------------------------------------------------------------------------

Clock             WNS(ns)      TNS(ns)  TNS Failing Endpoints  TNS Total Endpoints      WHS(ns)      THS(ns)  THS Failing Endpoints  THS Total Endpoints     WPWS(ns)     TPWS(ns)  TPWS Failing Endpoints  TPWS Total Endpoints  
-----             -------      -------  ---------------------  -------------------      -------      -------  ---------------------  -------------------     --------     --------  ----------------------  --------------------  


------------------------------------------------------------------------------------------------
| Inter Clock Table
| -----------------
------------------------------------------------------------------------------------------------

From Clock    To Clock          WNS(ns)      TNS(ns)  TNS Failing Endpoints  TNS Total Endpoints      WHS(ns)      THS(ns)  THS Failing Endpoints  THS Total Endpoints  
----------    --------          -------      -------  ---------------------  -------------------      -------      -------  ---------------------  -------------------  


------------------------------------------------------------------------------------------------
| Other Path Groups Table
| -----------------------
------------------------------------------------------------------------------------------------

Path Group    From Clock    To Clock          WNS(ns)      TNS(ns)  TNS Failing Endpoints  TNS Total Endpoints      WHS(ns)      THS(ns)  THS Failing Endpoints  THS Total Endpoints  
----------    ----------    --------          -------      -------  ---------------------  -------------------      -------      -------  ---------------------  -------------------  


------------------------------------------------------------------------------------------------
| User Ignored Path Table
| -----------------------
------------------------------------------------------------------------------------------------

Path Group    From Clock    To Clock    
----------    ----------    --------    


------------------------------------------------------------------------------------------------
| Unconstrained Path Table
| ------------------------
------------------------------------------------------------------------------------------------

Path Group    From Clock    To Clock    
----------    ----------    --------    
(none)                                    


------------------------------------------------------------------------------------------------
| Timing Details
| --------------
------------------------------------------------------------------------------------------------


--------------------------------------------------------------------------------------
Path Group:  (none)
From Clock:  
  To Clock:  

Max Delay           111 Endpoints
Min Delay           111 Endpoints
--------------------------------------------------------------------------------------


Max Delay Paths
--------------------------------------------------------------------------------------
Slack:                    inf
  Source:                 tx_reg_reg/C
                            (rising edge-triggered cell FDSE)
  Destination:            tx
                            (output port)
  Path Group:             (none)
  Path Type:              Max at Slow Process Corner
  Data Path Delay:        5.646ns  (logic 3.963ns (70.190%)  route 1.683ns (29.810%))
  Logic Levels:           2  (FDSE=1 OBUF=1)

    Location             Delay type                Incr(ns)  Path(ns)    Netlist Resource(s)
  -------------------------------------------------------------------    -------------------
    SLICE_X39Y61         FDSE                         0.000     0.000 r  tx_reg_reg/C
    SLICE_X39Y61         FDSE (Prop_fdse_C_Q)         0.456     0.456 r  tx_reg_reg/Q
                         net (fo=1, routed)           1.683     2.139    tx_OBUF
    G15                  OBUF (Prop_obuf_I_O)         3.507     5.646 r  tx_OBUF_inst/O
                         net (fo=0)                   0.000     5.646    tx
    G15                                                               r  tx (OUT)
  -------------------------------------------------------------------    -------------------

Slack:                    inf
  Source:                 uart_cnt_reg[1]/C
                            (rising edge-triggered cell FDRE)
  Destination:            uart_cnt_reg[0]/R
  Path Group:             (none)
  Path Type:              Max at Slow Process Corner
  Data Path Delay:        3.163ns  (logic 0.766ns (24.214%)  route 2.397ns (75.786%))
  Logic Levels:           3  (FDRE=1 LUT4=1 LUT6=1)

    Location             Delay type                Incr(ns)  Path(ns)    Netlist Resource(s)
  -------------------------------------------------------------------    -------------------
    SLICE_X38Y63         FDRE                         0.000     0.000 r  uart_cnt_reg[1]/C
    SLICE_X38Y63         FDRE (Prop_fdre_C_Q)         0.518     0.518 r  uart_cnt_reg[1]/Q
                         net (fo=7, routed)           1.028     1.546    trng_inst/Q[0]
    SLICE_X38Y62         LUT6 (Prop_lut6_I5_O)        0.124     1.670 f  trng_inst/tx_reg_i_3/O
                         net (fo=4, routed)           0.723     2.393    trng_inst/uart_cnt_reg[5]
    SLICE_X39Y62         LUT4 (Prop_lut4_I1_O)        0.124     2.517 r  trng_inst/uart_cnt[7]_i_1/O
                         net (fo=8, routed)           0.647     3.163    trng_inst_n_11
    SLICE_X38Y63         FDRE                                         r  uart_cnt_reg[0]/R
  -------------------------------------------------------------------    -------------------

Slack:                    inf
  Source:                 uart_cnt_reg[1]/C
                            (rising edge-triggered cell FDRE)
  Destination:            uart_cnt_reg[1]/R
  Path Group:             (none)
  Path Type:              Max at Slow Process Corner
  Data Path Delay:        3.163ns  (logic 0.766ns (24.214%)  route 2.397ns (75.786%))
  Logic Levels:           3  (FDRE=1 LUT4=1 LUT6=1)

    Location             Delay type                Incr(ns)  Path(ns)    Netlist Resource(s)
  -------------------------------------------------------------------    -------------------
    SLICE_X38Y63         FDRE                         0.000     0.000 r  uart_cnt_reg[1]/C
    SLICE_X38Y63         FDRE (Prop_fdre_C_Q)         0.518     0.518 r  uart_cnt_reg[1]/Q
                         net (fo=7, routed)           1.028     1.546    trng_inst/Q[0]
    SLICE_X38Y62         LUT6 (Prop_lut6_I5_O)        0.124     1.670 f  trng_inst/tx_reg_i_3/O
                         net (fo=4, routed)           0.723     2.393    trng_inst/uart_cnt_reg[5]
    SLICE_X39Y62         LUT4 (Prop_lut4_I1_O)        0.124     2.517 r  trng_inst/uart_cnt[7]_i_1/O
                         net (fo=8, routed)           0.647     3.163    trng_inst_n_11
    SLICE_X38Y63         FDRE                                         r  uart_cnt_reg[1]/R
  -------------------------------------------------------------------    -------------------

Slack:                    inf
  Source:                 uart_cnt_reg[1]/C
                            (rising edge-triggered cell FDRE)
  Destination:            uart_cnt_reg[2]/R
  Path Group:             (none)
  Path Type:              Max at Slow Process Corner
  Data Path Delay:        3.163ns  (logic 0.766ns (24.214%)  route 2.397ns (75.786%))
  Logic Levels:           3  (FDRE=1 LUT4=1 LUT6=1)

    Location             Delay type                Incr(ns)  Path(ns)    Netlist Resource(s)
  -------------------------------------------------------------------    -------------------
    SLICE_X38Y63         FDRE                         0.000     0.000 r  uart_cnt_reg[1]/C
    SLICE_X38Y63         FDRE (Prop_fdre_C_Q)         0.518     0.518 r  uart_cnt_reg[1]/Q
                         net (fo=7, routed)           1.028     1.546    trng_inst/Q[0]
    SLICE_X38Y62         LUT6 (Prop_lut6_I5_O)        0.124     1.670 f  trng_inst/tx_reg_i_3/O
                         net (fo=4, routed)           0.723     2.393    trng_inst/uart_cnt_reg[5]
    SLICE_X39Y62         LUT4 (Prop_lut4_I1_O)        0.124     2.517 r  trng_inst/uart_cnt[7]_i_1/O
                         net (fo=8, routed)           0.647     3.163    trng_inst_n_11
    SLICE_X38Y63         FDRE                                         r  uart_cnt_reg[2]/R
  -------------------------------------------------------------------    -------------------

Slack:                    inf
  Source:                 uart_cnt_reg[1]/C
                            (rising edge-triggered cell FDRE)
  Destination:            bit_idx_reg[2]/CE
  Path Group:             (none)
  Path Type:              Max at Slow Process Corner
  Data Path Delay:        3.112ns  (logic 0.766ns (24.615%)  route 2.346ns (75.385%))
  Logic Levels:           3  (FDRE=1 LUT4=1 LUT6=1)

    Location             Delay type                Incr(ns)  Path(ns)    Netlist Resource(s)
  -------------------------------------------------------------------    -------------------
    SLICE_X38Y63         FDRE                         0.000     0.000 r  uart_cnt_reg[1]/C
    SLICE_X38Y63         FDRE (Prop_fdre_C_Q)         0.518     0.518 r  uart_cnt_reg[1]/Q
                         net (fo=7, routed)           1.028     1.546    trng_inst/Q[0]
    SLICE_X38Y62         LUT6 (Prop_lut6_I5_O)        0.124     1.670 f  trng_inst/tx_reg_i_3/O
                         net (fo=4, routed)           0.667     2.337    trng_inst_n_8
    SLICE_X39Y62         LUT4 (Prop_lut4_I3_O)        0.124     2.461 r  bit_idx[3]_i_1/O
                         net (fo=4, routed)           0.651     3.112    bit_idx
    SLICE_X39Y60         FDRE                                         r  bit_idx_reg[2]/CE
  -------------------------------------------------------------------    -------------------

Slack:                    inf
  Source:                 uart_cnt_reg[1]/C
                            (rising edge-triggered cell FDRE)
  Destination:            bit_idx_reg[3]/CE
  Path Group:             (none)
  Path Type:              Max at Slow Process Corner
  Data Path Delay:        3.112ns  (logic 0.766ns (24.615%)  route 2.346ns (75.385%))
  Logic Levels:           3  (FDRE=1 LUT4=1 LUT6=1)

    Location             Delay type                Incr(ns)  Path(ns)    Netlist Resource(s)
  -------------------------------------------------------------------    -------------------
    SLICE_X38Y63         FDRE                         0.000     0.000 r  uart_cnt_reg[1]/C
    SLICE_X38Y63         FDRE (Prop_fdre_C_Q)         0.518     0.518 r  uart_cnt_reg[1]/Q
                         net (fo=7, routed)           1.028     1.546    trng_inst/Q[0]
    SLICE_X38Y62         LUT6 (Prop_lut6_I5_O)        0.124     1.670 f  trng_inst/tx_reg_i_3/O
                         net (fo=4, routed)           0.667     2.337    trng_inst_n_8
    SLICE_X39Y62         LUT4 (Prop_lut4_I3_O)        0.124     2.461 r  bit_idx[3]_i_1/O
                         net (fo=4, routed)           0.651     3.112    bit_idx
    SLICE_X39Y60         FDRE                                         r  bit_idx_reg[3]/CE
  -------------------------------------------------------------------    -------------------

Slack:                    inf
  Source:                 uart_cnt_reg[1]/C
                            (rising edge-triggered cell FDRE)
  Destination:            uart_cnt_reg[3]/R
  Path Group:             (none)
  Path Type:              Max at Slow Process Corner
  Data Path Delay:        3.107ns  (logic 0.766ns (24.651%)  route 2.341ns (75.349%))
  Logic Levels:           3  (FDRE=1 LUT4=1 LUT6=1)

    Location             Delay type                Incr(ns)  Path(ns)    Netlist Resource(s)
  -------------------------------------------------------------------    -------------------
    SLICE_X38Y63         FDRE                         0.000     0.000 r  uart_cnt_reg[1]/C
    SLICE_X38Y63         FDRE (Prop_fdre_C_Q)         0.518     0.518 r  uart_cnt_reg[1]/Q
                         net (fo=7, routed)           1.028     1.546    trng_inst/Q[0]
    SLICE_X38Y62         LUT6 (Prop_lut6_I5_O)        0.124     1.670 f  trng_inst/tx_reg_i_3/O
                         net (fo=4, routed)           0.723     2.393    trng_inst/uart_cnt_reg[5]
    SLICE_X39Y62         LUT4 (Prop_lut4_I1_O)        0.124     2.517 r  trng_inst/uart_cnt[7]_i_1/O
                         net (fo=8, routed)           0.590     3.107    trng_inst_n_11
    SLICE_X38Y62         FDRE                                         r  uart_cnt_reg[3]/R
  -------------------------------------------------------------------    -------------------

Slack:                    inf
  Source:                 uart_cnt_reg[1]/C
                            (rising edge-triggered cell FDRE)
  Destination:            uart_cnt_reg[4]/R
  Path Group:             (none)
  Path Type:              Max at Slow Process Corner
  Data Path Delay:        3.107ns  (logic 0.766ns (24.651%)  route 2.341ns (75.349%))
  Logic Levels:           3  (FDRE=1 LUT4=1 LUT6=1)

    Location             Delay type                Incr(ns)  Path(ns)    Netlist Resource(s)
  -------------------------------------------------------------------    -------------------
    SLICE_X38Y63         FDRE                         0.000     0.000 r  uart_cnt_reg[1]/C
    SLICE_X38Y63         FDRE (Prop_fdre_C_Q)         0.518     0.518 r  uart_cnt_reg[1]/Q
                         net (fo=7, routed)           1.028     1.546    trng_inst/Q[0]
    SLICE_X38Y62         LUT6 (Prop_lut6_I5_O)        0.124     1.670 f  trng_inst/tx_reg_i_3/O
                         net (fo=4, routed)           0.723     2.393    trng_inst/uart_cnt_reg[5]
    SLICE_X39Y62         LUT4 (Prop_lut4_I1_O)        0.124     2.517 r  trng_inst/uart_cnt[7]_i_1/O
                         net (fo=8, routed)           0.590     3.107    trng_inst_n_11
    SLICE_X38Y62         FDRE                                         r  uart_cnt_reg[4]/R
  -------------------------------------------------------------------    -------------------

Slack:                    inf
  Source:                 uart_cnt_reg[1]/C
                            (rising edge-triggered cell FDRE)
  Destination:            uart_cnt_reg[5]/R
  Path Group:             (none)
  Path Type:              Max at Slow Process Corner
  Data Path Delay:        3.107ns  (logic 0.766ns (24.651%)  route 2.341ns (75.349%))
  Logic Levels:           3  (FDRE=1 LUT4=1 LUT6=1)

    Location             Delay type                Incr(ns)  Path(ns)    Netlist Resource(s)
  -------------------------------------------------------------------    -------------------
    SLICE_X38Y63         FDRE                         0.000     0.000 r  uart_cnt_reg[1]/C
    SLICE_X38Y63         FDRE (Prop_fdre_C_Q)         0.518     0.518 r  uart_cnt_reg[1]/Q
                         net (fo=7, routed)           1.028     1.546    trng_inst/Q[0]
    SLICE_X38Y62         LUT6 (Prop_lut6_I5_O)        0.124     1.670 f  trng_inst/tx_reg_i_3/O
                         net (fo=4, routed)           0.723     2.393    trng_inst/uart_cnt_reg[5]
    SLICE_X39Y62         LUT4 (Prop_lut4_I1_O)        0.124     2.517 r  trng_inst/uart_cnt[7]_i_1/O
                         net (fo=8, routed)           0.590     3.107    trng_inst_n_11
    SLICE_X38Y62         FDRE                                         r  uart_cnt_reg[5]/R
  -------------------------------------------------------------------    -------------------

Slack:                    inf
  Source:                 uart_cnt_reg[1]/C
                            (rising edge-triggered cell FDRE)
  Destination:            uart_cnt_reg[6]/R
  Path Group:             (none)
  Path Type:              Max at Slow Process Corner
  Data Path Delay:        3.107ns  (logic 0.766ns (24.651%)  route 2.341ns (75.349%))
  Logic Levels:           3  (FDRE=1 LUT4=1 LUT6=1)

    Location             Delay type                Incr(ns)  Path(ns)    Netlist Resource(s)
  -------------------------------------------------------------------    -------------------
    SLICE_X38Y63         FDRE                         0.000     0.000 r  uart_cnt_reg[1]/C
    SLICE_X38Y63         FDRE (Prop_fdre_C_Q)         0.518     0.518 r  uart_cnt_reg[1]/Q
                         net (fo=7, routed)           1.028     1.546    trng_inst/Q[0]
    SLICE_X38Y62         LUT6 (Prop_lut6_I5_O)        0.124     1.670 f  trng_inst/tx_reg_i_3/O
                         net (fo=4, routed)           0.723     2.393    trng_inst/uart_cnt_reg[5]
    SLICE_X39Y62         LUT4 (Prop_lut4_I1_O)        0.124     2.517 r  trng_inst/uart_cnt[7]_i_1/O
                         net (fo=8, routed)           0.590     3.107    trng_inst_n_11
    SLICE_X39Y62         FDRE                                         r  uart_cnt_reg[6]/R
  -------------------------------------------------------------------    -------------------





Min Delay Paths
--------------------------------------------------------------------------------------
Slack:                    inf
  Source:                 trng_inst/sample_sreg_reg[6]/C
                            (rising edge-triggered cell FDRE)
  Destination:            trng_inst/sample_sreg_reg[7]/D
  Path Group:             (none)
  Path Type:              Min at Fast Process Corner
  Data Path Delay:        0.277ns  (logic 0.148ns (53.408%)  route 0.129ns (46.592%))
  Logic Levels:           1  (FDRE=1)

    Location             Delay type                Incr(ns)  Path(ns)    Netlist Resource(s)
  -------------------------------------------------------------------    -------------------
    SLICE_X38Y60         FDRE                         0.000     0.000 r  trng_inst/sample_sreg_reg[6]/C
    SLICE_X38Y60         FDRE (Prop_fdre_C_Q)         0.148     0.148 r  trng_inst/sample_sreg_reg[6]/Q
                         net (fo=2, routed)           0.129     0.277    trng_inst/D[6]
    SLICE_X38Y60         FDRE                                         r  trng_inst/sample_sreg_reg[7]/D
  -------------------------------------------------------------------    -------------------

Slack:                    inf
  Source:                 trng_inst/sample_sreg_reg[3]/C
                            (rising edge-triggered cell FDRE)
  Destination:            tx_buffer_reg[3]/D
  Path Group:             (none)
  Path Type:              Min at Fast Process Corner
  Data Path Delay:        0.278ns  (logic 0.148ns (53.142%)  route 0.130ns (46.858%))
  Logic Levels:           1  (FDRE=1)

    Location             Delay type                Incr(ns)  Path(ns)    Netlist Resource(s)
  -------------------------------------------------------------------    -------------------
    SLICE_X38Y60         FDRE                         0.000     0.000 r  trng_inst/sample_sreg_reg[3]/C
    SLICE_X38Y60         FDRE (Prop_fdre_C_Q)         0.148     0.148 r  trng_inst/sample_sreg_reg[3]/Q
                         net (fo=2, routed)           0.130     0.278    sample_sreg[3]
    SLICE_X38Y61         FDRE                                         r  tx_buffer_reg[3]/D
  -------------------------------------------------------------------    -------------------

Slack:                    inf
  Source:                 trng_inst/sample_sreg_reg[3]/C
                            (rising edge-triggered cell FDRE)
  Destination:            trng_inst/sample_sreg_reg[4]/D
  Path Group:             (none)
  Path Type:              Min at Fast Process Corner
  Data Path Delay:        0.282ns  (logic 0.148ns (52.462%)  route 0.134ns (47.538%))
  Logic Levels:           1  (FDRE=1)

    Location             Delay type                Incr(ns)  Path(ns)    Netlist Resource(s)
  -------------------------------------------------------------------    -------------------
    SLICE_X38Y60         FDRE                         0.000     0.000 r  trng_inst/sample_sreg_reg[3]/C
    SLICE_X38Y60         FDRE (Prop_fdre_C_Q)         0.148     0.148 r  trng_inst/sample_sreg_reg[3]/Q
                         net (fo=2, routed)           0.134     0.282    trng_inst/D[3]
    SLICE_X38Y60         FDRE                                         r  trng_inst/sample_sreg_reg[4]/D
  -------------------------------------------------------------------    -------------------

Slack:                    inf
  Source:                 trng_inst/sample_sreg_reg[4]/C
                            (rising edge-triggered cell FDRE)
  Destination:            tx_buffer_reg[4]/D
  Path Group:             (none)
  Path Type:              Min at Fast Process Corner
  Data Path Delay:        0.285ns  (logic 0.164ns (57.563%)  route 0.121ns (42.437%))
  Logic Levels:           1  (FDRE=1)

    Location             Delay type                Incr(ns)  Path(ns)    Netlist Resource(s)
  -------------------------------------------------------------------    -------------------
    SLICE_X38Y60         FDRE                         0.000     0.000 r  trng_inst/sample_sreg_reg[4]/C
    SLICE_X38Y60         FDRE (Prop_fdre_C_Q)         0.164     0.164 r  trng_inst/sample_sreg_reg[4]/Q
                         net (fo=2, routed)           0.121     0.285    sample_sreg[4]
    SLICE_X38Y61         FDRE                                         r  tx_buffer_reg[4]/D
  -------------------------------------------------------------------    -------------------

Slack:                    inf
  Source:                 trng_inst/sample_sreg_reg[4]/C
                            (rising edge-triggered cell FDRE)
  Destination:            trng_inst/sample_sreg_reg[5]/D
  Path Group:             (none)
  Path Type:              Min at Fast Process Corner
  Data Path Delay:        0.289ns  (logic 0.164ns (56.843%)  route 0.125ns (43.157%))
  Logic Levels:           1  (FDRE=1)

    Location             Delay type                Incr(ns)  Path(ns)    Netlist Resource(s)
  -------------------------------------------------------------------    -------------------
    SLICE_X38Y60         FDRE                         0.000     0.000 r  trng_inst/sample_sreg_reg[4]/C
    SLICE_X38Y60         FDRE (Prop_fdre_C_Q)         0.164     0.164 r  trng_inst/sample_sreg_reg[4]/Q
                         net (fo=2, routed)           0.125     0.289    trng_inst/D[4]
    SLICE_X38Y60         FDRE                                         r  trng_inst/sample_sreg_reg[5]/D
  -------------------------------------------------------------------    -------------------

Slack:                    inf
  Source:                 trng_inst/entropy_cell_gen[2].neoTRNG_cell_inst/sync_reg[0]/C
                            (rising edge-triggered cell FDRE)
  Destination:            trng_inst/entropy_cell_gen[2].neoTRNG_cell_inst/sync_reg[1]/D
  Path Group:             (none)
  Path Type:              Min at Fast Process Corner
  Data Path Delay:        0.308ns  (logic 0.128ns (41.602%)  route 0.180ns (58.398%))
  Logic Levels:           1  (FDRE=1)

    Location             Delay type                Incr(ns)  Path(ns)    Netlist Resource(s)
  -------------------------------------------------------------------    -------------------
    SLICE_X27Y61         FDRE                         0.000     0.000 r  trng_inst/entropy_cell_gen[2].neoTRNG_cell_inst/sync_reg[0]/C
    SLICE_X27Y61         FDRE (Prop_fdre_C_Q)         0.128     0.128 r  trng_inst/entropy_cell_gen[2].neoTRNG_cell_inst/sync_reg[0]/Q
                         net (fo=1, routed)           0.180     0.308    trng_inst/entropy_cell_gen[2].neoTRNG_cell_inst/sync_reg_n_0_[0]
    SLICE_X27Y61         FDRE                                         r  trng_inst/entropy_cell_gen[2].neoTRNG_cell_inst/sync_reg[1]/D
  -------------------------------------------------------------------    -------------------

Slack:                    inf
  Source:                 trng_inst/entropy_cell_gen[0].neoTRNG_cell_inst/sync_reg[0]/C
                            (rising edge-triggered cell FDRE)
  Destination:            trng_inst/entropy_cell_gen[0].neoTRNG_cell_inst/sync_reg[1]/D
  Path Group:             (none)
  Path Type:              Min at Fast Process Corner
  Data Path Delay:        0.311ns  (logic 0.141ns (45.298%)  route 0.170ns (54.702%))
  Logic Levels:           1  (FDRE=1)

    Location             Delay type                Incr(ns)  Path(ns)    PBlock               Netlist Resource(s)
  -------------------------------------------------------------------    ----------------------------------------
    SLICE_X25Y96         FDRE                         0.000     0.000 r  pblock_1             trng_inst/entropy_cell_gen[0].neoTRNG_cell_inst/sync_reg[0]/C
    SLICE_X25Y96         FDRE (Prop_fdre_C_Q)         0.141     0.141 r  pblock_1             trng_inst/entropy_cell_gen[0].neoTRNG_cell_inst/sync_reg[0]/Q
                         net (fo=1, routed)           0.170     0.311                         trng_inst/entropy_cell_gen[0].neoTRNG_cell_inst/sync_reg_n_0_[0]
    SLICE_X25Y96         FDRE                                         r  pblock_1             trng_inst/entropy_cell_gen[0].neoTRNG_cell_inst/sync_reg[1]/D
  -------------------------------------------------------------------    ----------------------------------------

Slack:                    inf
  Source:                 busy_reg/C
                            (rising edge-triggered cell FDRE)
  Destination:            uart_cnt_reg[6]/CE
  Path Group:             (none)
  Path Type:              Min at Fast Process Corner
  Data Path Delay:        0.312ns  (logic 0.141ns (45.240%)  route 0.171ns (54.760%))
  Logic Levels:           1  (FDRE=1)

    Location             Delay type                Incr(ns)  Path(ns)    Netlist Resource(s)
  -------------------------------------------------------------------    -------------------
    SLICE_X40Y62         FDRE                         0.000     0.000 r  busy_reg/C
    SLICE_X40Y62         FDRE (Prop_fdre_C_Q)         0.141     0.141 r  busy_reg/Q
                         net (fo=13, routed)          0.171     0.312    busy
    SLICE_X39Y62         FDRE                                         r  uart_cnt_reg[6]/CE
  -------------------------------------------------------------------    -------------------

Slack:                    inf
  Source:                 busy_reg/C
                            (rising edge-triggered cell FDRE)
  Destination:            uart_cnt_reg[7]/CE
  Path Group:             (none)
  Path Type:              Min at Fast Process Corner
  Data Path Delay:        0.312ns  (logic 0.141ns (45.240%)  route 0.171ns (54.760%))
  Logic Levels:           1  (FDRE=1)

    Location             Delay type                Incr(ns)  Path(ns)    Netlist Resource(s)
  -------------------------------------------------------------------    -------------------
    SLICE_X40Y62         FDRE                         0.000     0.000 r  busy_reg/C
    SLICE_X40Y62         FDRE (Prop_fdre_C_Q)         0.141     0.141 r  busy_reg/Q
                         net (fo=13, routed)          0.171     0.312    busy
    SLICE_X39Y62         FDRE                                         r  uart_cnt_reg[7]/CE
  -------------------------------------------------------------------    -------------------

Slack:                    inf
  Source:                 trng_inst/sample_cnt_reg[6]/C
                            (rising edge-triggered cell FDRE)
  Destination:            trng_inst/sample_sreg_reg[0]/R
  Path Group:             (none)
  Path Type:              Min at Fast Process Corner
  Data Path Delay:        0.328ns  (logic 0.141ns (42.997%)  route 0.187ns (57.003%))
  Logic Levels:           1  (FDRE=1)

    Location             Delay type                Incr(ns)  Path(ns)    Netlist Resource(s)
  -------------------------------------------------------------------    -------------------
    SLICE_X36Y60         FDRE                         0.000     0.000 r  trng_inst/sample_cnt_reg[6]/C
    SLICE_X36Y60         FDRE (Prop_fdre_C_Q)         0.141     0.141 r  trng_inst/sample_cnt_reg[6]/Q
                         net (fo=18, routed)          0.187     0.328    trng_inst/trng_valid
    SLICE_X38Y60         FDRE                                         r  trng_inst/sample_sreg_reg[0]/R
  -------------------------------------------------------------------    -------------------





