Copyright 1986-2022 Xilinx, Inc. All Rights Reserved. Copyright 2022-2025 Advanced Micro Devices, Inc. All Rights Reserved.
---------------------------------------------------------------------------------------------------------------------------------------------
| Tool Version : Vivado v.2025.1 (lin64) Build 6140274 Wed May 21 22:58:25 MDT 2025
| Date         : Wed Jun 17 12:05:40 2026
| Host         : szymon running 64-bit Ubuntu 24.04.4 LTS
| Command      : report_drc -file top_uart_drc_opted.rpt -pb top_uart_drc_opted.pb -rpx top_uart_drc_opted.rpx
| Design       : top_uart
| Device       : xc7z007sclg400-1
| Speed File   : -1
| Design State : Synthesized
---------------------------------------------------------------------------------------------------------------------------------------------

Report DRC

Table of Contents
-----------------
1. REPORT SUMMARY
2. REPORT DETAILS

1. REPORT SUMMARY
-----------------
            Netlist: netlist
          Floorplan: design_1
      Design limits: <entire design considered>
           Ruledeck: default
             Max checks: <unlimited>
             Checks found: 7
+---------+----------+----------------------------+--------+
| Rule    | Severity | Description                | Checks |
+---------+----------+----------------------------+--------+
| LUTLP-2 | Warning  | Combinatorial Loop Allowed | 6      |
| ZPS7-1  | Warning  | PS7 block required         | 1      |
+---------+----------+----------------------------+--------+

2. REPORT DETAILS
-----------------
LUTLP-2#1 Warning
Combinatorial Loop Allowed  
15 LUT cells form a combinatorial loop. This can create a race condition. Timing analysis may not be accurate. The preferred resolution is to modify the design to remove combinatorial logic loops. This loop has been identified in the constraints as being known and understood by use of the ALLOW_COMBINATORIAL_LOOPS property on a net in the loop. The cells in the loop are: trng_inst/entropy_cell_gen[0].neoTRNG_cell_inst/inv_in_inst,
trng_inst/entropy_cell_gen[0].neoTRNG_cell_inst/inv_in_inst__0,
trng_inst/entropy_cell_gen[0].neoTRNG_cell_inst/inv_in_inst__1,
trng_inst/entropy_cell_gen[0].neoTRNG_cell_inst/inv_in_inst__2,
trng_inst/entropy_cell_gen[0].neoTRNG_cell_inst/inv_in_inst__3,
trng_inst/entropy_cell_gen[0].neoTRNG_cell_inst/inv_out_inferred_i_1,
trng_inst/entropy_cell_gen[0].neoTRNG_cell_inst/inv_out_inferred_i_2,
trng_inst/entropy_cell_gen[0].neoTRNG_cell_inst/inv_out_inferred_i_3,
trng_inst/entropy_cell_gen[0].neoTRNG_cell_inst/inv_out_inferred_i_4,
trng_inst/entropy_cell_gen[0].neoTRNG_cell_inst/inv_out_inferred_i_5,
trng_inst/entropy_cell_gen[0].neoTRNG_cell_inst/inv_out_inst,
trng_inst/entropy_cell_gen[0].neoTRNG_cell_inst/inv_out_inst__0,
trng_inst/entropy_cell_gen[0].neoTRNG_cell_inst/inv_out_inst__1
trng_inst/entropy_cell_gen[0].neoTRNG_cell_inst/inv_out_inst__2.
Related violations: <none>

LUTLP-2#2 Warning
Combinatorial Loop Allowed  
21 LUT cells form a combinatorial loop. This can create a race condition. Timing analysis may not be accurate. The preferred resolution is to modify the design to remove combinatorial logic loops. This loop has been identified in the constraints as being known and understood by use of the ALLOW_COMBINATORIAL_LOOPS property on a net in the loop. The cells in the loop are: trng_inst/entropy_cell_gen[1].neoTRNG_cell_inst/inv_in_inst,
trng_inst/entropy_cell_gen[1].neoTRNG_cell_inst/inv_in_inst__0,
trng_inst/entropy_cell_gen[1].neoTRNG_cell_inst/inv_in_inst__1,
trng_inst/entropy_cell_gen[1].neoTRNG_cell_inst/inv_in_inst__2,
trng_inst/entropy_cell_gen[1].neoTRNG_cell_inst/inv_in_inst__3,
trng_inst/entropy_cell_gen[1].neoTRNG_cell_inst/inv_in_inst__4,
trng_inst/entropy_cell_gen[1].neoTRNG_cell_inst/inv_in_inst__5,
trng_inst/entropy_cell_gen[1].neoTRNG_cell_inst/inv_out_inferred_i_1,
trng_inst/entropy_cell_gen[1].neoTRNG_cell_inst/inv_out_inferred_i_2,
trng_inst/entropy_cell_gen[1].neoTRNG_cell_inst/inv_out_inferred_i_3,
trng_inst/entropy_cell_gen[1].neoTRNG_cell_inst/inv_out_inferred_i_4,
trng_inst/entropy_cell_gen[1].neoTRNG_cell_inst/inv_out_inferred_i_5,
trng_inst/entropy_cell_gen[1].neoTRNG_cell_inst/inv_out_inferred_i_6,
trng_inst/entropy_cell_gen[1].neoTRNG_cell_inst/inv_out_inferred_i_7,
trng_inst/entropy_cell_gen[1].neoTRNG_cell_inst/inv_out_inst
 (the first 15 of 21 listed).
Related violations: <none>

LUTLP-2#3 Warning
Combinatorial Loop Allowed  
27 LUT cells form a combinatorial loop. This can create a race condition. Timing analysis may not be accurate. The preferred resolution is to modify the design to remove combinatorial logic loops. This loop has been identified in the constraints as being known and understood by use of the ALLOW_COMBINATORIAL_LOOPS property on a net in the loop. The cells in the loop are: trng_inst/entropy_cell_gen[2].neoTRNG_cell_inst/inv_in_inst,
trng_inst/entropy_cell_gen[2].neoTRNG_cell_inst/inv_in_inst__0,
trng_inst/entropy_cell_gen[2].neoTRNG_cell_inst/inv_in_inst__1,
trng_inst/entropy_cell_gen[2].neoTRNG_cell_inst/inv_in_inst__2,
trng_inst/entropy_cell_gen[2].neoTRNG_cell_inst/inv_in_inst__3,
trng_inst/entropy_cell_gen[2].neoTRNG_cell_inst/inv_in_inst__4,
trng_inst/entropy_cell_gen[2].neoTRNG_cell_inst/inv_in_inst__5,
trng_inst/entropy_cell_gen[2].neoTRNG_cell_inst/inv_in_inst__6,
trng_inst/entropy_cell_gen[2].neoTRNG_cell_inst/inv_in_inst__7,
trng_inst/entropy_cell_gen[2].neoTRNG_cell_inst/inv_out_inferred_i_1,
trng_inst/entropy_cell_gen[2].neoTRNG_cell_inst/inv_out_inferred_i_2,
trng_inst/entropy_cell_gen[2].neoTRNG_cell_inst/inv_out_inferred_i_3,
trng_inst/entropy_cell_gen[2].neoTRNG_cell_inst/inv_out_inferred_i_4,
trng_inst/entropy_cell_gen[2].neoTRNG_cell_inst/inv_out_inferred_i_5,
trng_inst/entropy_cell_gen[2].neoTRNG_cell_inst/inv_out_inferred_i_6
 (the first 15 of 27 listed).
Related violations: <none>

LUTLP-2#4 Warning
Combinatorial Loop Allowed  
33 LUT cells form a combinatorial loop. This can create a race condition. Timing analysis may not be accurate. The preferred resolution is to modify the design to remove combinatorial logic loops. This loop has been identified in the constraints as being known and understood by use of the ALLOW_COMBINATORIAL_LOOPS property on a net in the loop. The cells in the loop are: trng_inst/entropy_cell_gen[3].neoTRNG_cell_inst/inv_in_inst,
trng_inst/entropy_cell_gen[3].neoTRNG_cell_inst/inv_in_inst__0,
trng_inst/entropy_cell_gen[3].neoTRNG_cell_inst/inv_in_inst__1,
trng_inst/entropy_cell_gen[3].neoTRNG_cell_inst/inv_in_inst__2,
trng_inst/entropy_cell_gen[3].neoTRNG_cell_inst/inv_in_inst__3,
trng_inst/entropy_cell_gen[3].neoTRNG_cell_inst/inv_in_inst__4,
trng_inst/entropy_cell_gen[3].neoTRNG_cell_inst/inv_in_inst__5,
trng_inst/entropy_cell_gen[3].neoTRNG_cell_inst/inv_in_inst__6,
trng_inst/entropy_cell_gen[3].neoTRNG_cell_inst/inv_in_inst__7,
trng_inst/entropy_cell_gen[3].neoTRNG_cell_inst/inv_in_inst__8,
trng_inst/entropy_cell_gen[3].neoTRNG_cell_inst/inv_in_inst__9,
trng_inst/entropy_cell_gen[3].neoTRNG_cell_inst/inv_out_inferred_i_1,
trng_inst/entropy_cell_gen[3].neoTRNG_cell_inst/inv_out_inferred_i_2,
trng_inst/entropy_cell_gen[3].neoTRNG_cell_inst/inv_out_inferred_i_3,
trng_inst/entropy_cell_gen[3].neoTRNG_cell_inst/inv_out_inferred_i_4
 (the first 15 of 33 listed).
Related violations: <none>

LUTLP-2#5 Warning
Combinatorial Loop Allowed  
39 LUT cells form a combinatorial loop. This can create a race condition. Timing analysis may not be accurate. The preferred resolution is to modify the design to remove combinatorial logic loops. This loop has been identified in the constraints as being known and understood by use of the ALLOW_COMBINATORIAL_LOOPS property on a net in the loop. The cells in the loop are: trng_inst/entropy_cell_gen[4].neoTRNG_cell_inst/inv_in_inst,
trng_inst/entropy_cell_gen[4].neoTRNG_cell_inst/inv_in_inst__0,
trng_inst/entropy_cell_gen[4].neoTRNG_cell_inst/inv_in_inst__1,
trng_inst/entropy_cell_gen[4].neoTRNG_cell_inst/inv_in_inst__10,
trng_inst/entropy_cell_gen[4].neoTRNG_cell_inst/inv_in_inst__11,
trng_inst/entropy_cell_gen[4].neoTRNG_cell_inst/inv_in_inst__2,
trng_inst/entropy_cell_gen[4].neoTRNG_cell_inst/inv_in_inst__3,
trng_inst/entropy_cell_gen[4].neoTRNG_cell_inst/inv_in_inst__4,
trng_inst/entropy_cell_gen[4].neoTRNG_cell_inst/inv_in_inst__5,
trng_inst/entropy_cell_gen[4].neoTRNG_cell_inst/inv_in_inst__6,
trng_inst/entropy_cell_gen[4].neoTRNG_cell_inst/inv_in_inst__7,
trng_inst/entropy_cell_gen[4].neoTRNG_cell_inst/inv_in_inst__8,
trng_inst/entropy_cell_gen[4].neoTRNG_cell_inst/inv_in_inst__9,
trng_inst/entropy_cell_gen[4].neoTRNG_cell_inst/inv_out_inferred_i_1,
trng_inst/entropy_cell_gen[4].neoTRNG_cell_inst/inv_out_inferred_i_2
 (the first 15 of 39 listed).
Related violations: <none>

LUTLP-2#6 Warning
Combinatorial Loop Allowed  
45 LUT cells form a combinatorial loop. This can create a race condition. Timing analysis may not be accurate. The preferred resolution is to modify the design to remove combinatorial logic loops. This loop has been identified in the constraints as being known and understood by use of the ALLOW_COMBINATORIAL_LOOPS property on a net in the loop. The cells in the loop are: trng_inst/entropy_cell_gen[5].neoTRNG_cell_inst/inv_in_inst,
trng_inst/entropy_cell_gen[5].neoTRNG_cell_inst/inv_in_inst__0,
trng_inst/entropy_cell_gen[5].neoTRNG_cell_inst/inv_in_inst__1,
trng_inst/entropy_cell_gen[5].neoTRNG_cell_inst/inv_in_inst__10,
trng_inst/entropy_cell_gen[5].neoTRNG_cell_inst/inv_in_inst__11,
trng_inst/entropy_cell_gen[5].neoTRNG_cell_inst/inv_in_inst__12,
trng_inst/entropy_cell_gen[5].neoTRNG_cell_inst/inv_in_inst__13,
trng_inst/entropy_cell_gen[5].neoTRNG_cell_inst/inv_in_inst__2,
trng_inst/entropy_cell_gen[5].neoTRNG_cell_inst/inv_in_inst__3,
trng_inst/entropy_cell_gen[5].neoTRNG_cell_inst/inv_in_inst__4,
trng_inst/entropy_cell_gen[5].neoTRNG_cell_inst/inv_in_inst__5,
trng_inst/entropy_cell_gen[5].neoTRNG_cell_inst/inv_in_inst__6,
trng_inst/entropy_cell_gen[5].neoTRNG_cell_inst/inv_in_inst__7,
trng_inst/entropy_cell_gen[5].neoTRNG_cell_inst/inv_in_inst__8,
trng_inst/entropy_cell_gen[5].neoTRNG_cell_inst/inv_in_inst__9
 (the first 15 of 45 listed).
Related violations: <none>

ZPS7-1#1 Warning
PS7 block required  
The PS7 cell must be used in this Zynq design in order to enable correct default configuration.
Related violations: <none>


