Copyright 1986-2022 Xilinx, Inc. All Rights Reserved. Copyright 2022-2025 Advanced Micro Devices, Inc. All Rights Reserved.
---------------------------------------------------------------------------------------------------------------------------------------------
| Tool Version : Vivado v.2025.1 (lin64) Build 6140274 Wed May 21 22:58:25 MDT 2025
| Date         : Mon Jun  8 15:34:38 2026
| Host         : szymon running 64-bit Ubuntu 24.04.4 LTS
| Command      : report_control_sets -verbose -file top_uart_control_sets_placed.rpt
| Design       : top_uart
| Device       : xc7z007s
---------------------------------------------------------------------------------------------------------------------------------------------

Control Set Information

Table of Contents
-----------------
1. Summary
2. Histogram
3. Flip-Flop Distribution
4. Detailed Control Set Information

1. Summary
----------

+----------------------------------------------------------+-------+
|                          Status                          | Count |
+----------------------------------------------------------+-------+
| Total control sets                                       |     5 |
|    Minimum number of control sets                        |     5 |
|    Addition due to synthesis replication                 |     0 |
|    Addition due to physical synthesis replication        |     0 |
| Unused register locations in slices containing registers |    14 |
+----------------------------------------------------------+-------+
* Control sets can be merged at opt_design using control_set_merge or merge_equivalent_drivers
** Run report_qor_suggestions for automated merging and remapping suggestions


2. Histogram
------------

+--------------------+-------+
|       Fanout       | Count |
+--------------------+-------+
| Total control sets |     5 |
| >= 0 to < 4        |     1 |
| >= 4 to < 6        |     1 |
| >= 6 to < 8        |     0 |
| >= 8 to < 10       |     2 |
| >= 10 to < 12      |     0 |
| >= 12 to < 14      |     1 |
| >= 14 to < 16      |     0 |
| >= 16              |     0 |
+--------------------+-------+
* Control sets can be remapped at either synth_design or opt_design


3. Flip-Flop Distribution
-------------------------

+--------------+-----------------------+------------------------+-----------------+--------------+
| Clock Enable | Synchronous Set/Reset | Asynchronous Set/Reset | Total Registers | Total Slices |
+--------------+-----------------------+------------------------+-----------------+--------------+
| No           | No                    | No                     |              13 |            6 |
| No           | No                    | Yes                    |               0 |            0 |
| No           | Yes                   | No                     |               0 |            0 |
| Yes          | No                    | No                     |               8 |            1 |
| Yes          | No                    | Yes                    |               0 |            0 |
| Yes          | Yes                   | No                     |              13 |            5 |
+--------------+-----------------------+------------------------+-----------------+--------------+


4. Detailed Control Set Information
-----------------------------------

+----------------+---------------+---------------------+------------------+----------------+--------------+
|  Clock Signal  | Enable Signal |   Set/Reset Signal  | Slice Load Count | Bel Load Count | Bels / Slice |
+----------------+---------------+---------------------+------------------+----------------+--------------+
|  clk_IBUF_BUFG | tx_reg        | p_0_in              |                1 |              1 |         1.00 |
|  clk_IBUF_BUFG | bit_idx       | p_0_in              |                1 |              4 |         4.00 |
|  clk_IBUF_BUFG | busy          | uart_cnt[7]_i_1_n_0 |                3 |              8 |         2.67 |
|  clk_IBUF_BUFG | p_0_in        |                     |                1 |              8 |         8.00 |
|  clk_IBUF_BUFG |               |                     |                6 |             13 |         2.17 |
+----------------+---------------+---------------------+------------------+----------------+--------------+


