#-----------------------------------------------------------
# Vivado v2025.1 (64-bit)
# SW Build 6140274 on Wed May 21 22:58:25 MDT 2025
# IP Build 6138677 on Thu May 22 03:10:11 MDT 2025
# SharedData Build 6139179 on Tue May 20 17:58:58 MDT 2025
# Start of session at: Mon Jun  8 15:34:21 2026
# Process ID         : 7846
# Current directory  : /home/szymon/Desktop/magister/base_RTL/project_1.runs/impl_1
# Command line       : vivado -log top_uart.vdi -applog -product Vivado -messageDb vivado.pb -mode batch -source top_uart.tcl -notrace
# Log file           : /home/szymon/Desktop/magister/base_RTL/project_1.runs/impl_1/top_uart.vdi
# Journal file       : /home/szymon/Desktop/magister/base_RTL/project_1.runs/impl_1/vivado.jou
# Running On         : szymon
# Platform           : Ubuntu
# Operating System   : Ubuntu 24.04.4 LTS
# Processor Detail   : AMD Ryzen 7 4700U with Radeon Graphics
# CPU Frequency      : 1400.000 MHz
# CPU Physical cores : 8
# CPU Logical cores  : 8
# Host memory        : 16155 MB
# Swap memory        : 4294 MB
# Total Virtual      : 20450 MB
# Available Virtual  : 16024 MB
#-----------------------------------------------------------
source top_uart.tcl -notrace
