Copyright 1986-2022 Xilinx, Inc. All Rights Reserved. Copyright 2022-2025 Advanced Micro Devices, Inc. All Rights Reserved.
------------------------------------------------------------------------------------------------------------------------------------------------------------------------------------------------------------------------------------
| Tool Version : Vivado v.2025.1 (lin64) Build 6140274 Wed May 21 22:58:25 MDT 2025
| Date         : Mon Jun 15 18:29:09 2026
| Host         : szymon running 64-bit Ubuntu 24.04.4 LTS
| Command      : report_timing_summary -max_paths 10 -routable_nets -report_unconstrained -file top_uart_timing_summary_routed.rpt -pb top_uart_timing_summary_routed.pb -rpx top_uart_timing_summary_routed.rpx -warn_on_violation
| Design       : top_uart
| Device       : 7z007s-clg400
| Speed File   : -1  PRODUCTION 1.12 2019-11-22
| Design State : Routed
------------------------------------------------------------------------------------------------------------------------------------------------------------------------------------------------------------------------------------

Timing Summary Report

------------------------------------------------------------------------------------------------
| Timer Settings
| --------------
------------------------------------------------------------------------------------------------

  Enable Multi Corner Analysis               :  Yes
  Enable Pessimism Removal                   :  Yes
  Pessimism Removal Resolution               :  Nearest Common Node
  Enable Input Delay Default Clock           :  No
  Enable Preset / Clear Arcs                 :  No
  Disable Flight Delays                      :  No
  Ignore I/O Paths                           :  No
  Timing Early Launch at Borrowing Latches   :  No
  Borrow Time for Max Delay Exceptions       :  Yes
  Merge Timing Exceptions                    :  Yes
  Inter-SLR Compensation                     :  Conservative

  Corner  Analyze    Analyze    
  Name    Max Paths  Min Paths  
  ------  ---------  ---------  
  Slow    Yes        Yes        
  Fast    Yes        Yes        


------------------------------------------------------------------------------------------------
| Report Methodology
| ------------------
------------------------------------------------------------------------------------------------

Rule       Severity          Description                  Violations  
---------  ----------------  ---------------------------  ----------  
TIMING-17  Critical Warning  Non-clocked sequential cell  122         
TIMING-23  Warning           Combinational loop found     2           

Note: This report is based on the most recent report_methodology run and may not be up-to-date. Run report_methodology on the current design for the latest report.



check_timing report

Table of Contents
-----------------
1. checking no_clock (122)
2. checking constant_clock (0)
3. checking pulse_width_clock (0)
4. checking unconstrained_internal_endpoints (297)
5. checking no_input_delay (0)
6. checking no_output_delay (1)
7. checking multiple_clock (0)
8. checking generated_clocks (0)
9. checking loops (2)
10. checking partial_input_delay (0)
11. checking partial_output_delay (0)
12. checking latch_loops (0)

1. checking no_clock (122)
--------------------------
 There are 122 register/latch pins with no clock driven by root clock pin: clk (HIGH)


2. checking constant_clock (0)
------------------------------
 There are 0 register/latch pins with constant_clock.


3. checking pulse_width_clock (0)
---------------------------------
 There are 0 register/latch pins which need pulse_width check


4. checking unconstrained_internal_endpoints (297)
--------------------------------------------------
 There are 297 pins that are not constrained for maximum delay. (HIGH)

 There are 0 pins that are not constrained for maximum delay due to constant clock.


5. checking no_input_delay (0)
------------------------------
 There are 0 input ports with no input delay specified.

 There are 0 input ports with no input delay but user has a false path constraint.


6. checking no_output_delay (1)
-------------------------------
 There is 1 port with no output delay specified. (HIGH)

 There are 0 ports with no output delay but user has a false path constraint

 There are 0 ports with no output delay but with a timing clock defined on it or propagating through it


7. checking multiple_clock (0)
------------------------------
 There are 0 register/latch pins with multiple clocks.


8. checking generated_clocks (0)
--------------------------------
 There are 0 generated clocks that are not connected to a clock source.


9. checking loops (2)
---------------------
 There are 2 combinational loops in the design. (HIGH)


10. checking partial_input_delay (0)
------------------------------------
 There are 0 input ports with partial input delay specified.


11. checking partial_output_delay (0)
-------------------------------------
 There are 0 ports with partial output delay specified.


12. checking latch_loops (0)
----------------------------
 There are 0 combinational latch loops in the design through latch input



------------------------------------------------------------------------------------------------
| Design Timing Summary
| ---------------------
------------------------------------------------------------------------------------------------

    WNS(ns)      TNS(ns)  TNS Failing Endpoints  TNS Total Endpoints      WHS(ns)      THS(ns)  THS Failing Endpoints  THS Total Endpoints     WPWS(ns)     TPWS(ns)  TPWS Failing Endpoints  TPWS Total Endpoints  
    -------      -------  ---------------------  -------------------      -------      -------  ---------------------  -------------------     --------     --------  ----------------------  --------------------  
        inf        0.000                      0                  298          inf        0.000                      0                  298           NA           NA                      NA                    NA  


There are no user specified timing constraints.


------------------------------------------------------------------------------------------------
| Clock Summary
| -------------
------------------------------------------------------------------------------------------------


------------------------------------------------------------------------------------------------
| Intra Clock Table
| -----------------
------------------------------------------------------------------------------------------------

Clock             WNS(ns)      TNS(ns)  TNS Failing Endpoints  TNS Total Endpoints      WHS(ns)      THS(ns)  THS Failing Endpoints  THS Total Endpoints     WPWS(ns)     TPWS(ns)  TPWS Failing Endpoints  TPWS Total Endpoints  
-----             -------      -------  ---------------------  -------------------      -------      -------  ---------------------  -------------------     --------     --------  ----------------------  --------------------  


------------------------------------------------------------------------------------------------
| Inter Clock Table
| -----------------
------------------------------------------------------------------------------------------------

From Clock    To Clock          WNS(ns)      TNS(ns)  TNS Failing Endpoints  TNS Total Endpoints      WHS(ns)      THS(ns)  THS Failing Endpoints  THS Total Endpoints  
----------    --------          -------      -------  ---------------------  -------------------      -------      -------  ---------------------  -------------------  


------------------------------------------------------------------------------------------------
| Other Path Groups Table
| -----------------------
------------------------------------------------------------------------------------------------

Path Group    From Clock    To Clock          WNS(ns)      TNS(ns)  TNS Failing Endpoints  TNS Total Endpoints      WHS(ns)      THS(ns)  THS Failing Endpoints  THS Total Endpoints  
----------    ----------    --------          -------      -------  ---------------------  -------------------      -------      -------  ---------------------  -------------------  


------------------------------------------------------------------------------------------------
| User Ignored Path Table
| -----------------------
------------------------------------------------------------------------------------------------

Path Group    From Clock    To Clock    
----------    ----------    --------    


------------------------------------------------------------------------------------------------
| Unconstrained Path Table
| ------------------------
------------------------------------------------------------------------------------------------

Path Group    From Clock    To Clock    
----------    ----------    --------    
(none)                                    


------------------------------------------------------------------------------------------------
| Timing Details
| --------------
------------------------------------------------------------------------------------------------


--------------------------------------------------------------------------------------
Path Group:  (none)
From Clock:  
  To Clock:  

Max Delay           298 Endpoints
Min Delay           298 Endpoints
--------------------------------------------------------------------------------------


Max Delay Paths
--------------------------------------------------------------------------------------
Slack:                    inf
  Source:                 tx_reg_reg/C
                            (rising edge-triggered cell FDSE)
  Destination:            tx
                            (output port)
  Path Group:             (none)
  Path Type:              Max at Slow Process Corner
  Data Path Delay:        5.786ns  (logic 3.963ns (68.497%)  route 1.823ns (31.503%))
  Logic Levels:           2  (FDSE=1 OBUF=1)

    Location             Delay type                Incr(ns)  Path(ns)    Netlist Resource(s)
  -------------------------------------------------------------------    -------------------
    SLICE_X41Y59         FDSE                         0.000     0.000 r  tx_reg_reg/C
    SLICE_X41Y59         FDSE (Prop_fdse_C_Q)         0.456     0.456 r  tx_reg_reg/Q
                         net (fo=1, routed)           1.823     2.279    tx_OBUF
    G15                  OBUF (Prop_obuf_I_O)         3.507     5.786 r  tx_OBUF_inst/O
                         net (fo=0)                   0.000     5.786    tx
    G15                                                               r  tx (OUT)
  -------------------------------------------------------------------    -------------------

Slack:                    inf
  Source:                 one_sec_counter_reg[15]/C
                            (rising edge-triggered cell FDRE)
  Destination:            byte_accumulator_reg[28]/R
  Path Group:             (none)
  Path Type:              Max at Slow Process Corner
  Data Path Delay:        4.492ns  (logic 0.828ns (18.432%)  route 3.664ns (81.568%))
  Logic Levels:           4  (FDRE=1 LUT2=1 LUT6=2)

    Location             Delay type                Incr(ns)  Path(ns)    Netlist Resource(s)
  -------------------------------------------------------------------    -------------------
    SLICE_X39Y59         FDRE                         0.000     0.000 r  one_sec_counter_reg[15]/C
    SLICE_X39Y59         FDRE (Prop_fdre_C_Q)         0.456     0.456 r  one_sec_counter_reg[15]/Q
                         net (fo=3, routed)           0.833     1.289    one_sec_counter_reg[15]
    SLICE_X38Y60         LUT2 (Prop_lut2_I0_O)        0.124     1.413 f  latched_throughput[31]_i_7/O
                         net (fo=1, routed)           0.806     2.219    latched_throughput[31]_i_7_n_0
    SLICE_X38Y58         LUT6 (Prop_lut6_I0_O)        0.124     2.343 f  latched_throughput[31]_i_5/O
                         net (fo=1, routed)           0.662     3.005    latched_throughput[31]_i_5_n_0
    SLICE_X38Y60         LUT6 (Prop_lut6_I4_O)        0.124     3.129 r  latched_throughput[31]_i_1/O
                         net (fo=92, routed)          1.364     4.492    latched_throughput[31]_i_1_n_0
    SLICE_X37Y63         FDRE                                         r  byte_accumulator_reg[28]/R
  -------------------------------------------------------------------    -------------------

Slack:                    inf
  Source:                 one_sec_counter_reg[15]/C
                            (rising edge-triggered cell FDRE)
  Destination:            byte_accumulator_reg[29]/R
  Path Group:             (none)
  Path Type:              Max at Slow Process Corner
  Data Path Delay:        4.492ns  (logic 0.828ns (18.432%)  route 3.664ns (81.568%))
  Logic Levels:           4  (FDRE=1 LUT2=1 LUT6=2)

    Location             Delay type                Incr(ns)  Path(ns)    Netlist Resource(s)
  -------------------------------------------------------------------    -------------------
    SLICE_X39Y59         FDRE                         0.000     0.000 r  one_sec_counter_reg[15]/C
    SLICE_X39Y59         FDRE (Prop_fdre_C_Q)         0.456     0.456 r  one_sec_counter_reg[15]/Q
                         net (fo=3, routed)           0.833     1.289    one_sec_counter_reg[15]
    SLICE_X38Y60         LUT2 (Prop_lut2_I0_O)        0.124     1.413 f  latched_throughput[31]_i_7/O
                         net (fo=1, routed)           0.806     2.219    latched_throughput[31]_i_7_n_0
    SLICE_X38Y58         LUT6 (Prop_lut6_I0_O)        0.124     2.343 f  latched_throughput[31]_i_5/O
                         net (fo=1, routed)           0.662     3.005    latched_throughput[31]_i_5_n_0
    SLICE_X38Y60         LUT6 (Prop_lut6_I4_O)        0.124     3.129 r  latched_throughput[31]_i_1/O
                         net (fo=92, routed)          1.364     4.492    latched_throughput[31]_i_1_n_0
    SLICE_X37Y63         FDRE                                         r  byte_accumulator_reg[29]/R
  -------------------------------------------------------------------    -------------------

Slack:                    inf
  Source:                 one_sec_counter_reg[15]/C
                            (rising edge-triggered cell FDRE)
  Destination:            byte_accumulator_reg[30]/R
  Path Group:             (none)
  Path Type:              Max at Slow Process Corner
  Data Path Delay:        4.492ns  (logic 0.828ns (18.432%)  route 3.664ns (81.568%))
  Logic Levels:           4  (FDRE=1 LUT2=1 LUT6=2)

    Location             Delay type                Incr(ns)  Path(ns)    Netlist Resource(s)
  -------------------------------------------------------------------    -------------------
    SLICE_X39Y59         FDRE                         0.000     0.000 r  one_sec_counter_reg[15]/C
    SLICE_X39Y59         FDRE (Prop_fdre_C_Q)         0.456     0.456 r  one_sec_counter_reg[15]/Q
                         net (fo=3, routed)           0.833     1.289    one_sec_counter_reg[15]
    SLICE_X38Y60         LUT2 (Prop_lut2_I0_O)        0.124     1.413 f  latched_throughput[31]_i_7/O
                         net (fo=1, routed)           0.806     2.219    latched_throughput[31]_i_7_n_0
    SLICE_X38Y58         LUT6 (Prop_lut6_I0_O)        0.124     2.343 f  latched_throughput[31]_i_5/O
                         net (fo=1, routed)           0.662     3.005    latched_throughput[31]_i_5_n_0
    SLICE_X38Y60         LUT6 (Prop_lut6_I4_O)        0.124     3.129 r  latched_throughput[31]_i_1/O
                         net (fo=92, routed)          1.364     4.492    latched_throughput[31]_i_1_n_0
    SLICE_X37Y63         FDRE                                         r  byte_accumulator_reg[30]/R
  -------------------------------------------------------------------    -------------------

Slack:                    inf
  Source:                 one_sec_counter_reg[15]/C
                            (rising edge-triggered cell FDRE)
  Destination:            byte_accumulator_reg[31]/R
  Path Group:             (none)
  Path Type:              Max at Slow Process Corner
  Data Path Delay:        4.492ns  (logic 0.828ns (18.432%)  route 3.664ns (81.568%))
  Logic Levels:           4  (FDRE=1 LUT2=1 LUT6=2)

    Location             Delay type                Incr(ns)  Path(ns)    Netlist Resource(s)
  -------------------------------------------------------------------    -------------------
    SLICE_X39Y59         FDRE                         0.000     0.000 r  one_sec_counter_reg[15]/C
    SLICE_X39Y59         FDRE (Prop_fdre_C_Q)         0.456     0.456 r  one_sec_counter_reg[15]/Q
                         net (fo=3, routed)           0.833     1.289    one_sec_counter_reg[15]
    SLICE_X38Y60         LUT2 (Prop_lut2_I0_O)        0.124     1.413 f  latched_throughput[31]_i_7/O
                         net (fo=1, routed)           0.806     2.219    latched_throughput[31]_i_7_n_0
    SLICE_X38Y58         LUT6 (Prop_lut6_I0_O)        0.124     2.343 f  latched_throughput[31]_i_5/O
                         net (fo=1, routed)           0.662     3.005    latched_throughput[31]_i_5_n_0
    SLICE_X38Y60         LUT6 (Prop_lut6_I4_O)        0.124     3.129 r  latched_throughput[31]_i_1/O
                         net (fo=92, routed)          1.364     4.492    latched_throughput[31]_i_1_n_0
    SLICE_X37Y63         FDRE                                         r  byte_accumulator_reg[31]/R
  -------------------------------------------------------------------    -------------------

Slack:                    inf
  Source:                 one_sec_counter_reg[15]/C
                            (rising edge-triggered cell FDRE)
  Destination:            byte_accumulator_reg[12]/R
  Path Group:             (none)
  Path Type:              Max at Slow Process Corner
  Data Path Delay:        4.355ns  (logic 0.828ns (19.014%)  route 3.527ns (80.986%))
  Logic Levels:           4  (FDRE=1 LUT2=1 LUT6=2)

    Location             Delay type                Incr(ns)  Path(ns)    Netlist Resource(s)
  -------------------------------------------------------------------    -------------------
    SLICE_X39Y59         FDRE                         0.000     0.000 r  one_sec_counter_reg[15]/C
    SLICE_X39Y59         FDRE (Prop_fdre_C_Q)         0.456     0.456 r  one_sec_counter_reg[15]/Q
                         net (fo=3, routed)           0.833     1.289    one_sec_counter_reg[15]
    SLICE_X38Y60         LUT2 (Prop_lut2_I0_O)        0.124     1.413 f  latched_throughput[31]_i_7/O
                         net (fo=1, routed)           0.806     2.219    latched_throughput[31]_i_7_n_0
    SLICE_X38Y58         LUT6 (Prop_lut6_I0_O)        0.124     2.343 f  latched_throughput[31]_i_5/O
                         net (fo=1, routed)           0.662     3.005    latched_throughput[31]_i_5_n_0
    SLICE_X38Y60         LUT6 (Prop_lut6_I4_O)        0.124     3.129 r  latched_throughput[31]_i_1/O
                         net (fo=92, routed)          1.226     4.355    latched_throughput[31]_i_1_n_0
    SLICE_X37Y59         FDRE                                         r  byte_accumulator_reg[12]/R
  -------------------------------------------------------------------    -------------------

Slack:                    inf
  Source:                 one_sec_counter_reg[15]/C
                            (rising edge-triggered cell FDRE)
  Destination:            byte_accumulator_reg[13]/R
  Path Group:             (none)
  Path Type:              Max at Slow Process Corner
  Data Path Delay:        4.355ns  (logic 0.828ns (19.014%)  route 3.527ns (80.986%))
  Logic Levels:           4  (FDRE=1 LUT2=1 LUT6=2)

    Location             Delay type                Incr(ns)  Path(ns)    Netlist Resource(s)
  -------------------------------------------------------------------    -------------------
    SLICE_X39Y59         FDRE                         0.000     0.000 r  one_sec_counter_reg[15]/C
    SLICE_X39Y59         FDRE (Prop_fdre_C_Q)         0.456     0.456 r  one_sec_counter_reg[15]/Q
                         net (fo=3, routed)           0.833     1.289    one_sec_counter_reg[15]
    SLICE_X38Y60         LUT2 (Prop_lut2_I0_O)        0.124     1.413 f  latched_throughput[31]_i_7/O
                         net (fo=1, routed)           0.806     2.219    latched_throughput[31]_i_7_n_0
    SLICE_X38Y58         LUT6 (Prop_lut6_I0_O)        0.124     2.343 f  latched_throughput[31]_i_5/O
                         net (fo=1, routed)           0.662     3.005    latched_throughput[31]_i_5_n_0
    SLICE_X38Y60         LUT6 (Prop_lut6_I4_O)        0.124     3.129 r  latched_throughput[31]_i_1/O
                         net (fo=92, routed)          1.226     4.355    latched_throughput[31]_i_1_n_0
    SLICE_X37Y59         FDRE                                         r  byte_accumulator_reg[13]/R
  -------------------------------------------------------------------    -------------------

Slack:                    inf
  Source:                 one_sec_counter_reg[15]/C
                            (rising edge-triggered cell FDRE)
  Destination:            byte_accumulator_reg[14]/R
  Path Group:             (none)
  Path Type:              Max at Slow Process Corner
  Data Path Delay:        4.355ns  (logic 0.828ns (19.014%)  route 3.527ns (80.986%))
  Logic Levels:           4  (FDRE=1 LUT2=1 LUT6=2)

    Location             Delay type                Incr(ns)  Path(ns)    Netlist Resource(s)
  -------------------------------------------------------------------    -------------------
    SLICE_X39Y59         FDRE                         0.000     0.000 r  one_sec_counter_reg[15]/C
    SLICE_X39Y59         FDRE (Prop_fdre_C_Q)         0.456     0.456 r  one_sec_counter_reg[15]/Q
                         net (fo=3, routed)           0.833     1.289    one_sec_counter_reg[15]
    SLICE_X38Y60         LUT2 (Prop_lut2_I0_O)        0.124     1.413 f  latched_throughput[31]_i_7/O
                         net (fo=1, routed)           0.806     2.219    latched_throughput[31]_i_7_n_0
    SLICE_X38Y58         LUT6 (Prop_lut6_I0_O)        0.124     2.343 f  latched_throughput[31]_i_5/O
                         net (fo=1, routed)           0.662     3.005    latched_throughput[31]_i_5_n_0
    SLICE_X38Y60         LUT6 (Prop_lut6_I4_O)        0.124     3.129 r  latched_throughput[31]_i_1/O
                         net (fo=92, routed)          1.226     4.355    latched_throughput[31]_i_1_n_0
    SLICE_X37Y59         FDRE                                         r  byte_accumulator_reg[14]/R
  -------------------------------------------------------------------    -------------------

Slack:                    inf
  Source:                 one_sec_counter_reg[15]/C
                            (rising edge-triggered cell FDRE)
  Destination:            byte_accumulator_reg[15]/R
  Path Group:             (none)
  Path Type:              Max at Slow Process Corner
  Data Path Delay:        4.355ns  (logic 0.828ns (19.014%)  route 3.527ns (80.986%))
  Logic Levels:           4  (FDRE=1 LUT2=1 LUT6=2)

    Location             Delay type                Incr(ns)  Path(ns)    Netlist Resource(s)
  -------------------------------------------------------------------    -------------------
    SLICE_X39Y59         FDRE                         0.000     0.000 r  one_sec_counter_reg[15]/C
    SLICE_X39Y59         FDRE (Prop_fdre_C_Q)         0.456     0.456 r  one_sec_counter_reg[15]/Q
                         net (fo=3, routed)           0.833     1.289    one_sec_counter_reg[15]
    SLICE_X38Y60         LUT2 (Prop_lut2_I0_O)        0.124     1.413 f  latched_throughput[31]_i_7/O
                         net (fo=1, routed)           0.806     2.219    latched_throughput[31]_i_7_n_0
    SLICE_X38Y58         LUT6 (Prop_lut6_I0_O)        0.124     2.343 f  latched_throughput[31]_i_5/O
                         net (fo=1, routed)           0.662     3.005    latched_throughput[31]_i_5_n_0
    SLICE_X38Y60         LUT6 (Prop_lut6_I4_O)        0.124     3.129 r  latched_throughput[31]_i_1/O
                         net (fo=92, routed)          1.226     4.355    latched_throughput[31]_i_1_n_0
    SLICE_X37Y59         FDRE                                         r  byte_accumulator_reg[15]/R
  -------------------------------------------------------------------    -------------------

Slack:                    inf
  Source:                 one_sec_counter_reg[15]/C
                            (rising edge-triggered cell FDRE)
  Destination:            byte_accumulator_reg[24]/R
  Path Group:             (none)
  Path Type:              Max at Slow Process Corner
  Data Path Delay:        4.354ns  (logic 0.828ns (19.018%)  route 3.526ns (80.982%))
  Logic Levels:           4  (FDRE=1 LUT2=1 LUT6=2)

    Location             Delay type                Incr(ns)  Path(ns)    Netlist Resource(s)
  -------------------------------------------------------------------    -------------------
    SLICE_X39Y59         FDRE                         0.000     0.000 r  one_sec_counter_reg[15]/C
    SLICE_X39Y59         FDRE (Prop_fdre_C_Q)         0.456     0.456 r  one_sec_counter_reg[15]/Q
                         net (fo=3, routed)           0.833     1.289    one_sec_counter_reg[15]
    SLICE_X38Y60         LUT2 (Prop_lut2_I0_O)        0.124     1.413 f  latched_throughput[31]_i_7/O
                         net (fo=1, routed)           0.806     2.219    latched_throughput[31]_i_7_n_0
    SLICE_X38Y58         LUT6 (Prop_lut6_I0_O)        0.124     2.343 f  latched_throughput[31]_i_5/O
                         net (fo=1, routed)           0.662     3.005    latched_throughput[31]_i_5_n_0
    SLICE_X38Y60         LUT6 (Prop_lut6_I4_O)        0.124     3.129 r  latched_throughput[31]_i_1/O
                         net (fo=92, routed)          1.225     4.354    latched_throughput[31]_i_1_n_0
    SLICE_X37Y62         FDRE                                         r  byte_accumulator_reg[24]/R
  -------------------------------------------------------------------    -------------------





Min Delay Paths
--------------------------------------------------------------------------------------
Slack:                    inf
  Source:                 byte_accumulator_reg[25]/C
                            (rising edge-triggered cell FDRE)
  Destination:            latched_throughput_reg[25]/D
  Path Group:             (none)
  Path Type:              Min at Fast Process Corner
  Data Path Delay:        0.250ns  (logic 0.141ns (56.329%)  route 0.109ns (43.671%))
  Logic Levels:           1  (FDRE=1)

    Location             Delay type                Incr(ns)  Path(ns)    Netlist Resource(s)
  -------------------------------------------------------------------    -------------------
    SLICE_X37Y62         FDRE                         0.000     0.000 r  byte_accumulator_reg[25]/C
    SLICE_X37Y62         FDRE (Prop_fdre_C_Q)         0.141     0.141 r  byte_accumulator_reg[25]/Q
                         net (fo=2, routed)           0.109     0.250    byte_accumulator_reg[25]
    SLICE_X38Y61         FDRE                                         r  latched_throughput_reg[25]/D
  -------------------------------------------------------------------    -------------------

Slack:                    inf
  Source:                 byte_accumulator_reg[17]/C
                            (rising edge-triggered cell FDRE)
  Destination:            latched_throughput_reg[17]/D
  Path Group:             (none)
  Path Type:              Min at Fast Process Corner
  Data Path Delay:        0.252ns  (logic 0.141ns (55.869%)  route 0.111ns (44.131%))
  Logic Levels:           1  (FDRE=1)

    Location             Delay type                Incr(ns)  Path(ns)    Netlist Resource(s)
  -------------------------------------------------------------------    -------------------
    SLICE_X37Y60         FDRE                         0.000     0.000 r  byte_accumulator_reg[17]/C
    SLICE_X37Y60         FDRE (Prop_fdre_C_Q)         0.141     0.141 r  byte_accumulator_reg[17]/Q
                         net (fo=2, routed)           0.111     0.252    byte_accumulator_reg[17]
    SLICE_X38Y59         FDRE                                         r  latched_throughput_reg[17]/D
  -------------------------------------------------------------------    -------------------

Slack:                    inf
  Source:                 byte_accumulator_reg[1]/C
                            (rising edge-triggered cell FDRE)
  Destination:            latched_throughput_reg[1]/D
  Path Group:             (none)
  Path Type:              Min at Fast Process Corner
  Data Path Delay:        0.252ns  (logic 0.141ns (55.869%)  route 0.111ns (44.131%))
  Logic Levels:           1  (FDRE=1)

    Location             Delay type                Incr(ns)  Path(ns)    Netlist Resource(s)
  -------------------------------------------------------------------    -------------------
    SLICE_X37Y56         FDRE                         0.000     0.000 r  byte_accumulator_reg[1]/C
    SLICE_X37Y56         FDRE (Prop_fdre_C_Q)         0.141     0.141 r  byte_accumulator_reg[1]/Q
                         net (fo=2, routed)           0.111     0.252    byte_accumulator_reg[1]
    SLICE_X38Y57         FDRE                                         r  latched_throughput_reg[1]/D
  -------------------------------------------------------------------    -------------------

Slack:                    inf
  Source:                 byte_accumulator_reg[24]/C
                            (rising edge-triggered cell FDRE)
  Destination:            latched_throughput_reg[24]/D
  Path Group:             (none)
  Path Type:              Min at Fast Process Corner
  Data Path Delay:        0.252ns  (logic 0.141ns (55.869%)  route 0.111ns (44.131%))
  Logic Levels:           1  (FDRE=1)

    Location             Delay type                Incr(ns)  Path(ns)    Netlist Resource(s)
  -------------------------------------------------------------------    -------------------
    SLICE_X37Y62         FDRE                         0.000     0.000 r  byte_accumulator_reg[24]/C
    SLICE_X37Y62         FDRE (Prop_fdre_C_Q)         0.141     0.141 r  byte_accumulator_reg[24]/Q
                         net (fo=2, routed)           0.111     0.252    byte_accumulator_reg[24]
    SLICE_X38Y61         FDRE                                         r  latched_throughput_reg[24]/D
  -------------------------------------------------------------------    -------------------

Slack:                    inf
  Source:                 byte_accumulator_reg[12]/C
                            (rising edge-triggered cell FDRE)
  Destination:            latched_throughput_reg[12]/D
  Path Group:             (none)
  Path Type:              Min at Fast Process Corner
  Data Path Delay:        0.253ns  (logic 0.141ns (55.664%)  route 0.112ns (44.336%))
  Logic Levels:           1  (FDRE=1)

    Location             Delay type                Incr(ns)  Path(ns)    Netlist Resource(s)
  -------------------------------------------------------------------    -------------------
    SLICE_X37Y59         FDRE                         0.000     0.000 r  byte_accumulator_reg[12]/C
    SLICE_X37Y59         FDRE (Prop_fdre_C_Q)         0.141     0.141 r  byte_accumulator_reg[12]/Q
                         net (fo=2, routed)           0.112     0.253    byte_accumulator_reg[12]
    SLICE_X38Y59         FDRE                                         r  latched_throughput_reg[12]/D
  -------------------------------------------------------------------    -------------------

Slack:                    inf
  Source:                 byte_accumulator_reg[18]/C
                            (rising edge-triggered cell FDRE)
  Destination:            latched_throughput_reg[18]/D
  Path Group:             (none)
  Path Type:              Min at Fast Process Corner
  Data Path Delay:        0.254ns  (logic 0.141ns (55.468%)  route 0.113ns (44.532%))
  Logic Levels:           1  (FDRE=1)

    Location             Delay type                Incr(ns)  Path(ns)    Netlist Resource(s)
  -------------------------------------------------------------------    -------------------
    SLICE_X37Y60         FDRE                         0.000     0.000 r  byte_accumulator_reg[18]/C
    SLICE_X37Y60         FDRE (Prop_fdre_C_Q)         0.141     0.141 r  byte_accumulator_reg[18]/Q
                         net (fo=2, routed)           0.113     0.254    byte_accumulator_reg[18]
    SLICE_X38Y60         FDRE                                         r  latched_throughput_reg[18]/D
  -------------------------------------------------------------------    -------------------

Slack:                    inf
  Source:                 byte_accumulator_reg[11]/C
                            (rising edge-triggered cell FDRE)
  Destination:            latched_throughput_reg[11]/D
  Path Group:             (none)
  Path Type:              Min at Fast Process Corner
  Data Path Delay:        0.262ns  (logic 0.141ns (53.808%)  route 0.121ns (46.192%))
  Logic Levels:           1  (FDRE=1)

    Location             Delay type                Incr(ns)  Path(ns)    Netlist Resource(s)
  -------------------------------------------------------------------    -------------------
    SLICE_X37Y58         FDRE                         0.000     0.000 r  byte_accumulator_reg[11]/C
    SLICE_X37Y58         FDRE (Prop_fdre_C_Q)         0.141     0.141 r  byte_accumulator_reg[11]/Q
                         net (fo=2, routed)           0.121     0.262    byte_accumulator_reg[11]
    SLICE_X36Y58         FDRE                                         r  latched_throughput_reg[11]/D
  -------------------------------------------------------------------    -------------------

Slack:                    inf
  Source:                 trng_inst/valid_reg_reg/C
                            (rising edge-triggered cell FDRE)
  Destination:            byte_accumulator_reg[28]/CE
  Path Group:             (none)
  Path Type:              Min at Fast Process Corner
  Data Path Delay:        0.263ns  (logic 0.141ns (53.636%)  route 0.122ns (46.364%))
  Logic Levels:           1  (FDRE=1)

    Location             Delay type                Incr(ns)  Path(ns)    Netlist Resource(s)
  -------------------------------------------------------------------    -------------------
    SLICE_X37Y64         FDRE                         0.000     0.000 r  trng_inst/valid_reg_reg/C
    SLICE_X37Y64         FDRE (Prop_fdre_C_Q)         0.141     0.141 r  trng_inst/valid_reg_reg/Q
                         net (fo=32, routed)          0.122     0.263    valid_reg
    SLICE_X37Y63         FDRE                                         r  byte_accumulator_reg[28]/CE
  -------------------------------------------------------------------    -------------------

Slack:                    inf
  Source:                 trng_inst/valid_reg_reg/C
                            (rising edge-triggered cell FDRE)
  Destination:            byte_accumulator_reg[29]/CE
  Path Group:             (none)
  Path Type:              Min at Fast Process Corner
  Data Path Delay:        0.263ns  (logic 0.141ns (53.636%)  route 0.122ns (46.364%))
  Logic Levels:           1  (FDRE=1)

    Location             Delay type                Incr(ns)  Path(ns)    Netlist Resource(s)
  -------------------------------------------------------------------    -------------------
    SLICE_X37Y64         FDRE                         0.000     0.000 r  trng_inst/valid_reg_reg/C
    SLICE_X37Y64         FDRE (Prop_fdre_C_Q)         0.141     0.141 r  trng_inst/valid_reg_reg/Q
                         net (fo=32, routed)          0.122     0.263    valid_reg
    SLICE_X37Y63         FDRE                                         r  byte_accumulator_reg[29]/CE
  -------------------------------------------------------------------    -------------------

Slack:                    inf
  Source:                 trng_inst/valid_reg_reg/C
                            (rising edge-triggered cell FDRE)
  Destination:            byte_accumulator_reg[30]/CE
  Path Group:             (none)
  Path Type:              Min at Fast Process Corner
  Data Path Delay:        0.263ns  (logic 0.141ns (53.636%)  route 0.122ns (46.364%))
  Logic Levels:           1  (FDRE=1)

    Location             Delay type                Incr(ns)  Path(ns)    Netlist Resource(s)
  -------------------------------------------------------------------    -------------------
    SLICE_X37Y64         FDRE                         0.000     0.000 r  trng_inst/valid_reg_reg/C
    SLICE_X37Y64         FDRE (Prop_fdre_C_Q)         0.141     0.141 r  trng_inst/valid_reg_reg/Q
                         net (fo=32, routed)          0.122     0.263    valid_reg
    SLICE_X37Y63         FDRE                                         r  byte_accumulator_reg[30]/CE
  -------------------------------------------------------------------    -------------------





