Copyright 1986-2022 Xilinx, Inc. All Rights Reserved. Copyright 2022-2025 Advanced Micro Devices, Inc. All Rights Reserved.
---------------------------------------------------------------------------------------------------------------------------------------------------------------------------------------------------------------------------------
| Tool Version : Vivado v.2025.1 (lin64) Build 6140274 Wed May 21 22:58:25 MDT 2025
| Date         : Fri Jun  5 22:34:01 2026
| Host         : szymon running 64-bit Ubuntu 24.04.4 LTS
| Command      : report_timing_summary -max_paths 10 -routable_nets -report_unconstrained -file aes_ctr_timing_summary_routed.rpt -pb aes_ctr_timing_summary_routed.pb -rpx aes_ctr_timing_summary_routed.rpx -warn_on_violation
| Design       : aes_ctr
| Device       : 7z007s-clg400
| Speed File   : -1  PRODUCTION 1.12 2019-11-22
| Design State : Routed
---------------------------------------------------------------------------------------------------------------------------------------------------------------------------------------------------------------------------------

Timing Summary Report

------------------------------------------------------------------------------------------------
| Timer Settings
| --------------
------------------------------------------------------------------------------------------------

  Enable Multi Corner Analysis               :  Yes
  Enable Pessimism Removal                   :  Yes
  Pessimism Removal Resolution               :  Nearest Common Node
  Enable Input Delay Default Clock           :  No
  Enable Preset / Clear Arcs                 :  No
  Disable Flight Delays                      :  No
  Ignore I/O Paths                           :  No
  Timing Early Launch at Borrowing Latches   :  No
  Borrow Time for Max Delay Exceptions       :  Yes
  Merge Timing Exceptions                    :  Yes
  Inter-SLR Compensation                     :  Conservative

  Corner  Analyze    Analyze    
  Name    Max Paths  Min Paths  
  ------  ---------  ---------  
  Slow    Yes        Yes        
  Fast    Yes        Yes        


------------------------------------------------------------------------------------------------
| Report Methodology
| ------------------
------------------------------------------------------------------------------------------------

Rule       Severity          Description                                 Violations  
---------  ----------------  ------------------------------------------  ----------  
TIMING-17  Critical Warning  Non-clocked sequential cell                 1000        
SYNTH-6    Warning           Timing of a RAM block might be sub-optimal  2           
TIMING-20  Warning           Non-clocked latch                           21          
LATCH-1    Advisory          Existing latches in the design              1           

Note: This report is based on the most recent report_methodology run and may not be up-to-date. Run report_methodology on the current design for the latest report.



check_timing report

Table of Contents
-----------------
1. checking no_clock (1144)
2. checking constant_clock (0)
3. checking pulse_width_clock (0)
4. checking unconstrained_internal_endpoints (2141)
5. checking no_input_delay (0)
6. checking no_output_delay (1)
7. checking multiple_clock (0)
8. checking generated_clocks (0)
9. checking loops (0)
10. checking partial_input_delay (0)
11. checking partial_output_delay (0)
12. checking latch_loops (0)

1. checking no_clock (1144)
---------------------------
 There are 1123 register/latch pins with no clock driven by root clock pin: clk (HIGH)

 There is 1 register/latch pin with no clock driven by root clock pin: trng_inst/entropy_cell_gen[0].neoTRNG_cell_inst/sreg_reg[0]/Q (HIGH)

 There is 1 register/latch pin with no clock driven by root clock pin: trng_inst/entropy_cell_gen[0].neoTRNG_cell_inst/sreg_reg[1]/Q (HIGH)

 There is 1 register/latch pin with no clock driven by root clock pin: trng_inst/entropy_cell_gen[0].neoTRNG_cell_inst/sreg_reg[2]/Q (HIGH)

 There is 1 register/latch pin with no clock driven by root clock pin: trng_inst/entropy_cell_gen[0].neoTRNG_cell_inst/sreg_reg[3]/Q (HIGH)

 There is 1 register/latch pin with no clock driven by root clock pin: trng_inst/entropy_cell_gen[0].neoTRNG_cell_inst/sreg_reg[4]/Q (HIGH)

 There is 1 register/latch pin with no clock driven by root clock pin: trng_inst/entropy_cell_gen[1].neoTRNG_cell_inst/sreg_reg[0]/Q (HIGH)

 There is 1 register/latch pin with no clock driven by root clock pin: trng_inst/entropy_cell_gen[1].neoTRNG_cell_inst/sreg_reg[1]/Q (HIGH)

 There is 1 register/latch pin with no clock driven by root clock pin: trng_inst/entropy_cell_gen[1].neoTRNG_cell_inst/sreg_reg[2]/Q (HIGH)

 There is 1 register/latch pin with no clock driven by root clock pin: trng_inst/entropy_cell_gen[1].neoTRNG_cell_inst/sreg_reg[3]/Q (HIGH)

 There is 1 register/latch pin with no clock driven by root clock pin: trng_inst/entropy_cell_gen[1].neoTRNG_cell_inst/sreg_reg[4]/Q (HIGH)

 There is 1 register/latch pin with no clock driven by root clock pin: trng_inst/entropy_cell_gen[1].neoTRNG_cell_inst/sreg_reg[5]/Q (HIGH)

 There is 1 register/latch pin with no clock driven by root clock pin: trng_inst/entropy_cell_gen[1].neoTRNG_cell_inst/sreg_reg[6]/Q (HIGH)

 There is 1 register/latch pin with no clock driven by root clock pin: trng_inst/entropy_cell_gen[2].neoTRNG_cell_inst/sreg_reg[0]/Q (HIGH)

 There is 1 register/latch pin with no clock driven by root clock pin: trng_inst/entropy_cell_gen[2].neoTRNG_cell_inst/sreg_reg[1]/Q (HIGH)

 There is 1 register/latch pin with no clock driven by root clock pin: trng_inst/entropy_cell_gen[2].neoTRNG_cell_inst/sreg_reg[2]/Q (HIGH)

 There is 1 register/latch pin with no clock driven by root clock pin: trng_inst/entropy_cell_gen[2].neoTRNG_cell_inst/sreg_reg[3]/Q (HIGH)

 There is 1 register/latch pin with no clock driven by root clock pin: trng_inst/entropy_cell_gen[2].neoTRNG_cell_inst/sreg_reg[4]/Q (HIGH)

 There is 1 register/latch pin with no clock driven by root clock pin: trng_inst/entropy_cell_gen[2].neoTRNG_cell_inst/sreg_reg[5]/Q (HIGH)

 There is 1 register/latch pin with no clock driven by root clock pin: trng_inst/entropy_cell_gen[2].neoTRNG_cell_inst/sreg_reg[6]/Q (HIGH)

 There is 1 register/latch pin with no clock driven by root clock pin: trng_inst/entropy_cell_gen[2].neoTRNG_cell_inst/sreg_reg[7]/Q (HIGH)

 There is 1 register/latch pin with no clock driven by root clock pin: trng_inst/entropy_cell_gen[2].neoTRNG_cell_inst/sreg_reg[8]/Q (HIGH)


2. checking constant_clock (0)
------------------------------
 There are 0 register/latch pins with constant_clock.


3. checking pulse_width_clock (0)
---------------------------------
 There are 0 register/latch pins which need pulse_width check


4. checking unconstrained_internal_endpoints (2141)
---------------------------------------------------
 There are 2141 pins that are not constrained for maximum delay. (HIGH)

 There are 0 pins that are not constrained for maximum delay due to constant clock.


5. checking no_input_delay (0)
------------------------------
 There are 0 input ports with no input delay specified.

 There are 0 input ports with no input delay but user has a false path constraint.


6. checking no_output_delay (1)
-------------------------------
 There is 1 port with no output delay specified. (HIGH)

 There are 0 ports with no output delay but user has a false path constraint

 There are 0 ports with no output delay but with a timing clock defined on it or propagating through it


7. checking multiple_clock (0)
------------------------------
 There are 0 register/latch pins with multiple clocks.


8. checking generated_clocks (0)
--------------------------------
 There are 0 generated clocks that are not connected to a clock source.


9. checking loops (0)
---------------------
 There are 0 combinational loops in the design.


10. checking partial_input_delay (0)
------------------------------------
 There are 0 input ports with partial input delay specified.


11. checking partial_output_delay (0)
-------------------------------------
 There are 0 ports with partial output delay specified.


12. checking latch_loops (0)
----------------------------
 There are 0 combinational latch loops in the design through latch input



------------------------------------------------------------------------------------------------
| Design Timing Summary
| ---------------------
------------------------------------------------------------------------------------------------

    WNS(ns)      TNS(ns)  TNS Failing Endpoints  TNS Total Endpoints      WHS(ns)      THS(ns)  THS Failing Endpoints  THS Total Endpoints     WPWS(ns)     TPWS(ns)  TPWS Failing Endpoints  TPWS Total Endpoints  
    -------      -------  ---------------------  -------------------      -------      -------  ---------------------  -------------------     --------     --------  ----------------------  --------------------  
        inf        0.000                      0                 2142          inf        0.000                      0                 2142           NA           NA                      NA                    NA  


There are no user specified timing constraints.


------------------------------------------------------------------------------------------------
| Clock Summary
| -------------
------------------------------------------------------------------------------------------------


------------------------------------------------------------------------------------------------
| Intra Clock Table
| -----------------
------------------------------------------------------------------------------------------------

Clock             WNS(ns)      TNS(ns)  TNS Failing Endpoints  TNS Total Endpoints      WHS(ns)      THS(ns)  THS Failing Endpoints  THS Total Endpoints     WPWS(ns)     TPWS(ns)  TPWS Failing Endpoints  TPWS Total Endpoints  
-----             -------      -------  ---------------------  -------------------      -------      -------  ---------------------  -------------------     --------     --------  ----------------------  --------------------  


------------------------------------------------------------------------------------------------
| Inter Clock Table
| -----------------
------------------------------------------------------------------------------------------------

From Clock    To Clock          WNS(ns)      TNS(ns)  TNS Failing Endpoints  TNS Total Endpoints      WHS(ns)      THS(ns)  THS Failing Endpoints  THS Total Endpoints  
----------    --------          -------      -------  ---------------------  -------------------      -------      -------  ---------------------  -------------------  


------------------------------------------------------------------------------------------------
| Other Path Groups Table
| -----------------------
------------------------------------------------------------------------------------------------

Path Group    From Clock    To Clock          WNS(ns)      TNS(ns)  TNS Failing Endpoints  TNS Total Endpoints      WHS(ns)      THS(ns)  THS Failing Endpoints  THS Total Endpoints  
----------    ----------    --------          -------      -------  ---------------------  -------------------      -------      -------  ---------------------  -------------------  


------------------------------------------------------------------------------------------------
| User Ignored Path Table
| -----------------------
------------------------------------------------------------------------------------------------

Path Group    From Clock    To Clock    
----------    ----------    --------    


------------------------------------------------------------------------------------------------
| Unconstrained Path Table
| ------------------------
------------------------------------------------------------------------------------------------

Path Group    From Clock    To Clock    
----------    ----------    --------    
(none)                                    


------------------------------------------------------------------------------------------------
| Timing Details
| --------------
------------------------------------------------------------------------------------------------


--------------------------------------------------------------------------------------
Path Group:  (none)
From Clock:  
  To Clock:  

Max Delay          2142 Endpoints
Min Delay          2142 Endpoints
--------------------------------------------------------------------------------------


Max Delay Paths
--------------------------------------------------------------------------------------
Slack:                    inf
  Source:                 aes_ctr_inst/controller_inst/reg_inst/current_stata_reg[5]/C
                            (rising edge-triggered cell FDRE)
  Destination:            aes_ctr_inst/reg_inst/current_stata_reg[100]/D
  Path Group:             (none)
  Path Type:              Max at Slow Process Corner
  Data Path Delay:        9.598ns  (logic 0.890ns (9.272%)  route 8.708ns (90.728%))
  Logic Levels:           4  (FDRE=1 LUT4=1 LUT5=2)

    Location             Delay type                Incr(ns)  Path(ns)    Netlist Resource(s)
  -------------------------------------------------------------------    -------------------
    SLICE_X24Y72         FDRE                         0.000     0.000 r  aes_ctr_inst/controller_inst/reg_inst/current_stata_reg[5]/C
    SLICE_X24Y72         FDRE (Prop_fdre_C_Q)         0.518     0.518 f  aes_ctr_inst/controller_inst/reg_inst/current_stata_reg[5]/Q
                         net (fo=6, routed)           0.868     1.386    aes_ctr_inst/controller_inst/reg_inst/current_stata_reg[5]_0
    SLICE_X24Y73         LUT4 (Prop_lut4_I0_O)        0.124     1.510 r  aes_ctr_inst/controller_inst/reg_inst/current_stata[127]_i_5/O
                         net (fo=1, routed)           0.670     2.180    aes_ctr_inst/controller_inst/reg_inst/current_stata[127]_i_5_n_0
    SLICE_X24Y73         LUT5 (Prop_lut5_I4_O)        0.124     2.304 r  aes_ctr_inst/controller_inst/reg_inst/current_stata[127]_i_3/O
                         net (fo=128, routed)         7.170     9.474    aes_ctr_inst/key_schedule_inst/reg_inst/current_stata_reg[127]_1
    SLICE_X27Y83         LUT5 (Prop_lut5_I1_O)        0.124     9.598 r  aes_ctr_inst/key_schedule_inst/reg_inst/current_stata[100]_i_1/O
                         net (fo=1, routed)           0.000     9.598    aes_ctr_inst/reg_inst/D[100]
    SLICE_X27Y83         FDRE                                         r  aes_ctr_inst/reg_inst/current_stata_reg[100]/D
  -------------------------------------------------------------------    -------------------

Slack:                    inf
  Source:                 aes_ctr_inst/controller_inst/reg_inst/current_stata_reg[5]/C
                            (rising edge-triggered cell FDRE)
  Destination:            aes_ctr_inst/reg_inst/current_stata_reg[99]/D
  Path Group:             (none)
  Path Type:              Max at Slow Process Corner
  Data Path Delay:        9.441ns  (logic 0.890ns (9.427%)  route 8.551ns (90.573%))
  Logic Levels:           4  (FDRE=1 LUT4=1 LUT5=2)

    Location             Delay type                Incr(ns)  Path(ns)    Netlist Resource(s)
  -------------------------------------------------------------------    -------------------
    SLICE_X24Y72         FDRE                         0.000     0.000 r  aes_ctr_inst/controller_inst/reg_inst/current_stata_reg[5]/C
    SLICE_X24Y72         FDRE (Prop_fdre_C_Q)         0.518     0.518 f  aes_ctr_inst/controller_inst/reg_inst/current_stata_reg[5]/Q
                         net (fo=6, routed)           0.868     1.386    aes_ctr_inst/controller_inst/reg_inst/current_stata_reg[5]_0
    SLICE_X24Y73         LUT4 (Prop_lut4_I0_O)        0.124     1.510 r  aes_ctr_inst/controller_inst/reg_inst/current_stata[127]_i_5/O
                         net (fo=1, routed)           0.670     2.180    aes_ctr_inst/controller_inst/reg_inst/current_stata[127]_i_5_n_0
    SLICE_X24Y73         LUT5 (Prop_lut5_I4_O)        0.124     2.304 r  aes_ctr_inst/controller_inst/reg_inst/current_stata[127]_i_3/O
                         net (fo=128, routed)         7.013     9.317    aes_ctr_inst/key_schedule_inst/reg_inst/current_stata_reg[127]_1
    SLICE_X30Y82         LUT5 (Prop_lut5_I1_O)        0.124     9.441 r  aes_ctr_inst/key_schedule_inst/reg_inst/current_stata[99]_i_1/O
                         net (fo=1, routed)           0.000     9.441    aes_ctr_inst/reg_inst/D[99]
    SLICE_X30Y82         FDRE                                         r  aes_ctr_inst/reg_inst/current_stata_reg[99]/D
  -------------------------------------------------------------------    -------------------

Slack:                    inf
  Source:                 aes_ctr_inst/controller_inst/reg_inst/current_stata_reg[5]/C
                            (rising edge-triggered cell FDRE)
  Destination:            aes_ctr_inst/reg_inst/current_stata_reg[122]/D
  Path Group:             (none)
  Path Type:              Max at Slow Process Corner
  Data Path Delay:        9.300ns  (logic 0.890ns (9.570%)  route 8.410ns (90.430%))
  Logic Levels:           4  (FDRE=1 LUT4=1 LUT5=2)

    Location             Delay type                Incr(ns)  Path(ns)    Netlist Resource(s)
  -------------------------------------------------------------------    -------------------
    SLICE_X24Y72         FDRE                         0.000     0.000 r  aes_ctr_inst/controller_inst/reg_inst/current_stata_reg[5]/C
    SLICE_X24Y72         FDRE (Prop_fdre_C_Q)         0.518     0.518 f  aes_ctr_inst/controller_inst/reg_inst/current_stata_reg[5]/Q
                         net (fo=6, routed)           0.868     1.386    aes_ctr_inst/controller_inst/reg_inst/current_stata_reg[5]_0
    SLICE_X24Y73         LUT4 (Prop_lut4_I0_O)        0.124     1.510 r  aes_ctr_inst/controller_inst/reg_inst/current_stata[127]_i_5/O
                         net (fo=1, routed)           0.670     2.180    aes_ctr_inst/controller_inst/reg_inst/current_stata[127]_i_5_n_0
    SLICE_X24Y73         LUT5 (Prop_lut5_I4_O)        0.124     2.304 r  aes_ctr_inst/controller_inst/reg_inst/current_stata[127]_i_3/O
                         net (fo=128, routed)         6.872     9.176    aes_ctr_inst/key_schedule_inst/reg_inst/current_stata_reg[127]_1
    SLICE_X30Y84         LUT5 (Prop_lut5_I1_O)        0.124     9.300 r  aes_ctr_inst/key_schedule_inst/reg_inst/current_stata[122]_i_1/O
                         net (fo=1, routed)           0.000     9.300    aes_ctr_inst/reg_inst/D[122]
    SLICE_X30Y84         FDRE                                         r  aes_ctr_inst/reg_inst/current_stata_reg[122]/D
  -------------------------------------------------------------------    -------------------

Slack:                    inf
  Source:                 aes_ctr_inst/controller_inst/reg_inst/current_stata_reg[5]/C
                            (rising edge-triggered cell FDRE)
  Destination:            aes_ctr_inst/reg_inst/current_stata_reg[123]/D
  Path Group:             (none)
  Path Type:              Max at Slow Process Corner
  Data Path Delay:        9.298ns  (logic 0.890ns (9.572%)  route 8.408ns (90.428%))
  Logic Levels:           4  (FDRE=1 LUT4=1 LUT5=2)

    Location             Delay type                Incr(ns)  Path(ns)    Netlist Resource(s)
  -------------------------------------------------------------------    -------------------
    SLICE_X24Y72         FDRE                         0.000     0.000 r  aes_ctr_inst/controller_inst/reg_inst/current_stata_reg[5]/C
    SLICE_X24Y72         FDRE (Prop_fdre_C_Q)         0.518     0.518 f  aes_ctr_inst/controller_inst/reg_inst/current_stata_reg[5]/Q
                         net (fo=6, routed)           0.868     1.386    aes_ctr_inst/controller_inst/reg_inst/current_stata_reg[5]_0
    SLICE_X24Y73         LUT4 (Prop_lut4_I0_O)        0.124     1.510 r  aes_ctr_inst/controller_inst/reg_inst/current_stata[127]_i_5/O
                         net (fo=1, routed)           0.670     2.180    aes_ctr_inst/controller_inst/reg_inst/current_stata[127]_i_5_n_0
    SLICE_X24Y73         LUT5 (Prop_lut5_I4_O)        0.124     2.304 r  aes_ctr_inst/controller_inst/reg_inst/current_stata[127]_i_3/O
                         net (fo=128, routed)         6.870     9.174    aes_ctr_inst/key_schedule_inst/reg_inst/current_stata_reg[127]_1
    SLICE_X30Y84         LUT5 (Prop_lut5_I1_O)        0.124     9.298 r  aes_ctr_inst/key_schedule_inst/reg_inst/current_stata[123]_i_1/O
                         net (fo=1, routed)           0.000     9.298    aes_ctr_inst/reg_inst/D[123]
    SLICE_X30Y84         FDRE                                         r  aes_ctr_inst/reg_inst/current_stata_reg[123]/D
  -------------------------------------------------------------------    -------------------

Slack:                    inf
  Source:                 aes_ctr_inst/controller_inst/reg_inst/current_stata_reg[5]/C
                            (rising edge-triggered cell FDRE)
  Destination:            aes_ctr_inst/reg_inst/current_stata_reg[105]/D
  Path Group:             (none)
  Path Type:              Max at Slow Process Corner
  Data Path Delay:        9.278ns  (logic 0.890ns (9.593%)  route 8.388ns (90.407%))
  Logic Levels:           4  (FDRE=1 LUT4=1 LUT5=2)

    Location             Delay type                Incr(ns)  Path(ns)    Netlist Resource(s)
  -------------------------------------------------------------------    -------------------
    SLICE_X24Y72         FDRE                         0.000     0.000 r  aes_ctr_inst/controller_inst/reg_inst/current_stata_reg[5]/C
    SLICE_X24Y72         FDRE (Prop_fdre_C_Q)         0.518     0.518 f  aes_ctr_inst/controller_inst/reg_inst/current_stata_reg[5]/Q
                         net (fo=6, routed)           0.868     1.386    aes_ctr_inst/controller_inst/reg_inst/current_stata_reg[5]_0
    SLICE_X24Y73         LUT4 (Prop_lut4_I0_O)        0.124     1.510 r  aes_ctr_inst/controller_inst/reg_inst/current_stata[127]_i_5/O
                         net (fo=1, routed)           0.670     2.180    aes_ctr_inst/controller_inst/reg_inst/current_stata[127]_i_5_n_0
    SLICE_X24Y73         LUT5 (Prop_lut5_I4_O)        0.124     2.304 r  aes_ctr_inst/controller_inst/reg_inst/current_stata[127]_i_3/O
                         net (fo=128, routed)         6.850     9.154    aes_ctr_inst/key_schedule_inst/reg_inst/current_stata_reg[127]_1
    SLICE_X28Y84         LUT5 (Prop_lut5_I1_O)        0.124     9.278 r  aes_ctr_inst/key_schedule_inst/reg_inst/current_stata[105]_i_1/O
                         net (fo=1, routed)           0.000     9.278    aes_ctr_inst/reg_inst/D[105]
    SLICE_X28Y84         FDRE                                         r  aes_ctr_inst/reg_inst/current_stata_reg[105]/D
  -------------------------------------------------------------------    -------------------

Slack:                    inf
  Source:                 aes_ctr_inst/controller_inst/reg_inst/current_stata_reg[5]/C
                            (rising edge-triggered cell FDRE)
  Destination:            aes_ctr_inst/reg_inst/current_stata_reg[101]/D
  Path Group:             (none)
  Path Type:              Max at Slow Process Corner
  Data Path Delay:        9.272ns  (logic 0.890ns (9.599%)  route 8.382ns (90.401%))
  Logic Levels:           4  (FDRE=1 LUT4=1 LUT5=2)

    Location             Delay type                Incr(ns)  Path(ns)    Netlist Resource(s)
  -------------------------------------------------------------------    -------------------
    SLICE_X24Y72         FDRE                         0.000     0.000 r  aes_ctr_inst/controller_inst/reg_inst/current_stata_reg[5]/C
    SLICE_X24Y72         FDRE (Prop_fdre_C_Q)         0.518     0.518 f  aes_ctr_inst/controller_inst/reg_inst/current_stata_reg[5]/Q
                         net (fo=6, routed)           0.868     1.386    aes_ctr_inst/controller_inst/reg_inst/current_stata_reg[5]_0
    SLICE_X24Y73         LUT4 (Prop_lut4_I0_O)        0.124     1.510 r  aes_ctr_inst/controller_inst/reg_inst/current_stata[127]_i_5/O
                         net (fo=1, routed)           0.670     2.180    aes_ctr_inst/controller_inst/reg_inst/current_stata[127]_i_5_n_0
    SLICE_X24Y73         LUT5 (Prop_lut5_I4_O)        0.124     2.304 r  aes_ctr_inst/controller_inst/reg_inst/current_stata[127]_i_3/O
                         net (fo=128, routed)         6.844     9.148    aes_ctr_inst/key_schedule_inst/reg_inst/current_stata_reg[127]_1
    SLICE_X31Y84         LUT5 (Prop_lut5_I1_O)        0.124     9.272 r  aes_ctr_inst/key_schedule_inst/reg_inst/current_stata[101]_i_1/O
                         net (fo=1, routed)           0.000     9.272    aes_ctr_inst/reg_inst/D[101]
    SLICE_X31Y84         FDRE                                         r  aes_ctr_inst/reg_inst/current_stata_reg[101]/D
  -------------------------------------------------------------------    -------------------

Slack:                    inf
  Source:                 aes_ctr_inst/controller_inst/reg_inst/current_stata_reg[5]/C
                            (rising edge-triggered cell FDRE)
  Destination:            aes_ctr_inst/reg_inst/current_stata_reg[96]/D
  Path Group:             (none)
  Path Type:              Max at Slow Process Corner
  Data Path Delay:        9.268ns  (logic 0.890ns (9.602%)  route 8.378ns (90.398%))
  Logic Levels:           4  (FDRE=1 LUT4=1 LUT5=2)

    Location             Delay type                Incr(ns)  Path(ns)    Netlist Resource(s)
  -------------------------------------------------------------------    -------------------
    SLICE_X24Y72         FDRE                         0.000     0.000 r  aes_ctr_inst/controller_inst/reg_inst/current_stata_reg[5]/C
    SLICE_X24Y72         FDRE (Prop_fdre_C_Q)         0.518     0.518 f  aes_ctr_inst/controller_inst/reg_inst/current_stata_reg[5]/Q
                         net (fo=6, routed)           0.868     1.386    aes_ctr_inst/controller_inst/reg_inst/current_stata_reg[5]_0
    SLICE_X24Y73         LUT4 (Prop_lut4_I0_O)        0.124     1.510 r  aes_ctr_inst/controller_inst/reg_inst/current_stata[127]_i_5/O
                         net (fo=1, routed)           0.670     2.180    aes_ctr_inst/controller_inst/reg_inst/current_stata[127]_i_5_n_0
    SLICE_X24Y73         LUT5 (Prop_lut5_I4_O)        0.124     2.304 r  aes_ctr_inst/controller_inst/reg_inst/current_stata[127]_i_3/O
                         net (fo=128, routed)         6.840     9.144    aes_ctr_inst/key_schedule_inst/reg_inst/current_stata_reg[127]_1
    SLICE_X29Y85         LUT5 (Prop_lut5_I1_O)        0.124     9.268 r  aes_ctr_inst/key_schedule_inst/reg_inst/current_stata[96]_i_1/O
                         net (fo=1, routed)           0.000     9.268    aes_ctr_inst/reg_inst/D[96]
    SLICE_X29Y85         FDRE                                         r  aes_ctr_inst/reg_inst/current_stata_reg[96]/D
  -------------------------------------------------------------------    -------------------

Slack:                    inf
  Source:                 aes_ctr_inst/controller_inst/reg_inst/current_stata_reg[5]/C
                            (rising edge-triggered cell FDRE)
  Destination:            aes_ctr_inst/reg_inst/current_stata_reg[98]/D
  Path Group:             (none)
  Path Type:              Max at Slow Process Corner
  Data Path Delay:        8.925ns  (logic 0.890ns (9.972%)  route 8.035ns (90.028%))
  Logic Levels:           4  (FDRE=1 LUT4=1 LUT5=2)

    Location             Delay type                Incr(ns)  Path(ns)    Netlist Resource(s)
  -------------------------------------------------------------------    -------------------
    SLICE_X24Y72         FDRE                         0.000     0.000 r  aes_ctr_inst/controller_inst/reg_inst/current_stata_reg[5]/C
    SLICE_X24Y72         FDRE (Prop_fdre_C_Q)         0.518     0.518 f  aes_ctr_inst/controller_inst/reg_inst/current_stata_reg[5]/Q
                         net (fo=6, routed)           0.868     1.386    aes_ctr_inst/controller_inst/reg_inst/current_stata_reg[5]_0
    SLICE_X24Y73         LUT4 (Prop_lut4_I0_O)        0.124     1.510 r  aes_ctr_inst/controller_inst/reg_inst/current_stata[127]_i_5/O
                         net (fo=1, routed)           0.670     2.180    aes_ctr_inst/controller_inst/reg_inst/current_stata[127]_i_5_n_0
    SLICE_X24Y73         LUT5 (Prop_lut5_I4_O)        0.124     2.304 r  aes_ctr_inst/controller_inst/reg_inst/current_stata[127]_i_3/O
                         net (fo=128, routed)         6.497     8.801    aes_ctr_inst/key_schedule_inst/reg_inst/current_stata_reg[127]_1
    SLICE_X29Y84         LUT5 (Prop_lut5_I1_O)        0.124     8.925 r  aes_ctr_inst/key_schedule_inst/reg_inst/current_stata[98]_i_1/O
                         net (fo=1, routed)           0.000     8.925    aes_ctr_inst/reg_inst/D[98]
    SLICE_X29Y84         FDRE                                         r  aes_ctr_inst/reg_inst/current_stata_reg[98]/D
  -------------------------------------------------------------------    -------------------

Slack:                    inf
  Source:                 aes_ctr_inst/controller_inst/reg_inst/current_stata_reg[5]/C
                            (rising edge-triggered cell FDRE)
  Destination:            aes_ctr_inst/reg_inst/current_stata_reg[121]/D
  Path Group:             (none)
  Path Type:              Max at Slow Process Corner
  Data Path Delay:        8.777ns  (logic 0.890ns (10.140%)  route 7.887ns (89.860%))
  Logic Levels:           4  (FDRE=1 LUT4=1 LUT5=2)

    Location             Delay type                Incr(ns)  Path(ns)    Netlist Resource(s)
  -------------------------------------------------------------------    -------------------
    SLICE_X24Y72         FDRE                         0.000     0.000 r  aes_ctr_inst/controller_inst/reg_inst/current_stata_reg[5]/C
    SLICE_X24Y72         FDRE (Prop_fdre_C_Q)         0.518     0.518 f  aes_ctr_inst/controller_inst/reg_inst/current_stata_reg[5]/Q
                         net (fo=6, routed)           0.868     1.386    aes_ctr_inst/controller_inst/reg_inst/current_stata_reg[5]_0
    SLICE_X24Y73         LUT4 (Prop_lut4_I0_O)        0.124     1.510 r  aes_ctr_inst/controller_inst/reg_inst/current_stata[127]_i_5/O
                         net (fo=1, routed)           0.670     2.180    aes_ctr_inst/controller_inst/reg_inst/current_stata[127]_i_5_n_0
    SLICE_X24Y73         LUT5 (Prop_lut5_I4_O)        0.124     2.304 r  aes_ctr_inst/controller_inst/reg_inst/current_stata[127]_i_3/O
                         net (fo=128, routed)         6.349     8.653    aes_ctr_inst/key_schedule_inst/reg_inst/current_stata_reg[127]_1
    SLICE_X28Y85         LUT5 (Prop_lut5_I1_O)        0.124     8.777 r  aes_ctr_inst/key_schedule_inst/reg_inst/current_stata[121]_i_1/O
                         net (fo=1, routed)           0.000     8.777    aes_ctr_inst/reg_inst/D[121]
    SLICE_X28Y85         FDRE                                         r  aes_ctr_inst/reg_inst/current_stata_reg[121]/D
  -------------------------------------------------------------------    -------------------

Slack:                    inf
  Source:                 FSM_onehot_state_reg[3]/C
                            (rising edge-triggered cell FDRE)
  Destination:            ctr_reg_reg[124]/CE
  Path Group:             (none)
  Path Type:              Max at Slow Process Corner
  Data Path Delay:        8.559ns  (logic 0.897ns (10.480%)  route 7.662ns (89.520%))
  Logic Levels:           3  (FDRE=1 LUT4=1 LUT6=1)

    Location             Delay type                Incr(ns)  Path(ns)    Netlist Resource(s)
  -------------------------------------------------------------------    -------------------
    SLICE_X38Y73         FDRE                         0.000     0.000 r  FSM_onehot_state_reg[3]/C
    SLICE_X38Y73         FDRE (Prop_fdre_C_Q)         0.478     0.478 r  FSM_onehot_state_reg[3]/Q
                         net (fo=4, routed)           1.671     2.149    aes_ctr_inst/controller_inst/reg_inst/FSM_onehot_state_reg[0][2]
    SLICE_X24Y73         LUT6 (Prop_lut6_I4_O)        0.295     2.444 f  aes_ctr_inst/controller_inst/reg_inst/tx_buffer[127]_i_3/O
                         net (fo=1, routed)           0.999     3.442    aes_ctr_inst/controller_inst/reg_inst/tx_buffer[127]_i_3_n_0
    SLICE_X23Y73         LUT4 (Prop_lut4_I3_O)        0.124     3.566 r  aes_ctr_inst/controller_inst/reg_inst/tx_buffer[127]_i_1/O
                         net (fo=258, routed)         4.993     8.559    tx_buffer
    SLICE_X33Y90         FDRE                                         r  ctr_reg_reg[124]/CE
  -------------------------------------------------------------------    -------------------





Min Delay Paths
--------------------------------------------------------------------------------------
Slack:                    inf
  Source:                 trng_inst/sample_sreg_reg[101]/C
                            (rising edge-triggered cell FDRE)
  Destination:            trng_inst/data_reg_reg[102]/D
  Path Group:             (none)
  Path Type:              Min at Fast Process Corner
  Data Path Delay:        0.201ns  (logic 0.128ns (63.592%)  route 0.073ns (36.408%))
  Logic Levels:           1  (FDRE=1)

    Location             Delay type                Incr(ns)  Path(ns)    Netlist Resource(s)
  -------------------------------------------------------------------    -------------------
    SLICE_X21Y80         FDRE                         0.000     0.000 r  trng_inst/sample_sreg_reg[101]/C
    SLICE_X21Y80         FDRE (Prop_fdre_C_Q)         0.128     0.128 r  trng_inst/sample_sreg_reg[101]/Q
                         net (fo=2, routed)           0.073     0.201    trng_inst/p_0_in__0[102]
    SLICE_X20Y80         FDRE                                         r  trng_inst/data_reg_reg[102]/D
  -------------------------------------------------------------------    -------------------

Slack:                    inf
  Source:                 trng_inst/sample_sreg_reg[123]/C
                            (rising edge-triggered cell FDRE)
  Destination:            trng_inst/data_reg_reg[124]/D
  Path Group:             (none)
  Path Type:              Min at Fast Process Corner
  Data Path Delay:        0.201ns  (logic 0.128ns (63.592%)  route 0.073ns (36.408%))
  Logic Levels:           1  (FDRE=1)

    Location             Delay type                Incr(ns)  Path(ns)    Netlist Resource(s)
  -------------------------------------------------------------------    -------------------
    SLICE_X23Y84         FDRE                         0.000     0.000 r  trng_inst/sample_sreg_reg[123]/C
    SLICE_X23Y84         FDRE (Prop_fdre_C_Q)         0.128     0.128 r  trng_inst/sample_sreg_reg[123]/Q
                         net (fo=2, routed)           0.073     0.201    trng_inst/p_0_in__0[124]
    SLICE_X22Y84         FDRE                                         r  trng_inst/data_reg_reg[124]/D
  -------------------------------------------------------------------    -------------------

Slack:                    inf
  Source:                 trng_inst/sample_sreg_reg[46]/C
                            (rising edge-triggered cell FDRE)
  Destination:            trng_inst/data_reg_reg[47]/D
  Path Group:             (none)
  Path Type:              Min at Fast Process Corner
  Data Path Delay:        0.203ns  (logic 0.141ns (69.447%)  route 0.062ns (30.553%))
  Logic Levels:           1  (FDRE=1)

    Location             Delay type                Incr(ns)  Path(ns)    Netlist Resource(s)
  -------------------------------------------------------------------    -------------------
    SLICE_X26Y75         FDRE                         0.000     0.000 r  trng_inst/sample_sreg_reg[46]/C
    SLICE_X26Y75         FDRE (Prop_fdre_C_Q)         0.141     0.141 r  trng_inst/sample_sreg_reg[46]/Q
                         net (fo=2, routed)           0.062     0.203    trng_inst/p_0_in__0[47]
    SLICE_X27Y75         FDRE                                         r  trng_inst/data_reg_reg[47]/D
  -------------------------------------------------------------------    -------------------

Slack:                    inf
  Source:                 trng_inst/sample_sreg_reg[109]/C
                            (rising edge-triggered cell FDRE)
  Destination:            trng_inst/data_reg_reg[110]/D
  Path Group:             (none)
  Path Type:              Min at Fast Process Corner
  Data Path Delay:        0.206ns  (logic 0.128ns (62.108%)  route 0.078ns (37.892%))
  Logic Levels:           1  (FDRE=1)

    Location             Delay type                Incr(ns)  Path(ns)    Netlist Resource(s)
  -------------------------------------------------------------------    -------------------
    SLICE_X23Y82         FDRE                         0.000     0.000 r  trng_inst/sample_sreg_reg[109]/C
    SLICE_X23Y82         FDRE (Prop_fdre_C_Q)         0.128     0.128 r  trng_inst/sample_sreg_reg[109]/Q
                         net (fo=2, routed)           0.078     0.206    trng_inst/p_0_in__0[110]
    SLICE_X22Y82         FDRE                                         r  trng_inst/data_reg_reg[110]/D
  -------------------------------------------------------------------    -------------------

Slack:                    inf
  Source:                 trng_inst/sample_sreg_reg[108]/C
                            (rising edge-triggered cell FDRE)
  Destination:            trng_inst/data_reg_reg[109]/D
  Path Group:             (none)
  Path Type:              Min at Fast Process Corner
  Data Path Delay:        0.210ns  (logic 0.141ns (67.004%)  route 0.069ns (32.996%))
  Logic Levels:           1  (FDRE=1)

    Location             Delay type                Incr(ns)  Path(ns)    Netlist Resource(s)
  -------------------------------------------------------------------    -------------------
    SLICE_X23Y82         FDRE                         0.000     0.000 r  trng_inst/sample_sreg_reg[108]/C
    SLICE_X23Y82         FDRE (Prop_fdre_C_Q)         0.141     0.141 r  trng_inst/sample_sreg_reg[108]/Q
                         net (fo=2, routed)           0.069     0.210    trng_inst/p_0_in__0[109]
    SLICE_X22Y82         FDRE                                         r  trng_inst/data_reg_reg[109]/D
  -------------------------------------------------------------------    -------------------

Slack:                    inf
  Source:                 trng_inst/data_reg_reg[127]/C
                            (rising edge-triggered cell FDRE)
  Destination:            aes_key_reg[127]/D
  Path Group:             (none)
  Path Type:              Min at Fast Process Corner
  Data Path Delay:        0.237ns  (logic 0.141ns (59.450%)  route 0.096ns (40.550%))
  Logic Levels:           1  (FDRE=1)

    Location             Delay type                Incr(ns)  Path(ns)    Netlist Resource(s)
  -------------------------------------------------------------------    -------------------
    SLICE_X23Y80         FDRE                         0.000     0.000 r  trng_inst/data_reg_reg[127]/C
    SLICE_X23Y80         FDRE (Prop_fdre_C_Q)         0.141     0.141 r  trng_inst/data_reg_reg[127]/Q
                         net (fo=1, routed)           0.096     0.237    trng_data[127]
    SLICE_X25Y80         FDRE                                         r  aes_key_reg[127]/D
  -------------------------------------------------------------------    -------------------

Slack:                    inf
  Source:                 trng_inst/data_reg_reg[112]/C
                            (rising edge-triggered cell FDRE)
  Destination:            aes_key_reg[112]/D
  Path Group:             (none)
  Path Type:              Min at Fast Process Corner
  Data Path Delay:        0.238ns  (logic 0.141ns (59.277%)  route 0.097ns (40.723%))
  Logic Levels:           1  (FDRE=1)

    Location             Delay type                Incr(ns)  Path(ns)    Netlist Resource(s)
  -------------------------------------------------------------------    -------------------
    SLICE_X27Y85         FDRE                         0.000     0.000 r  trng_inst/data_reg_reg[112]/C
    SLICE_X27Y85         FDRE (Prop_fdre_C_Q)         0.141     0.141 r  trng_inst/data_reg_reg[112]/Q
                         net (fo=1, routed)           0.097     0.238    trng_data[112]
    SLICE_X26Y85         FDRE                                         r  aes_key_reg[112]/D
  -------------------------------------------------------------------    -------------------

Slack:                    inf
  Source:                 trng_inst/data_reg_reg[118]/C
                            (rising edge-triggered cell FDRE)
  Destination:            aes_key_reg[118]/D
  Path Group:             (none)
  Path Type:              Min at Fast Process Corner
  Data Path Delay:        0.241ns  (logic 0.128ns (53.025%)  route 0.113ns (46.975%))
  Logic Levels:           1  (FDRE=1)

    Location             Delay type                Incr(ns)  Path(ns)    Netlist Resource(s)
  -------------------------------------------------------------------    -------------------
    SLICE_X27Y85         FDRE                         0.000     0.000 r  trng_inst/data_reg_reg[118]/C
    SLICE_X27Y85         FDRE (Prop_fdre_C_Q)         0.128     0.128 r  trng_inst/data_reg_reg[118]/Q
                         net (fo=1, routed)           0.113     0.241    trng_data[118]
    SLICE_X26Y85         FDRE                                         r  aes_key_reg[118]/D
  -------------------------------------------------------------------    -------------------

Slack:                    inf
  Source:                 trng_inst/data_reg_reg[98]/C
                            (rising edge-triggered cell FDRE)
  Destination:            aes_key_reg[98]/D
  Path Group:             (none)
  Path Type:              Min at Fast Process Corner
  Data Path Delay:        0.241ns  (logic 0.128ns (53.025%)  route 0.113ns (46.975%))
  Logic Levels:           1  (FDRE=1)

    Location             Delay type                Incr(ns)  Path(ns)    Netlist Resource(s)
  -------------------------------------------------------------------    -------------------
    SLICE_X21Y79         FDRE                         0.000     0.000 r  trng_inst/data_reg_reg[98]/C
    SLICE_X21Y79         FDRE (Prop_fdre_C_Q)         0.128     0.128 r  trng_inst/data_reg_reg[98]/Q
                         net (fo=1, routed)           0.113     0.241    trng_data[98]
    SLICE_X20Y79         FDRE                                         r  aes_key_reg[98]/D
  -------------------------------------------------------------------    -------------------

Slack:                    inf
  Source:                 trng_inst/data_reg_reg[126]/C
                            (rising edge-triggered cell FDRE)
  Destination:            aes_key_reg[126]/D
  Path Group:             (none)
  Path Type:              Min at Fast Process Corner
  Data Path Delay:        0.242ns  (logic 0.128ns (52.976%)  route 0.114ns (47.024%))
  Logic Levels:           1  (FDRE=1)

    Location             Delay type                Incr(ns)  Path(ns)    Netlist Resource(s)
  -------------------------------------------------------------------    -------------------
    SLICE_X22Y84         FDRE                         0.000     0.000 r  trng_inst/data_reg_reg[126]/C
    SLICE_X22Y84         FDRE (Prop_fdre_C_Q)         0.128     0.128 r  trng_inst/data_reg_reg[126]/Q
                         net (fo=1, routed)           0.114     0.242    trng_data[126]
    SLICE_X22Y83         FDRE                                         r  aes_key_reg[126]/D
  -------------------------------------------------------------------    -------------------





