Vivado Simulator v2025.1.0
Copyright 1986-2022 Xilinx, Inc. All Rights Reserved.
Copyright 2022-2025 Advanced Micro Devices, Inc. All Rights Reserved.
Running: /home/szymon/tools/Xilinx/2025.1/Vivado/bin/unwrapped/lnx64.o/xelab --incr --debug typical --relax --mt 8 -L xil_defaultlib -L secureip --snapshot test_enc_behav xil_defaultlib.test_enc -log elaborate.log 
Using 8 slave threads.
WARNING: [XSIM 43-3431] One or more environment variables have been detected which affect the operation of the C compiler. These are typically not set in standard installations and are not tested by AMD, however they may be appropriate for your system, so the flow will attempt to continue.  If errors occur, try running xelab with the "-mt off -v 1" switches to see more information from the C compiler. The following environment variables have been detected:
Starting static elaboration
Completed static elaboration
Starting simulation data flow analysis
Completed simulation data flow analysis
Time Resolution for simulation is 1ps
Compiling package std.standard
Compiling package std.textio
Compiling package ieee.std_logic_1164
Compiling architecture behavioral of entity xil_defaultlib.reg [\reg(size=128)\]
Compiling architecture rtl of entity xil_defaultlib.add_round_key [add_round_key_default]
Compiling architecture behavioral of entity xil_defaultlib.sbox [sbox_default]
Compiling architecture behavioral of entity xil_defaultlib.sub_byte [sub_byte_default]
Compiling architecture rtl of entity xil_defaultlib.shift_rows [shift_rows_default]
Compiling architecture behavioral of entity xil_defaultlib.gfmult_by2 [gfmult_by2_default]
Compiling architecture rtl of entity xil_defaultlib.column_calculator [column_calculator_default]
Compiling architecture rtl of entity xil_defaultlib.mix_columns [mix_columns_default]
Compiling architecture behavioral of entity xil_defaultlib.reg [\reg(size=8)\]
Compiling architecture behavioral of entity xil_defaultlib.controller [controller_default]
Compiling architecture behavioral of entity xil_defaultlib.key_sch_round_function [key_sch_round_function_default]
Compiling architecture behavioral of entity xil_defaultlib.key_schedule [key_schedule_default]
Compiling architecture behavioral of entity xil_defaultlib.aes_enc [aes_enc_default]
Compiling architecture behavior of entity xil_defaultlib.test_enc
Built simulation snapshot test_enc_behav
