\BOOKMARK [0][]{chapter.1}{\376\377\0001\000\040\000W\000s\000t\001\031\000p}{}% 1
\BOOKMARK [1][]{section.1.1}{\376\377\0001\000.\0001\000\040\000Z\000a\000p\000o\000t\000r\000z\000e\000b\000o\000w\000a\000n\000i\000e\000\040\000n\000a\000\040\000n\000i\000e\000z\000a\000w\000o\000d\000n\000e\000\040\001\172\000r\000\363\000d\001\102\000a\000\040\000l\000o\000s\000o\000w\000o\001\133\000c\000i}{chapter.1}% 2
\BOOKMARK [1][]{section.1.2}{\376\377\0001\000.\0002\000\040\000C\000e\000l\000\040\000p\000r\000a\000c\000y}{chapter.1}% 3
\BOOKMARK [1][]{section.1.3}{\376\377\0001\000.\0003\000\040\000C\000h\000a\000r\000a\000k\000t\000e\000r\000y\000s\000t\000y\000k\000a\000\040\000l\000i\000t\000e\000r\000a\000t\000u\000r\000y}{chapter.1}% 4
\BOOKMARK [1][]{section.1.4}{\376\377\0001\000.\0004\000\040\000U\000k\001\102\000a\000d\000\040\000p\000r\000a\000c\000y}{chapter.1}% 5
\BOOKMARK [0][]{chapter.2}{\376\377\0002\000\040\000P\000o\000d\000s\000t\000a\000w\000y\000\040\000t\000e\000o\000r\000e\000t\000y\000c\000z\000n\000e}{}% 6
\BOOKMARK [1][]{section.2.1}{\376\377\0002\000.\0001\000\040\000E\000n\000t\000r\000o\000p\000i\000a\000\040\000S\000h\000a\000n\000n\000o\000n\000'\000a}{chapter.2}% 7
\BOOKMARK [1][]{section.2.2}{\376\377\0002\000.\0002\000\040\000P\000R\000N\000G\000\040\000a\000\040\000T\000R\000N\000G}{chapter.2}% 8
\BOOKMARK [1][]{section.2.3}{\376\377\0002\000.\0003\000\040\000O\000s\000c\000y\000l\000a\000t\000o\000r\000\040\000p\000i\000e\000r\001\133\000c\000i\000e\000n\000i\000o\000w\000y}{chapter.2}% 9
\BOOKMARK [1][]{section.2.4}{\376\377\0002\000.\0004\000\040\000A\000r\000c\000h\000i\000t\000e\000k\000t\000u\000r\000a\000\040\000m\000o\000d\000u\001\102\000u\000\040\000n\000e\000o\000T\000R\000N\000G}{chapter.2}% 10
\BOOKMARK [1][]{section.2.5}{\376\377\0002\000.\0005\000\040\000K\000o\000r\000e\000k\000c\000j\000a\000\040\001\172\000r\000\363\000d\001\102\000a}{chapter.2}% 11
\BOOKMARK [2][]{subsection.2.5.1}{\376\377\0002\000.\0005\000.\0001\000\040\000K\000o\000r\000e\000k\000t\000o\000r\000\040\000V\000o\000n\000-\000N\000e\000u\000m\000a\000n\000n\000a}{section.2.5}% 12
\BOOKMARK [1][]{section.2.6}{\376\377\0002\000.\0006\000\040\000M\000e\000t\000o\000d\000y\000\040\000p\000r\000z\000e\000t\000w\000a\000r\000z\000a\000n\000i\000a\000\040\000k\000o\001\104\000c\000o\000w\000e\000g\000o}{chapter.2}% 13
\BOOKMARK [2][]{subsection.2.6.1}{\376\377\0002\000.\0006\000.\0001\000\040\000X\000O\000R}{section.2.6}% 14
\BOOKMARK [2][]{subsection.2.6.2}{\376\377\0002\000.\0006\000.\0002\000\040\000C\000R\000C}{section.2.6}% 15
\BOOKMARK [2][]{subsection.2.6.3}{\376\377\0002\000.\0006\000.\0003\000\040\000E\000k\000s\000t\000r\000a\000k\000t\000o\000r\000\040\000T\000o\000e\000p\000l\000i\000t\000z\000'\000a}{section.2.6}% 16
\BOOKMARK [2][]{subsection.2.6.4}{\376\377\0002\000.\0006\000.\0004\000\040\000A\000E\000S\000-\0002\0005\0006}{section.2.6}% 17
\BOOKMARK [1][]{section.2.7}{\376\377\0002\000.\0007\000\040\000M\000e\000t\000o\000d\000y\000\040\000b\000a\000d\000a\000n\000i\000a\000\040\001\172\000r\000\363\000d\000e\001\102\000\040\000e\000n\000t\000r\000o\000p\000i\000i}{chapter.2}% 18
\BOOKMARK [2][]{subsection.2.7.1}{\376\377\0002\000.\0007\000.\0001\000\040\000E\000N\000T}{section.2.7}% 19
\BOOKMARK [2][]{subsection.2.7.2}{\376\377\0002\000.\0007\000.\0002\000\040\000N\000I\000S\000T\000\040\000S\000P\000\040\0008\0000\0000\000-\0002\0002}{section.2.7}% 20
\BOOKMARK [2][]{subsection.2.7.3}{\376\377\0002\000.\0007\000.\0003\000\040\000N\000I\000S\000T\000\040\000S\000P\000\040\0008\0000\0000\000-\0009\0000\000B}{section.2.7}% 21
\BOOKMARK [1][]{section.2.8}{\376\377\0002\000.\0008\000\040\000M\000o\000d\000u\001\102\000y\000\040\000t\000e\000s\000t\000o\000w\000e}{chapter.2}% 22
\BOOKMARK [2][]{subsection.2.8.1}{\376\377\0002\000.\0008\000.\0001\000\040\000R\000C\000T}{section.2.8}% 23
\BOOKMARK [2][]{subsection.2.8.2}{\376\377\0002\000.\0008\000.\0002\000\040\000A\000P\000T}{section.2.8}% 24
\BOOKMARK [1][]{section.2.9}{\376\377\0002\000.\0009\000\040\000S\000p\000r\000z\001\031\000t}{chapter.2}% 25
\BOOKMARK [2][]{subsection.2.9.1}{\376\377\0002\000.\0009\000.\0001\000\040\000D\000i\000g\000i\000l\000e\000n\000t\000\040\000C\000o\000r\000a\000Z\0007\000-\0000\0007\000S}{section.2.9}% 26
\BOOKMARK [2][]{subsection.2.9.2}{\376\377\0002\000.\0009\000.\0002\000\040\000D\000i\000g\000i\000l\000e\000n\000t\000\040\000N\000e\000x\000y\000s\000\040\0004\000\040\000D\000D\000R}{section.2.9}% 27
\BOOKMARK [0][]{chapter.3}{\376\377\0003\000\040\000T\000e\000s\000t\000y\000\040\000b\000a\000z\000o\000w\000e}{}% 28
\BOOKMARK [1][]{section.3.1}{\376\377\0003\000.\0001\000\040\000M\000o\000d\000y\000f\000i\000k\000a\000c\000j\000a}{chapter.3}% 29
\BOOKMARK [1][]{section.3.2}{\376\377\0003\000.\0002\000\040\000E\000N\000T}{chapter.3}% 30
\BOOKMARK [1][]{section.3.3}{\376\377\0003\000.\0003\000\040\000N\000I\000S\000T\000\040\000S\000P\000\040\0008\0000\0000\000-\0002\0002}{chapter.3}% 31
\BOOKMARK [1][]{section.3.4}{\376\377\0003\000.\0004\000\040\000N\000I\000S\000T\000\040\000S\000P\000\040\0008\0000\0000\000-\0009\0000\000B}{chapter.3}% 32
\BOOKMARK [1][]{section.3.5}{\376\377\0003\000.\0005\000\040\000Z\000u\001\174\000y\000c\000i\000e\000\040\000z\000a\000s\000o\000b\000\363\000w}{chapter.3}% 33
\BOOKMARK [0][]{chapter.4}{\376\377\0004\000\040\000A\000n\000a\000l\000i\000z\000a\000\040\000r\000o\000z\000m\000i\000e\000s\000z\000c\000z\000e\000n\000i\000a}{}% 34
\BOOKMARK [1][]{section.4.1}{\376\377\0004\000.\0001\000\040\000E\000N\000T}{chapter.4}% 35
\BOOKMARK [1][]{section.4.2}{\376\377\0004\000.\0002\000\040\000N\000I\000S\000T\000\040\000S\000P\000\040\0008\0000\0000\000-\0009\0000\000B}{chapter.4}% 36
\BOOKMARK [1][]{section.4.3}{\376\377\0004\000.\0003\000\040\000N\000I\000S\000T\000\040\000S\000P\000\040\0008\0000\0000\000-\0002\0002}{chapter.4}% 37
\BOOKMARK [0][]{chapter.5}{\376\377\0005\000\040\000F\000a\000z\000a\000\040\000a\000l\000g\000o\000r\000y\000t\000m\000i\000c\000z\000n\000a\000\040\000i\000\040\000o\000p\000t\000y\000m\000a\000l\000i\000z\000a\000c\000j\000a\000\040\000e\000k\000s\000t\000r\000a\000k\000c\000j\000i}{}% 38
\BOOKMARK [0][]{chapter.6}{\376\377\0006\000\040\000F\000a\000z\000a\000\040\000o\000d\000p\000o\000r\000n\000o\001\133\000c\000i\000\040\000i\000\040\000m\000o\000n\000i\000t\000o\000r\000o\000w\000a\000n\000i\000e\000\040\000o\000n\000l\000i\000n\000e}{}% 39
\BOOKMARK [0][]{chapter.7}{\376\377\0007\000\040\000n\000e\000o\000T\000R\000N\000G\000\040\000n\000a\000\040\000F\000P\000G\000A\000\040\000d\000l\000a\000\040\000R\000P\000I}{}% 40
\BOOKMARK [0][]{chapter.8}{\376\377\0008\000\040\000Z\000a\000k\000o\001\104\000c\000z\000e\000n\000i\000e}{}% 41
\BOOKMARK [0][]{chapter*.4}{\376\377\000L\000i\000t\000e\000r\000a\000t\000u\000r\000a}{}% 42
\BOOKMARK [0][]{appendix.A}{\376\377\000A\000\040\000K\000o\000d\000\040\001\172\000r\000\363\000d\001\102\000o\000w\000y}{}% 43
\BOOKMARK [1][]{section.A.1}{\376\377\000A\000.\0001\000\040\000n\000e\000o\000T\000R\000N\000G\000\137\000m\000o\000d\000\137\0001\000.\000v\000h\000d}{appendix.A}% 44
\BOOKMARK [0][]{appendix.B}{\376\377\000B\000\040\000R\000a\000p\000o\000r\000t}{}% 45
\BOOKMARK [0][]{appendix.C}{\376\377\000C\000\040\000N\000o\000t\000a\000t\000k\000i}{}% 46
