Copyright 1986-2022 Xilinx, Inc. All Rights Reserved. Copyright 2022-2025 Advanced Micro Devices, Inc. All Rights Reserved.
---------------------------------------------------------------------------------------------------------------------------------------------------------------------------------------------------------------------------------
| Tool Version : Vivado v.2025.1 (lin64) Build 6140274 Wed May 21 22:58:25 MDT 2025
| Date         : Tue Jun  9 12:42:37 2026
| Host         : szymon running 64-bit Ubuntu 24.04.4 LTS
| Command      : report_timing_summary -max_paths 10 -routable_nets -report_unconstrained -file aes_ctr_timing_summary_routed.rpt -pb aes_ctr_timing_summary_routed.pb -rpx aes_ctr_timing_summary_routed.rpx -warn_on_violation
| Design       : aes_ctr
| Device       : 7z007s-clg400
| Speed File   : -1  PRODUCTION 1.12 2019-11-22
| Design State : Routed
---------------------------------------------------------------------------------------------------------------------------------------------------------------------------------------------------------------------------------

Timing Summary Report

------------------------------------------------------------------------------------------------
| Timer Settings
| --------------
------------------------------------------------------------------------------------------------

  Enable Multi Corner Analysis               :  Yes
  Enable Pessimism Removal                   :  Yes
  Pessimism Removal Resolution               :  Nearest Common Node
  Enable Input Delay Default Clock           :  No
  Enable Preset / Clear Arcs                 :  No
  Disable Flight Delays                      :  No
  Ignore I/O Paths                           :  No
  Timing Early Launch at Borrowing Latches   :  No
  Borrow Time for Max Delay Exceptions       :  Yes
  Merge Timing Exceptions                    :  Yes
  Inter-SLR Compensation                     :  Conservative

  Corner  Analyze    Analyze    
  Name    Max Paths  Min Paths  
  ------  ---------  ---------  
  Slow    Yes        Yes        
  Fast    Yes        Yes        


------------------------------------------------------------------------------------------------
| Report Methodology
| ------------------
------------------------------------------------------------------------------------------------

Rule       Severity          Description                  Violations  
---------  ----------------  ---------------------------  ----------  
TIMING-17  Critical Warning  Non-clocked sequential cell  169         

Note: This report is based on the most recent report_methodology run and may not be up-to-date. Run report_methodology on the current design for the latest report.



check_timing report

Table of Contents
-----------------
1. checking no_clock (169)
2. checking constant_clock (0)
3. checking pulse_width_clock (0)
4. checking unconstrained_internal_endpoints (364)
5. checking no_input_delay (0)
6. checking no_output_delay (1)
7. checking multiple_clock (0)
8. checking generated_clocks (0)
9. checking loops (0)
10. checking partial_input_delay (0)
11. checking partial_output_delay (0)
12. checking latch_loops (0)

1. checking no_clock (169)
--------------------------
 There are 169 register/latch pins with no clock driven by root clock pin: clk (HIGH)


2. checking constant_clock (0)
------------------------------
 There are 0 register/latch pins with constant_clock.


3. checking pulse_width_clock (0)
---------------------------------
 There are 0 register/latch pins which need pulse_width check


4. checking unconstrained_internal_endpoints (364)
--------------------------------------------------
 There are 364 pins that are not constrained for maximum delay. (HIGH)

 There are 0 pins that are not constrained for maximum delay due to constant clock.


5. checking no_input_delay (0)
------------------------------
 There are 0 input ports with no input delay specified.

 There are 0 input ports with no input delay but user has a false path constraint.


6. checking no_output_delay (1)
-------------------------------
 There is 1 port with no output delay specified. (HIGH)

 There are 0 ports with no output delay but user has a false path constraint

 There are 0 ports with no output delay but with a timing clock defined on it or propagating through it


7. checking multiple_clock (0)
------------------------------
 There are 0 register/latch pins with multiple clocks.


8. checking generated_clocks (0)
--------------------------------
 There are 0 generated clocks that are not connected to a clock source.


9. checking loops (0)
---------------------
 There are 0 combinational loops in the design.


10. checking partial_input_delay (0)
------------------------------------
 There are 0 input ports with partial input delay specified.


11. checking partial_output_delay (0)
-------------------------------------
 There are 0 ports with partial output delay specified.


12. checking latch_loops (0)
----------------------------
 There are 0 combinational latch loops in the design through latch input



------------------------------------------------------------------------------------------------
| Design Timing Summary
| ---------------------
------------------------------------------------------------------------------------------------

    WNS(ns)      TNS(ns)  TNS Failing Endpoints  TNS Total Endpoints      WHS(ns)      THS(ns)  THS Failing Endpoints  THS Total Endpoints     WPWS(ns)     TPWS(ns)  TPWS Failing Endpoints  TPWS Total Endpoints  
    -------      -------  ---------------------  -------------------      -------      -------  ---------------------  -------------------     --------     --------  ----------------------  --------------------  
        inf        0.000                      0                  365          inf        0.000                      0                  365           NA           NA                      NA                    NA  


There are no user specified timing constraints.


------------------------------------------------------------------------------------------------
| Clock Summary
| -------------
------------------------------------------------------------------------------------------------


------------------------------------------------------------------------------------------------
| Intra Clock Table
| -----------------
------------------------------------------------------------------------------------------------

Clock             WNS(ns)      TNS(ns)  TNS Failing Endpoints  TNS Total Endpoints      WHS(ns)      THS(ns)  THS Failing Endpoints  THS Total Endpoints     WPWS(ns)     TPWS(ns)  TPWS Failing Endpoints  TPWS Total Endpoints  
-----             -------      -------  ---------------------  -------------------      -------      -------  ---------------------  -------------------     --------     --------  ----------------------  --------------------  


------------------------------------------------------------------------------------------------
| Inter Clock Table
| -----------------
------------------------------------------------------------------------------------------------

From Clock    To Clock          WNS(ns)      TNS(ns)  TNS Failing Endpoints  TNS Total Endpoints      WHS(ns)      THS(ns)  THS Failing Endpoints  THS Total Endpoints  
----------    --------          -------      -------  ---------------------  -------------------      -------      -------  ---------------------  -------------------  


------------------------------------------------------------------------------------------------
| Other Path Groups Table
| -----------------------
------------------------------------------------------------------------------------------------

Path Group    From Clock    To Clock          WNS(ns)      TNS(ns)  TNS Failing Endpoints  TNS Total Endpoints      WHS(ns)      THS(ns)  THS Failing Endpoints  THS Total Endpoints  
----------    ----------    --------          -------      -------  ---------------------  -------------------      -------      -------  ---------------------  -------------------  


------------------------------------------------------------------------------------------------
| User Ignored Path Table
| -----------------------
------------------------------------------------------------------------------------------------

Path Group    From Clock    To Clock    
----------    ----------    --------    


------------------------------------------------------------------------------------------------
| Unconstrained Path Table
| ------------------------
------------------------------------------------------------------------------------------------

Path Group    From Clock    To Clock    
----------    ----------    --------    
(none)                                    


------------------------------------------------------------------------------------------------
| Timing Details
| --------------
------------------------------------------------------------------------------------------------


--------------------------------------------------------------------------------------
Path Group:  (none)
From Clock:  
  To Clock:  

Max Delay           365 Endpoints
Min Delay           365 Endpoints
--------------------------------------------------------------------------------------


Max Delay Paths
--------------------------------------------------------------------------------------
Slack:                    inf
  Source:                 uart_inst/tx_out_reg/C
                            (rising edge-triggered cell FDRE)
  Destination:            tx
                            (output port)
  Path Group:             (none)
  Path Type:              Max at Slow Process Corner
  Data Path Delay:        5.895ns  (logic 4.025ns (68.279%)  route 1.870ns (31.721%))
  Logic Levels:           2  (FDRE=1 OBUF=1)

    Location             Delay type                Incr(ns)  Path(ns)    Netlist Resource(s)
  -------------------------------------------------------------------    -------------------
    SLICE_X42Y67         FDRE                         0.000     0.000 r  uart_inst/tx_out_reg/C
    SLICE_X42Y67         FDRE (Prop_fdre_C_Q)         0.518     0.518 r  uart_inst/tx_out_reg/Q
                         net (fo=1, routed)           1.870     2.388    tx_OBUF
    G15                  OBUF (Prop_obuf_I_O)         3.507     5.895 r  tx_OBUF_inst/O
                         net (fo=0)                   0.000     5.895    tx
    G15                                                               r  tx (OUT)
  -------------------------------------------------------------------    -------------------

Slack:                    inf
  Source:                 FSM_sequential_state_reg[2]/C
                            (rising edge-triggered cell FDRE)
  Destination:            block_cnt_reg[1]/R
  Path Group:             (none)
  Path Type:              Max at Slow Process Corner
  Data Path Delay:        4.875ns  (logic 1.064ns (21.825%)  route 3.811ns (78.175%))
  Logic Levels:           4  (FDRE=1 LUT3=1 LUT6=2)

    Location             Delay type                Incr(ns)  Path(ns)    Netlist Resource(s)
  -------------------------------------------------------------------    -------------------
    SLICE_X43Y66         FDRE                         0.000     0.000 r  FSM_sequential_state_reg[2]/C
    SLICE_X43Y66         FDRE (Prop_fdre_C_Q)         0.456     0.456 f  FSM_sequential_state_reg[2]/Q
                         net (fo=18, routed)          1.099     1.555    aes_ctr_inst/controller_inst/reg_inst/state[2]
    SLICE_X43Y65         LUT3 (Prop_lut3_I0_O)        0.152     1.707 r  aes_ctr_inst/controller_inst/reg_inst/aes_start_i_1/O
                         net (fo=3, routed)           0.824     2.530    aes_ctr_inst/controller_inst/reg_inst/aes_start
    SLICE_X42Y65         LUT6 (Prop_lut6_I4_O)        0.332     2.862 r  aes_ctr_inst/controller_inst/reg_inst/block_cnt[16]_i_4/O
                         net (fo=2, routed)           0.800     3.662    trng_inst/block_cnt_reg[16]
    SLICE_X41Y65         LUT6 (Prop_lut6_I2_O)        0.124     3.786 r  trng_inst/block_cnt[16]_i_1/O
                         net (fo=17, routed)          1.089     4.875    trng_inst_n_2
    SLICE_X40Y60         FDRE                                         r  block_cnt_reg[1]/R
  -------------------------------------------------------------------    -------------------

Slack:                    inf
  Source:                 FSM_sequential_state_reg[2]/C
                            (rising edge-triggered cell FDRE)
  Destination:            block_cnt_reg[2]/R
  Path Group:             (none)
  Path Type:              Max at Slow Process Corner
  Data Path Delay:        4.875ns  (logic 1.064ns (21.825%)  route 3.811ns (78.175%))
  Logic Levels:           4  (FDRE=1 LUT3=1 LUT6=2)

    Location             Delay type                Incr(ns)  Path(ns)    Netlist Resource(s)
  -------------------------------------------------------------------    -------------------
    SLICE_X43Y66         FDRE                         0.000     0.000 r  FSM_sequential_state_reg[2]/C
    SLICE_X43Y66         FDRE (Prop_fdre_C_Q)         0.456     0.456 f  FSM_sequential_state_reg[2]/Q
                         net (fo=18, routed)          1.099     1.555    aes_ctr_inst/controller_inst/reg_inst/state[2]
    SLICE_X43Y65         LUT3 (Prop_lut3_I0_O)        0.152     1.707 r  aes_ctr_inst/controller_inst/reg_inst/aes_start_i_1/O
                         net (fo=3, routed)           0.824     2.530    aes_ctr_inst/controller_inst/reg_inst/aes_start
    SLICE_X42Y65         LUT6 (Prop_lut6_I4_O)        0.332     2.862 r  aes_ctr_inst/controller_inst/reg_inst/block_cnt[16]_i_4/O
                         net (fo=2, routed)           0.800     3.662    trng_inst/block_cnt_reg[16]
    SLICE_X41Y65         LUT6 (Prop_lut6_I2_O)        0.124     3.786 r  trng_inst/block_cnt[16]_i_1/O
                         net (fo=17, routed)          1.089     4.875    trng_inst_n_2
    SLICE_X40Y60         FDRE                                         r  block_cnt_reg[2]/R
  -------------------------------------------------------------------    -------------------

Slack:                    inf
  Source:                 FSM_sequential_state_reg[2]/C
                            (rising edge-triggered cell FDRE)
  Destination:            block_cnt_reg[3]/R
  Path Group:             (none)
  Path Type:              Max at Slow Process Corner
  Data Path Delay:        4.875ns  (logic 1.064ns (21.825%)  route 3.811ns (78.175%))
  Logic Levels:           4  (FDRE=1 LUT3=1 LUT6=2)

    Location             Delay type                Incr(ns)  Path(ns)    Netlist Resource(s)
  -------------------------------------------------------------------    -------------------
    SLICE_X43Y66         FDRE                         0.000     0.000 r  FSM_sequential_state_reg[2]/C
    SLICE_X43Y66         FDRE (Prop_fdre_C_Q)         0.456     0.456 f  FSM_sequential_state_reg[2]/Q
                         net (fo=18, routed)          1.099     1.555    aes_ctr_inst/controller_inst/reg_inst/state[2]
    SLICE_X43Y65         LUT3 (Prop_lut3_I0_O)        0.152     1.707 r  aes_ctr_inst/controller_inst/reg_inst/aes_start_i_1/O
                         net (fo=3, routed)           0.824     2.530    aes_ctr_inst/controller_inst/reg_inst/aes_start
    SLICE_X42Y65         LUT6 (Prop_lut6_I4_O)        0.332     2.862 r  aes_ctr_inst/controller_inst/reg_inst/block_cnt[16]_i_4/O
                         net (fo=2, routed)           0.800     3.662    trng_inst/block_cnt_reg[16]
    SLICE_X41Y65         LUT6 (Prop_lut6_I2_O)        0.124     3.786 r  trng_inst/block_cnt[16]_i_1/O
                         net (fo=17, routed)          1.089     4.875    trng_inst_n_2
    SLICE_X40Y60         FDRE                                         r  block_cnt_reg[3]/R
  -------------------------------------------------------------------    -------------------

Slack:                    inf
  Source:                 FSM_sequential_state_reg[2]/C
                            (rising edge-triggered cell FDRE)
  Destination:            block_cnt_reg[4]/R
  Path Group:             (none)
  Path Type:              Max at Slow Process Corner
  Data Path Delay:        4.875ns  (logic 1.064ns (21.825%)  route 3.811ns (78.175%))
  Logic Levels:           4  (FDRE=1 LUT3=1 LUT6=2)

    Location             Delay type                Incr(ns)  Path(ns)    Netlist Resource(s)
  -------------------------------------------------------------------    -------------------
    SLICE_X43Y66         FDRE                         0.000     0.000 r  FSM_sequential_state_reg[2]/C
    SLICE_X43Y66         FDRE (Prop_fdre_C_Q)         0.456     0.456 f  FSM_sequential_state_reg[2]/Q
                         net (fo=18, routed)          1.099     1.555    aes_ctr_inst/controller_inst/reg_inst/state[2]
    SLICE_X43Y65         LUT3 (Prop_lut3_I0_O)        0.152     1.707 r  aes_ctr_inst/controller_inst/reg_inst/aes_start_i_1/O
                         net (fo=3, routed)           0.824     2.530    aes_ctr_inst/controller_inst/reg_inst/aes_start
    SLICE_X42Y65         LUT6 (Prop_lut6_I4_O)        0.332     2.862 r  aes_ctr_inst/controller_inst/reg_inst/block_cnt[16]_i_4/O
                         net (fo=2, routed)           0.800     3.662    trng_inst/block_cnt_reg[16]
    SLICE_X41Y65         LUT6 (Prop_lut6_I2_O)        0.124     3.786 r  trng_inst/block_cnt[16]_i_1/O
                         net (fo=17, routed)          1.089     4.875    trng_inst_n_2
    SLICE_X40Y60         FDRE                                         r  block_cnt_reg[4]/R
  -------------------------------------------------------------------    -------------------

Slack:                    inf
  Source:                 FSM_sequential_state_reg[2]/C
                            (rising edge-triggered cell FDRE)
  Destination:            block_cnt_reg[1]/CE
  Path Group:             (none)
  Path Type:              Max at Slow Process Corner
  Data Path Delay:        4.848ns  (logic 1.064ns (21.947%)  route 3.784ns (78.053%))
  Logic Levels:           4  (FDRE=1 LUT3=1 LUT6=2)

    Location             Delay type                Incr(ns)  Path(ns)    Netlist Resource(s)
  -------------------------------------------------------------------    -------------------
    SLICE_X43Y66         FDRE                         0.000     0.000 r  FSM_sequential_state_reg[2]/C
    SLICE_X43Y66         FDRE (Prop_fdre_C_Q)         0.456     0.456 f  FSM_sequential_state_reg[2]/Q
                         net (fo=18, routed)          1.099     1.555    aes_ctr_inst/controller_inst/reg_inst/state[2]
    SLICE_X43Y65         LUT3 (Prop_lut3_I0_O)        0.152     1.707 r  aes_ctr_inst/controller_inst/reg_inst/aes_start_i_1/O
                         net (fo=3, routed)           0.824     2.530    aes_ctr_inst/controller_inst/reg_inst/aes_start
    SLICE_X42Y65         LUT6 (Prop_lut6_I4_O)        0.332     2.862 r  aes_ctr_inst/controller_inst/reg_inst/block_cnt[16]_i_4/O
                         net (fo=2, routed)           0.798     3.660    aes_ctr_inst/controller_inst/reg_inst/current_stata_reg[0]_0
    SLICE_X41Y65         LUT6 (Prop_lut6_I1_O)        0.124     3.784 r  aes_ctr_inst/controller_inst/reg_inst/block_cnt[16]_i_2/O
                         net (fo=17, routed)          1.064     4.848    aes_ctr_inst_n_9
    SLICE_X40Y60         FDRE                                         r  block_cnt_reg[1]/CE
  -------------------------------------------------------------------    -------------------

Slack:                    inf
  Source:                 FSM_sequential_state_reg[2]/C
                            (rising edge-triggered cell FDRE)
  Destination:            block_cnt_reg[2]/CE
  Path Group:             (none)
  Path Type:              Max at Slow Process Corner
  Data Path Delay:        4.848ns  (logic 1.064ns (21.947%)  route 3.784ns (78.053%))
  Logic Levels:           4  (FDRE=1 LUT3=1 LUT6=2)

    Location             Delay type                Incr(ns)  Path(ns)    Netlist Resource(s)
  -------------------------------------------------------------------    -------------------
    SLICE_X43Y66         FDRE                         0.000     0.000 r  FSM_sequential_state_reg[2]/C
    SLICE_X43Y66         FDRE (Prop_fdre_C_Q)         0.456     0.456 f  FSM_sequential_state_reg[2]/Q
                         net (fo=18, routed)          1.099     1.555    aes_ctr_inst/controller_inst/reg_inst/state[2]
    SLICE_X43Y65         LUT3 (Prop_lut3_I0_O)        0.152     1.707 r  aes_ctr_inst/controller_inst/reg_inst/aes_start_i_1/O
                         net (fo=3, routed)           0.824     2.530    aes_ctr_inst/controller_inst/reg_inst/aes_start
    SLICE_X42Y65         LUT6 (Prop_lut6_I4_O)        0.332     2.862 r  aes_ctr_inst/controller_inst/reg_inst/block_cnt[16]_i_4/O
                         net (fo=2, routed)           0.798     3.660    aes_ctr_inst/controller_inst/reg_inst/current_stata_reg[0]_0
    SLICE_X41Y65         LUT6 (Prop_lut6_I1_O)        0.124     3.784 r  aes_ctr_inst/controller_inst/reg_inst/block_cnt[16]_i_2/O
                         net (fo=17, routed)          1.064     4.848    aes_ctr_inst_n_9
    SLICE_X40Y60         FDRE                                         r  block_cnt_reg[2]/CE
  -------------------------------------------------------------------    -------------------

Slack:                    inf
  Source:                 FSM_sequential_state_reg[2]/C
                            (rising edge-triggered cell FDRE)
  Destination:            block_cnt_reg[3]/CE
  Path Group:             (none)
  Path Type:              Max at Slow Process Corner
  Data Path Delay:        4.848ns  (logic 1.064ns (21.947%)  route 3.784ns (78.053%))
  Logic Levels:           4  (FDRE=1 LUT3=1 LUT6=2)

    Location             Delay type                Incr(ns)  Path(ns)    Netlist Resource(s)
  -------------------------------------------------------------------    -------------------
    SLICE_X43Y66         FDRE                         0.000     0.000 r  FSM_sequential_state_reg[2]/C
    SLICE_X43Y66         FDRE (Prop_fdre_C_Q)         0.456     0.456 f  FSM_sequential_state_reg[2]/Q
                         net (fo=18, routed)          1.099     1.555    aes_ctr_inst/controller_inst/reg_inst/state[2]
    SLICE_X43Y65         LUT3 (Prop_lut3_I0_O)        0.152     1.707 r  aes_ctr_inst/controller_inst/reg_inst/aes_start_i_1/O
                         net (fo=3, routed)           0.824     2.530    aes_ctr_inst/controller_inst/reg_inst/aes_start
    SLICE_X42Y65         LUT6 (Prop_lut6_I4_O)        0.332     2.862 r  aes_ctr_inst/controller_inst/reg_inst/block_cnt[16]_i_4/O
                         net (fo=2, routed)           0.798     3.660    aes_ctr_inst/controller_inst/reg_inst/current_stata_reg[0]_0
    SLICE_X41Y65         LUT6 (Prop_lut6_I1_O)        0.124     3.784 r  aes_ctr_inst/controller_inst/reg_inst/block_cnt[16]_i_2/O
                         net (fo=17, routed)          1.064     4.848    aes_ctr_inst_n_9
    SLICE_X40Y60         FDRE                                         r  block_cnt_reg[3]/CE
  -------------------------------------------------------------------    -------------------

Slack:                    inf
  Source:                 FSM_sequential_state_reg[2]/C
                            (rising edge-triggered cell FDRE)
  Destination:            block_cnt_reg[4]/CE
  Path Group:             (none)
  Path Type:              Max at Slow Process Corner
  Data Path Delay:        4.848ns  (logic 1.064ns (21.947%)  route 3.784ns (78.053%))
  Logic Levels:           4  (FDRE=1 LUT3=1 LUT6=2)

    Location             Delay type                Incr(ns)  Path(ns)    Netlist Resource(s)
  -------------------------------------------------------------------    -------------------
    SLICE_X43Y66         FDRE                         0.000     0.000 r  FSM_sequential_state_reg[2]/C
    SLICE_X43Y66         FDRE (Prop_fdre_C_Q)         0.456     0.456 f  FSM_sequential_state_reg[2]/Q
                         net (fo=18, routed)          1.099     1.555    aes_ctr_inst/controller_inst/reg_inst/state[2]
    SLICE_X43Y65         LUT3 (Prop_lut3_I0_O)        0.152     1.707 r  aes_ctr_inst/controller_inst/reg_inst/aes_start_i_1/O
                         net (fo=3, routed)           0.824     2.530    aes_ctr_inst/controller_inst/reg_inst/aes_start
    SLICE_X42Y65         LUT6 (Prop_lut6_I4_O)        0.332     2.862 r  aes_ctr_inst/controller_inst/reg_inst/block_cnt[16]_i_4/O
                         net (fo=2, routed)           0.798     3.660    aes_ctr_inst/controller_inst/reg_inst/current_stata_reg[0]_0
    SLICE_X41Y65         LUT6 (Prop_lut6_I1_O)        0.124     3.784 r  aes_ctr_inst/controller_inst/reg_inst/block_cnt[16]_i_2/O
                         net (fo=17, routed)          1.064     4.848    aes_ctr_inst_n_9
    SLICE_X40Y60         FDRE                                         r  block_cnt_reg[4]/CE
  -------------------------------------------------------------------    -------------------

Slack:                    inf
  Source:                 FSM_sequential_state_reg[2]/C
                            (rising edge-triggered cell FDRE)
  Destination:            block_cnt_reg[5]/R
  Path Group:             (none)
  Path Type:              Max at Slow Process Corner
  Data Path Delay:        4.742ns  (logic 1.064ns (22.440%)  route 3.678ns (77.560%))
  Logic Levels:           4  (FDRE=1 LUT3=1 LUT6=2)

    Location             Delay type                Incr(ns)  Path(ns)    Netlist Resource(s)
  -------------------------------------------------------------------    -------------------
    SLICE_X43Y66         FDRE                         0.000     0.000 r  FSM_sequential_state_reg[2]/C
    SLICE_X43Y66         FDRE (Prop_fdre_C_Q)         0.456     0.456 f  FSM_sequential_state_reg[2]/Q
                         net (fo=18, routed)          1.099     1.555    aes_ctr_inst/controller_inst/reg_inst/state[2]
    SLICE_X43Y65         LUT3 (Prop_lut3_I0_O)        0.152     1.707 r  aes_ctr_inst/controller_inst/reg_inst/aes_start_i_1/O
                         net (fo=3, routed)           0.824     2.530    aes_ctr_inst/controller_inst/reg_inst/aes_start
    SLICE_X42Y65         LUT6 (Prop_lut6_I4_O)        0.332     2.862 r  aes_ctr_inst/controller_inst/reg_inst/block_cnt[16]_i_4/O
                         net (fo=2, routed)           0.800     3.662    trng_inst/block_cnt_reg[16]
    SLICE_X41Y65         LUT6 (Prop_lut6_I2_O)        0.124     3.786 r  trng_inst/block_cnt[16]_i_1/O
                         net (fo=17, routed)          0.955     4.742    trng_inst_n_2
    SLICE_X40Y61         FDRE                                         r  block_cnt_reg[5]/R
  -------------------------------------------------------------------    -------------------





Min Delay Paths
--------------------------------------------------------------------------------------
Slack:                    inf
  Source:                 block_rate_counter_reg[21]/C
                            (rising edge-triggered cell FDRE)
  Destination:            tx_count_data_reg[21]/D
  Path Group:             (none)
  Path Type:              Min at Fast Process Corner
  Data Path Delay:        0.204ns  (logic 0.141ns (69.074%)  route 0.063ns (30.926%))
  Logic Levels:           1  (FDRE=1)

    Location             Delay type                Incr(ns)  Path(ns)    Netlist Resource(s)
  -------------------------------------------------------------------    -------------------
    SLICE_X36Y68         FDRE                         0.000     0.000 r  block_rate_counter_reg[21]/C
    SLICE_X36Y68         FDRE (Prop_fdre_C_Q)         0.141     0.141 r  block_rate_counter_reg[21]/Q
                         net (fo=2, routed)           0.063     0.204    block_rate_counter_reg[21]
    SLICE_X37Y68         FDRE                                         r  tx_count_data_reg[21]/D
  -------------------------------------------------------------------    -------------------

Slack:                    inf
  Source:                 block_rate_counter_reg[13]/C
                            (rising edge-triggered cell FDRE)
  Destination:            tx_count_data_reg[13]/D
  Path Group:             (none)
  Path Type:              Min at Fast Process Corner
  Data Path Delay:        0.207ns  (logic 0.141ns (68.074%)  route 0.066ns (31.926%))
  Logic Levels:           1  (FDRE=1)

    Location             Delay type                Incr(ns)  Path(ns)    Netlist Resource(s)
  -------------------------------------------------------------------    -------------------
    SLICE_X36Y66         FDRE                         0.000     0.000 r  block_rate_counter_reg[13]/C
    SLICE_X36Y66         FDRE (Prop_fdre_C_Q)         0.141     0.141 r  block_rate_counter_reg[13]/Q
                         net (fo=2, routed)           0.066     0.207    block_rate_counter_reg[13]
    SLICE_X37Y66         FDRE                                         r  tx_count_data_reg[13]/D
  -------------------------------------------------------------------    -------------------

Slack:                    inf
  Source:                 uart_tx_data_reg[3]/C
                            (rising edge-triggered cell FDRE)
  Destination:            uart_inst/tx_reg_reg[3]/D
  Path Group:             (none)
  Path Type:              Min at Fast Process Corner
  Data Path Delay:        0.239ns  (logic 0.141ns (58.953%)  route 0.098ns (41.047%))
  Logic Levels:           1  (FDRE=1)

    Location             Delay type                Incr(ns)  Path(ns)    Netlist Resource(s)
  -------------------------------------------------------------------    -------------------
    SLICE_X37Y67         FDRE                         0.000     0.000 r  uart_tx_data_reg[3]/C
    SLICE_X37Y67         FDRE (Prop_fdre_C_Q)         0.141     0.141 r  uart_tx_data_reg[3]/Q
                         net (fo=1, routed)           0.098     0.239    uart_inst/Q[3]
    SLICE_X38Y67         FDRE                                         r  uart_inst/tx_reg_reg[3]/D
  -------------------------------------------------------------------    -------------------

Slack:                    inf
  Source:                 block_rate_counter_reg[1]/C
                            (rising edge-triggered cell FDRE)
  Destination:            tx_count_data_reg[1]/D
  Path Group:             (none)
  Path Type:              Min at Fast Process Corner
  Data Path Delay:        0.253ns  (logic 0.141ns (55.739%)  route 0.112ns (44.261%))
  Logic Levels:           1  (FDRE=1)

    Location             Delay type                Incr(ns)  Path(ns)    Netlist Resource(s)
  -------------------------------------------------------------------    -------------------
    SLICE_X36Y63         FDRE                         0.000     0.000 r  block_rate_counter_reg[1]/C
    SLICE_X36Y63         FDRE (Prop_fdre_C_Q)         0.141     0.141 r  block_rate_counter_reg[1]/Q
                         net (fo=2, routed)           0.112     0.253    block_rate_counter_reg[1]
    SLICE_X38Y64         FDRE                                         r  tx_count_data_reg[1]/D
  -------------------------------------------------------------------    -------------------

Slack:                    inf
  Source:                 block_rate_counter_reg[20]/C
                            (rising edge-triggered cell FDRE)
  Destination:            tx_count_data_reg[20]/D
  Path Group:             (none)
  Path Type:              Min at Fast Process Corner
  Data Path Delay:        0.259ns  (logic 0.141ns (54.519%)  route 0.118ns (45.481%))
  Logic Levels:           1  (FDRE=1)

    Location             Delay type                Incr(ns)  Path(ns)    Netlist Resource(s)
  -------------------------------------------------------------------    -------------------
    SLICE_X36Y68         FDRE                         0.000     0.000 r  block_rate_counter_reg[20]/C
    SLICE_X36Y68         FDRE (Prop_fdre_C_Q)         0.141     0.141 r  block_rate_counter_reg[20]/Q
                         net (fo=2, routed)           0.118     0.259    block_rate_counter_reg[20]
    SLICE_X37Y68         FDRE                                         r  tx_count_data_reg[20]/D
  -------------------------------------------------------------------    -------------------

Slack:                    inf
  Source:                 block_rate_counter_reg[24]/C
                            (rising edge-triggered cell FDRE)
  Destination:            tx_count_data_reg[24]/D
  Path Group:             (none)
  Path Type:              Min at Fast Process Corner
  Data Path Delay:        0.260ns  (logic 0.141ns (54.309%)  route 0.119ns (45.691%))
  Logic Levels:           1  (FDRE=1)

    Location             Delay type                Incr(ns)  Path(ns)    Netlist Resource(s)
  -------------------------------------------------------------------    -------------------
    SLICE_X36Y69         FDRE                         0.000     0.000 r  block_rate_counter_reg[24]/C
    SLICE_X36Y69         FDRE (Prop_fdre_C_Q)         0.141     0.141 r  block_rate_counter_reg[24]/Q
                         net (fo=2, routed)           0.119     0.260    block_rate_counter_reg[24]
    SLICE_X37Y69         FDRE                                         r  tx_count_data_reg[24]/D
  -------------------------------------------------------------------    -------------------

Slack:                    inf
  Source:                 block_rate_counter_reg[14]/C
                            (rising edge-triggered cell FDRE)
  Destination:            tx_count_data_reg[14]/D
  Path Group:             (none)
  Path Type:              Min at Fast Process Corner
  Data Path Delay:        0.260ns  (logic 0.141ns (54.247%)  route 0.119ns (45.753%))
  Logic Levels:           1  (FDRE=1)

    Location             Delay type                Incr(ns)  Path(ns)    Netlist Resource(s)
  -------------------------------------------------------------------    -------------------
    SLICE_X36Y66         FDRE                         0.000     0.000 r  block_rate_counter_reg[14]/C
    SLICE_X36Y66         FDRE (Prop_fdre_C_Q)         0.141     0.141 r  block_rate_counter_reg[14]/Q
                         net (fo=2, routed)           0.119     0.260    block_rate_counter_reg[14]
    SLICE_X37Y65         FDRE                                         r  tx_count_data_reg[14]/D
  -------------------------------------------------------------------    -------------------

Slack:                    inf
  Source:                 block_rate_counter_reg[10]/C
                            (rising edge-triggered cell FDRE)
  Destination:            tx_count_data_reg[10]/D
  Path Group:             (none)
  Path Type:              Min at Fast Process Corner
  Data Path Delay:        0.262ns  (logic 0.141ns (53.833%)  route 0.121ns (46.167%))
  Logic Levels:           1  (FDRE=1)

    Location             Delay type                Incr(ns)  Path(ns)    Netlist Resource(s)
  -------------------------------------------------------------------    -------------------
    SLICE_X36Y65         FDRE                         0.000     0.000 r  block_rate_counter_reg[10]/C
    SLICE_X36Y65         FDRE (Prop_fdre_C_Q)         0.141     0.141 r  block_rate_counter_reg[10]/Q
                         net (fo=2, routed)           0.121     0.262    block_rate_counter_reg[10]
    SLICE_X37Y66         FDRE                                         r  tx_count_data_reg[10]/D
  -------------------------------------------------------------------    -------------------

Slack:                    inf
  Source:                 block_rate_counter_reg[18]/C
                            (rising edge-triggered cell FDRE)
  Destination:            tx_count_data_reg[18]/D
  Path Group:             (none)
  Path Type:              Min at Fast Process Corner
  Data Path Delay:        0.265ns  (logic 0.141ns (53.257%)  route 0.124ns (46.743%))
  Logic Levels:           1  (FDRE=1)

    Location             Delay type                Incr(ns)  Path(ns)    Netlist Resource(s)
  -------------------------------------------------------------------    -------------------
    SLICE_X36Y67         FDRE                         0.000     0.000 r  block_rate_counter_reg[18]/C
    SLICE_X36Y67         FDRE (Prop_fdre_C_Q)         0.141     0.141 r  block_rate_counter_reg[18]/Q
                         net (fo=2, routed)           0.124     0.265    block_rate_counter_reg[18]
    SLICE_X37Y66         FDRE                                         r  tx_count_data_reg[18]/D
  -------------------------------------------------------------------    -------------------

Slack:                    inf
  Source:                 block_rate_counter_reg[16]/C
                            (rising edge-triggered cell FDRE)
  Destination:            tx_count_data_reg[16]/D
  Path Group:             (none)
  Path Type:              Min at Fast Process Corner
  Data Path Delay:        0.269ns  (logic 0.141ns (52.472%)  route 0.128ns (47.528%))
  Logic Levels:           1  (FDRE=1)

    Location             Delay type                Incr(ns)  Path(ns)    Netlist Resource(s)
  -------------------------------------------------------------------    -------------------
    SLICE_X36Y67         FDRE                         0.000     0.000 r  block_rate_counter_reg[16]/C
    SLICE_X36Y67         FDRE (Prop_fdre_C_Q)         0.141     0.141 r  block_rate_counter_reg[16]/Q
                         net (fo=2, routed)           0.128     0.269    block_rate_counter_reg[16]
    SLICE_X37Y66         FDRE                                         r  tx_count_data_reg[16]/D
  -------------------------------------------------------------------    -------------------





